Renesas Optimizing Linker (W3.03.00 )             11-Jul-2021 18:10:15

*** Options ***

-MAKEUD=DefaultBuild\RX64M_MyIOT.lk.ud
-subcommand=DefaultBuild\RX64M_MyIOT.clnk
-library=DefaultBuild\RX64M_MyIOT.lib
-input=DefaultBuild\r_cg_hardware_setup.obj
-input=DefaultBuild\r_smc_cgc.obj
-input=DefaultBuild\r_smc_cgc_user.obj
-input=DefaultBuild\r_smc_interrupt.obj
-input=DefaultBuild\hwsetup.obj
-input=DefaultBuild\dbsct.obj
-input=DefaultBuild\lowlvl.obj
-input=DefaultBuild\lowsrc.obj
-input=DefaultBuild\mcu_locks.obj
-input=DefaultBuild\resetprg.obj
-input=DefaultBuild\r_bsp_common.obj
-input=DefaultBuild\r_bsp_cpu.obj
-input=DefaultBuild\r_bsp_interrupts.obj
-input=DefaultBuild\r_bsp_locking.obj
-input=DefaultBuild\r_bsp_mcu_startup.obj
-input=DefaultBuild\r_bsp_software_interrupt.obj
-input=DefaultBuild\r_rx_intrinsic_functions.obj
-input=DefaultBuild\sbrk.obj
-input=DefaultBuild\mcu_clocks.obj
-input=DefaultBuild\mcu_init.obj
-input=DefaultBuild\mcu_interrupts.obj
-input=DefaultBuild\mcu_mapped_interrupts.obj
-input=DefaultBuild\vecttbl.obj
-input=DefaultBuild\Pin.obj
-input=DefaultBuild\ether_callback.obj
-input=DefaultBuild\t4_driver.obj
-input=DefaultBuild\timer.obj
-input=DefaultBuild\config_tcpudp.obj
-input=DefaultBuild\r_cmt_rx.obj
-input=DefaultBuild\r_ether_rx.obj
-input=DefaultBuild\phy.obj
-input=DefaultBuild\r_ether_setting_rx.obj
-input=DefaultBuild\r_dhcp_client.obj
-input=DefaultBuild\r_dns_client.obj
-input=DefaultBuild\r_byteq.obj
-input=DefaultBuild\EthernetProcess.obj
-input=DefaultBuild\globalVar.obj
-input=DefaultBuild\LEDprocess.obj
-input=DefaultBuild\RX64M_MyIOT.obj
-input=DefaultBuild\MyIOT_lib.obj
-input=DefaultBuild\r_irq_rx.obj
-input=DefaultBuild\r_irq_rx_user.obj
-library=src\r_t4_rx\lib\T4_Library_rxv1_ether_big.lib
-library=src\r_t4_rx\lib\T4_Library_rxv1_ether_little.lib
-library=src\r_t4_rx\lib\T4_Library_rxv2_ether_big.lib
-library=src\r_t4_rx\lib\T4_Library_rxv2_ether_little.lib
-library=src\r_t4_rx\lib\T4_Library_rxv1_ether_little.lib
-library=src\r_t4_rx\lib\T4_Library_rxv2_ether_little.lib
-noprelink
-output=DefaultBuild\RX64M_MyIOT.abs
-vect=_undefined_interrupt_source_isr
-list=DefaultBuild\RX64M_MyIOT.map
-show=symbol,total_size
-nooptimize
-start=SI,SU,B_1,R_1,B_2,R_2,B,R/00000020,B_ETHERNET_BUFFERS_1,B_RX_DESC_1,B_TX_DESC_1/00030000,PResetPRG/0FFC00000,C_1,C_2,C,C$DSEC,C$BSEC,C$INIT,C$VTBL,C$VECT,D_1,D_2,D,P,PIntPRG,W_1,W_2,W,L/0FFC00100,EXCEPTVECT/0FFFFFF80,RESETVECT/0FFFFFFFC
-rom=D=R,D_1=R_1,D_2=R_2
-stack
-nologo
-end

*** Error information ***

W0561010:Duplicate file specified in option "library" : "src\r_t4_rx\lib\T4_Library_rxv1_ether_little.lib"
W0561010:Duplicate file specified in option "library" : "src\r_t4_rx\lib\T4_Library_rxv2_ether_little.lib"
W0561320:Duplicate symbol "__ether_proc_rcv" in "src\r_t4_rx\lib\T4_Library_rxv1_ether_big.lib(ether)"
W0561320:Duplicate symbol "__ether_proc_rcv" in "src\r_t4_rx\lib\T4_Library_rxv1_ether_little.lib(ether)"
W0561320:Duplicate symbol "__ether_rcv_arp" in "src\r_t4_rx\lib\T4_Library_rxv1_ether_big.lib(ether)"
W0561320:Duplicate symbol "__ether_rcv_arp" in "src\r_t4_rx\lib\T4_Library_rxv1_ether_little.lib(ether)"
W0561320:Duplicate symbol "__ether_arp_resolve" in "src\r_t4_rx\lib\T4_Library_rxv1_ether_big.lib(ether)"
W0561320:Duplicate symbol "__ether_arp_resolve" in "src\r_t4_rx\lib\T4_Library_rxv1_ether_little.lib(ether)"
W0561320:Duplicate symbol "__ether_snd_arp" in "src\r_t4_rx\lib\T4_Library_rxv1_ether_big.lib(ether)"
W0561320:Duplicate symbol "__ether_snd_arp" in "src\r_t4_rx\lib\T4_Library_rxv1_ether_little.lib(ether)"
W0561320:Duplicate symbol "__ether_snd_ip" in "src\r_t4_rx\lib\T4_Library_rxv1_ether_big.lib(ether)"
W0561320:Duplicate symbol "__ether_snd_ip" in "src\r_t4_rx\lib\T4_Library_rxv1_ether_little.lib(ether)"
W0561320:Duplicate symbol "__ether_snd" in "src\r_t4_rx\lib\T4_Library_rxv1_ether_big.lib(ether)"
W0561320:Duplicate symbol "__ether_snd" in "src\r_t4_rx\lib\T4_Library_rxv1_ether_little.lib(ether)"
W0561320:Duplicate symbol "__ether_arp_add" in "src\r_t4_rx\lib\T4_Library_rxv1_ether_big.lib(ether)"
W0561320:Duplicate symbol "__ether_arp_add" in "src\r_t4_rx\lib\T4_Library_rxv1_ether_little.lib(ether)"
W0561320:Duplicate symbol "__ether_arp_del" in "src\r_t4_rx\lib\T4_Library_rxv1_ether_big.lib(ether)"
W0561320:Duplicate symbol "__ether_arp_del" in "src\r_t4_rx\lib\T4_Library_rxv1_ether_little.lib(ether)"
W0561320:Duplicate symbol "__ether_arp_init" in "src\r_t4_rx\lib\T4_Library_rxv1_ether_big.lib(ether)"
W0561320:Duplicate symbol "__ether_arp_init" in "src\r_t4_rx\lib\T4_Library_rxv1_ether_little.lib(ether)"
W0561320:Duplicate symbol "__ether_p_rcv_buff" in "src\r_t4_rx\lib\T4_Library_rxv1_ether_big.lib(ether)"
W0561320:Duplicate symbol "__ether_p_rcv_buff" in "src\r_t4_rx\lib\T4_Library_rxv1_ether_little.lib(ether)"
W0561320:Duplicate symbol "__ip_rcv_hdr" in "src\r_t4_rx\lib\T4_Library_rxv1_ether_big.lib(ip)"
W0561320:Duplicate symbol "__ip_rcv_hdr" in "src\r_t4_rx\lib\T4_Library_rxv1_ether_little.lib(ip)"
W0561320:Duplicate symbol "__ip_snd" in "src\r_t4_rx\lib\T4_Library_rxv1_ether_big.lib(ip)"
W0561320:Duplicate symbol "__ip_snd" in "src\r_t4_rx\lib\T4_Library_rxv1_ether_little.lib(ip)"
W0561320:Duplicate symbol "__ip_snd_icmp" in "src\r_t4_rx\lib\T4_Library_rxv1_ether_big.lib(ip)"
W0561320:Duplicate symbol "__ip_snd_icmp" in "src\r_t4_rx\lib\T4_Library_rxv1_ether_little.lib(ip)"
W0561320:Duplicate symbol "__ip_check_ipadd_proto" in "src\r_t4_rx\lib\T4_Library_rxv1_ether_big.lib(ip)"
W0561320:Duplicate symbol "__ip_check_ipadd_proto" in "src\r_t4_rx\lib\T4_Library_rxv1_ether_little.lib(ip)"
W0561320:Duplicate symbol "__ip_check_multicast" in "src\r_t4_rx\lib\T4_Library_rxv1_ether_big.lib(ip)"
W0561320:Duplicate symbol "__ip_check_multicast" in "src\r_t4_rx\lib\T4_Library_rxv1_ether_little.lib(ip)"
W0561320:Duplicate symbol "__ip_check_broadcast" in "src\r_t4_rx\lib\T4_Library_rxv1_ether_big.lib(ip)"
W0561320:Duplicate symbol "__ip_check_broadcast" in "src\r_t4_rx\lib\T4_Library_rxv1_ether_little.lib(ip)"
W0561320:Duplicate symbol "_data_link_buf_ptr" in "src\r_t4_rx\lib\T4_Library_rxv1_ether_big.lib(ip)"
W0561320:Duplicate symbol "_data_link_buf_ptr" in "src\r_t4_rx\lib\T4_Library_rxv1_ether_little.lib(ip)"
W0561320:Duplicate symbol "__ch_info_tbl" in "src\r_t4_rx\lib\T4_Library_rxv1_ether_big.lib(ip)"
W0561320:Duplicate symbol "__ch_info_tbl" in "src\r_t4_rx\lib\T4_Library_rxv1_ether_little.lib(ip)"
W0561320:Duplicate symbol "__ch_info_head" in "src\r_t4_rx\lib\T4_Library_rxv1_ether_big.lib(ip)"
W0561320:Duplicate symbol "__ch_info_head" in "src\r_t4_rx\lib\T4_Library_rxv1_ether_little.lib(ip)"
W0561320:Duplicate symbol "_R_t4_version" in "src\r_t4_rx\lib\T4_Library_rxv1_ether_big.lib(T4_Version)"
W0561320:Duplicate symbol "_R_t4_version" in "src\r_t4_rx\lib\T4_Library_rxv1_ether_little.lib(T4_Version)"
W0561320:Duplicate symbol "_net2hl_yn_xn" in "src\r_t4_rx\lib\T4_Library_rxv1_ether_big.lib(tcp)"
W0561320:Duplicate symbol "_net2hl_yn_xn" in "src\r_t4_rx\lib\T4_Library_rxv1_ether_little.lib(tcp)"
W0561320:Duplicate symbol "__tcp_init_tcb" in "src\r_t4_rx\lib\T4_Library_rxv1_ether_big.lib(tcp)"
W0561320:Duplicate symbol "__tcp_init_tcb" in "src\r_t4_rx\lib\T4_Library_rxv1_ether_little.lib(tcp)"
W0561320:Duplicate symbol "__process_tcpip" in "src\r_t4_rx\lib\T4_Library_rxv1_ether_big.lib(tcp)"
W0561320:Duplicate symbol "__process_tcpip" in "src\r_t4_rx\lib\T4_Library_rxv1_ether_little.lib(tcp)"
W0561320:Duplicate symbol "__proc_api" in "src\r_t4_rx\lib\T4_Library_rxv1_ether_big.lib(tcp)"
W0561320:Duplicate symbol "__proc_api" in "src\r_t4_rx\lib\T4_Library_rxv1_ether_little.lib(tcp)"
W0561320:Duplicate symbol "__tcp_api_acpt" in "src\r_t4_rx\lib\T4_Library_rxv1_ether_big.lib(tcp)"
W0561320:Duplicate symbol "__tcp_api_acpt" in "src\r_t4_rx\lib\T4_Library_rxv1_ether_little.lib(tcp)"
W0561320:Duplicate symbol "__tcp_api_con" in "src\r_t4_rx\lib\T4_Library_rxv1_ether_big.lib(tcp)"
W0561320:Duplicate symbol "__tcp_api_con" in "src\r_t4_rx\lib\T4_Library_rxv1_ether_little.lib(tcp)"
W0561320:Duplicate symbol "__tcp_api_sht_cls" in "src\r_t4_rx\lib\T4_Library_rxv1_ether_big.lib(tcp)"
W0561320:Duplicate symbol "__tcp_api_sht_cls" in "src\r_t4_rx\lib\T4_Library_rxv1_ether_little.lib(tcp)"
W0561320:Duplicate symbol "__tcp_api_snddt" in "src\r_t4_rx\lib\T4_Library_rxv1_ether_big.lib(tcp)"
W0561320:Duplicate symbol "__tcp_api_snddt" in "src\r_t4_rx\lib\T4_Library_rxv1_ether_little.lib(tcp)"
W0561320:Duplicate symbol "__tcp_api_rcvdt" in "src\r_t4_rx\lib\T4_Library_rxv1_ether_big.lib(tcp)"
W0561320:Duplicate symbol "__tcp_api_rcvdt" in "src\r_t4_rx\lib\T4_Library_rxv1_ether_little.lib(tcp)"
W0561320:Duplicate symbol "__tcp_cpy_rwdat" in "src\r_t4_rx\lib\T4_Library_rxv1_ether_big.lib(tcp)"
W0561320:Duplicate symbol "__tcp_cpy_rwdat" in "src\r_t4_rx\lib\T4_Library_rxv1_ether_little.lib(tcp)"
W0561320:Duplicate symbol "__proc_rcv" in "src\r_t4_rx\lib\T4_Library_rxv1_ether_big.lib(tcp)"
W0561320:Duplicate symbol "__proc_rcv" in "src\r_t4_rx\lib\T4_Library_rxv1_ether_little.lib(tcp)"
W0561320:Duplicate symbol "__tcp_stat" in "src\r_t4_rx\lib\T4_Library_rxv1_ether_big.lib(tcp)"
W0561320:Duplicate symbol "__tcp_stat" in "src\r_t4_rx\lib\T4_Library_rxv1_ether_little.lib(tcp)"
W0561320:Duplicate symbol "__tcp_rcv_rst" in "src\r_t4_rx\lib\T4_Library_rxv1_ether_big.lib(tcp)"
W0561320:Duplicate symbol "__tcp_rcv_rst" in "src\r_t4_rx\lib\T4_Library_rxv1_ether_little.lib(tcp)"
W0561320:Duplicate symbol "__tcp_rcv_syn" in "src\r_t4_rx\lib\T4_Library_rxv1_ether_big.lib(tcp)"
W0561320:Duplicate symbol "__tcp_rcv_syn" in "src\r_t4_rx\lib\T4_Library_rxv1_ether_little.lib(tcp)"
W0561320:Duplicate symbol "__tcp_rcv_ack" in "src\r_t4_rx\lib\T4_Library_rxv1_ether_big.lib(tcp)"
W0561320:Duplicate symbol "__tcp_rcv_ack" in "src\r_t4_rx\lib\T4_Library_rxv1_ether_little.lib(tcp)"
W0561320:Duplicate symbol "__tcp_rcv_opt" in "src\r_t4_rx\lib\T4_Library_rxv1_ether_big.lib(tcp)"
W0561320:Duplicate symbol "__tcp_rcv_opt" in "src\r_t4_rx\lib\T4_Library_rxv1_ether_little.lib(tcp)"
W0561320:Duplicate symbol "__tcp_proc_data" in "src\r_t4_rx\lib\T4_Library_rxv1_ether_big.lib(tcp)"
W0561320:Duplicate symbol "__tcp_proc_data" in "src\r_t4_rx\lib\T4_Library_rxv1_ether_little.lib(tcp)"
W0561320:Duplicate symbol "__tcp_rcv_fin" in "src\r_t4_rx\lib\T4_Library_rxv1_ether_big.lib(tcp)"
W0561320:Duplicate symbol "__tcp_rcv_fin" in "src\r_t4_rx\lib\T4_Library_rxv1_ether_little.lib(tcp)"
W0561320:Duplicate symbol "__tcp_swin_updt" in "src\r_t4_rx\lib\T4_Library_rxv1_ether_big.lib(tcp)"
W0561320:Duplicate symbol "__tcp_swin_updt" in "src\r_t4_rx\lib\T4_Library_rxv1_ether_little.lib(tcp)"
W0561320:Duplicate symbol "__proc_snd" in "src\r_t4_rx\lib\T4_Library_rxv1_ether_big.lib(tcp)"
W0561320:Duplicate symbol "__proc_snd" in "src\r_t4_rx\lib\T4_Library_rxv1_ether_little.lib(tcp)"
W0561320:Duplicate symbol "__tcp_snd" in "src\r_t4_rx\lib\T4_Library_rxv1_ether_big.lib(tcp)"
W0561320:Duplicate symbol "__tcp_snd" in "src\r_t4_rx\lib\T4_Library_rxv1_ether_little.lib(tcp)"
W0561320:Duplicate symbol "__tcp_cancel_api" in "src\r_t4_rx\lib\T4_Library_rxv1_ether_big.lib(tcp)"
W0561320:Duplicate symbol "__tcp_cancel_api" in "src\r_t4_rx\lib\T4_Library_rxv1_ether_little.lib(tcp)"
W0561320:Duplicate symbol "__tcp_clr_rtq" in "src\r_t4_rx\lib\T4_Library_rxv1_ether_big.lib(tcp)"
W0561320:Duplicate symbol "__tcp_clr_rtq" in "src\r_t4_rx\lib\T4_Library_rxv1_ether_little.lib(tcp)"
W0561320:Duplicate symbol "__tcp_return_listen" in "src\r_t4_rx\lib\T4_Library_rxv1_ether_big.lib(tcp)"
W0561320:Duplicate symbol "__tcp_return_listen" in "src\r_t4_rx\lib\T4_Library_rxv1_ether_little.lib(tcp)"
W0561320:Duplicate symbol "__tcp_api_wup" in "src\r_t4_rx\lib\T4_Library_rxv1_ether_big.lib(tcp)"
W0561320:Duplicate symbol "__tcp_api_wup" in "src\r_t4_rx\lib\T4_Library_rxv1_ether_little.lib(tcp)"
W0561320:Duplicate symbol "__tcp_check_cepid_arg" in "src\r_t4_rx\lib\T4_Library_rxv1_ether_big.lib(tcp)"
W0561320:Duplicate symbol "__tcp_check_cepid_arg" in "src\r_t4_rx\lib\T4_Library_rxv1_ether_little.lib(tcp)"
W0561320:Duplicate symbol "__tcp_check_len_arg" in "src\r_t4_rx\lib\T4_Library_rxv1_ether_big.lib(tcp)"
W0561320:Duplicate symbol "__tcp_check_len_arg" in "src\r_t4_rx\lib\T4_Library_rxv1_ether_little.lib(tcp)"
W0561320:Duplicate symbol "__tcp_check_tmout_arg" in "src\r_t4_rx\lib\T4_Library_rxv1_ether_big.lib(tcp)"
W0561320:Duplicate symbol "__tcp_check_tmout_arg" in "src\r_t4_rx\lib\T4_Library_rxv1_ether_little.lib(tcp)"
W0561320:Duplicate symbol "__tcp_is_tcb_queue_over" in "src\r_t4_rx\lib\T4_Library_rxv1_ether_big.lib(tcp)"
W0561320:Duplicate symbol "__tcp_is_tcb_queue_over" in "src\r_t4_rx\lib\T4_Library_rxv1_ether_little.lib(tcp)"
W0561320:Duplicate symbol "__tcp_call_callback" in "src\r_t4_rx\lib\T4_Library_rxv1_ether_big.lib(tcp)"
W0561320:Duplicate symbol "__tcp_call_callback" in "src\r_t4_rx\lib\T4_Library_rxv1_ether_little.lib(tcp)"
W0561320:Duplicate symbol "__tcp_api_type_to_fn" in "src\r_t4_rx\lib\T4_Library_rxv1_ether_big.lib(tcp)"
W0561320:Duplicate symbol "__tcp_api_type_to_fn" in "src\r_t4_rx\lib\T4_Library_rxv1_ether_little.lib(tcp)"
W0561320:Duplicate symbol "__tcp_recv_polling" in "src\r_t4_rx\lib\T4_Library_rxv1_ether_big.lib(tcp)"
W0561320:Duplicate symbol "__tcp_recv_polling" in "src\r_t4_rx\lib\T4_Library_rxv1_ether_little.lib(tcp)"
W0561320:Duplicate symbol "__tcp_init_callback_info" in "src\r_t4_rx\lib\T4_Library_rxv1_ether_big.lib(tcp)"
W0561320:Duplicate symbol "__tcp_init_callback_info" in "src\r_t4_rx\lib\T4_Library_rxv1_ether_little.lib(tcp)"
W0561320:Duplicate symbol "__tcp_tcb" in "src\r_t4_rx\lib\T4_Library_rxv1_ether_big.lib(tcp)"
W0561320:Duplicate symbol "__tcp_tcb" in "src\r_t4_rx\lib\T4_Library_rxv1_ether_little.lib(tcp)"
W0561320:Duplicate symbol "_head_tcb" in "src\r_t4_rx\lib\T4_Library_rxv1_ether_big.lib(tcp)"
W0561320:Duplicate symbol "_head_tcb" in "src\r_t4_rx\lib\T4_Library_rxv1_ether_little.lib(tcp)"
W0561320:Duplicate symbol "__tx_hdr" in "src\r_t4_rx\lib\T4_Library_rxv1_ether_big.lib(tcp)"
W0561320:Duplicate symbol "__tx_hdr" in "src\r_t4_rx\lib\T4_Library_rxv1_ether_little.lib(tcp)"
W0561320:Duplicate symbol "__tcp_timer_cnt" in "src\r_t4_rx\lib\T4_Library_rxv1_ether_big.lib(tcp)"
W0561320:Duplicate symbol "__tcp_timer_cnt" in "src\r_t4_rx\lib\T4_Library_rxv1_ether_little.lib(tcp)"
W0561320:Duplicate symbol "__tcp_pre_timer_cnt" in "src\r_t4_rx\lib\T4_Library_rxv1_ether_big.lib(tcp)"
W0561320:Duplicate symbol "__tcp_pre_timer_cnt" in "src\r_t4_rx\lib\T4_Library_rxv1_ether_little.lib(tcp)"
W0561320:Duplicate symbol "_tcpudp_open" in "src\r_t4_rx\lib\T4_Library_rxv1_ether_big.lib(tcp_api)"
W0561320:Duplicate symbol "_tcpudp_open" in "src\r_t4_rx\lib\T4_Library_rxv1_ether_little.lib(tcp_api)"
W0561320:Duplicate symbol "_tcpudp_close" in "src\r_t4_rx\lib\T4_Library_rxv1_ether_big.lib(tcp_api)"
W0561320:Duplicate symbol "_tcpudp_close" in "src\r_t4_rx\lib\T4_Library_rxv1_ether_little.lib(tcp_api)"
W0561320:Duplicate symbol "__getRAMsize_sub" in "src\r_t4_rx\lib\T4_Library_rxv1_ether_big.lib(tcp_api)"
W0561320:Duplicate symbol "__getRAMsize_sub" in "src\r_t4_rx\lib\T4_Library_rxv1_ether_little.lib(tcp_api)"
W0561320:Duplicate symbol "__getTcpRAMsize" in "src\r_t4_rx\lib\T4_Library_rxv1_ether_big.lib(tcp_api)"
W0561320:Duplicate symbol "__getTcpRAMsize" in "src\r_t4_rx\lib\T4_Library_rxv1_ether_little.lib(tcp_api)"
W0561320:Duplicate symbol "__getUdpRAMsize" in "src\r_t4_rx\lib\T4_Library_rxv1_ether_big.lib(tcp_api)"
W0561320:Duplicate symbol "__getUdpRAMsize" in "src\r_t4_rx\lib\T4_Library_rxv1_ether_little.lib(tcp_api)"
W0561320:Duplicate symbol "__getIpRAMsize" in "src\r_t4_rx\lib\T4_Library_rxv1_ether_big.lib(tcp_api)"
W0561320:Duplicate symbol "__getIpRAMsize" in "src\r_t4_rx\lib\T4_Library_rxv1_ether_little.lib(tcp_api)"
W0561320:Duplicate symbol "__getTblRAMsize" in "src\r_t4_rx\lib\T4_Library_rxv1_ether_big.lib(tcp_api)"
W0561320:Duplicate symbol "__getTblRAMsize" in "src\r_t4_rx\lib\T4_Library_rxv1_ether_little.lib(tcp_api)"
W0561320:Duplicate symbol "_tcpudp_get_ramsize" in "src\r_t4_rx\lib\T4_Library_rxv1_ether_big.lib(tcp_api)"
W0561320:Duplicate symbol "_tcpudp_get_ramsize" in "src\r_t4_rx\lib\T4_Library_rxv1_ether_little.lib(tcp_api)"
W0561320:Duplicate symbol "_tcp_acp_cep" in "src\r_t4_rx\lib\T4_Library_rxv1_ether_big.lib(tcp_api)"
W0561320:Duplicate symbol "_tcp_acp_cep" in "src\r_t4_rx\lib\T4_Library_rxv1_ether_little.lib(tcp_api)"
W0561320:Duplicate symbol "_tcp_con_cep" in "src\r_t4_rx\lib\T4_Library_rxv1_ether_big.lib(tcp_api)"
W0561320:Duplicate symbol "_tcp_con_cep" in "src\r_t4_rx\lib\T4_Library_rxv1_ether_little.lib(tcp_api)"
W0561320:Duplicate symbol "_tcp_sht_cep" in "src\r_t4_rx\lib\T4_Library_rxv1_ether_big.lib(tcp_api)"
W0561320:Duplicate symbol "_tcp_sht_cep" in "src\r_t4_rx\lib\T4_Library_rxv1_ether_little.lib(tcp_api)"
W0561320:Duplicate symbol "_tcp_cls_cep" in "src\r_t4_rx\lib\T4_Library_rxv1_ether_big.lib(tcp_api)"
W0561320:Duplicate symbol "_tcp_cls_cep" in "src\r_t4_rx\lib\T4_Library_rxv1_ether_little.lib(tcp_api)"
W0561320:Duplicate symbol "_tcp_snd_dat" in "src\r_t4_rx\lib\T4_Library_rxv1_ether_big.lib(tcp_api)"
W0561320:Duplicate symbol "_tcp_snd_dat" in "src\r_t4_rx\lib\T4_Library_rxv1_ether_little.lib(tcp_api)"
W0561320:Duplicate symbol "_tcp_rcv_dat" in "src\r_t4_rx\lib\T4_Library_rxv1_ether_big.lib(tcp_api)"
W0561320:Duplicate symbol "_tcp_rcv_dat" in "src\r_t4_rx\lib\T4_Library_rxv1_ether_little.lib(tcp_api)"
W0561320:Duplicate symbol "_tcp_can_cep" in "src\r_t4_rx\lib\T4_Library_rxv1_ether_big.lib(tcp_api)"
W0561320:Duplicate symbol "_tcp_can_cep" in "src\r_t4_rx\lib\T4_Library_rxv1_ether_little.lib(tcp_api)"
W0561320:Duplicate symbol "__tcp_api_req" in "src\r_t4_rx\lib\T4_Library_rxv1_ether_big.lib(tcp_api)"
W0561320:Duplicate symbol "__tcp_api_req" in "src\r_t4_rx\lib\T4_Library_rxv1_ether_little.lib(tcp_api)"
W0561320:Duplicate symbol "__tcp_api_slp" in "src\r_t4_rx\lib\T4_Library_rxv1_ether_big.lib(tcp_api)"
W0561320:Duplicate symbol "__tcp_api_slp" in "src\r_t4_rx\lib\T4_Library_rxv1_ether_little.lib(tcp_api)"
W0561320:Duplicate symbol "__tcp_clr_req" in "src\r_t4_rx\lib\T4_Library_rxv1_ether_big.lib(tcp_api)"
W0561320:Duplicate symbol "__tcp_clr_req" in "src\r_t4_rx\lib\T4_Library_rxv1_ether_little.lib(tcp_api)"
W0561320:Duplicate symbol "_tcp_read_stat" in "src\r_t4_rx\lib\T4_Library_rxv1_ether_big.lib(tcp_api)"
W0561320:Duplicate symbol "_tcp_read_stat" in "src\r_t4_rx\lib\T4_Library_rxv1_ether_little.lib(tcp_api)"
W0561320:Duplicate symbol "_tcp_force_clr" in "src\r_t4_rx\lib\T4_Library_rxv1_ether_big.lib(tcp_api)"
W0561320:Duplicate symbol "_tcp_force_clr" in "src\r_t4_rx\lib\T4_Library_rxv1_ether_little.lib(tcp_api)"
W0561320:Duplicate symbol "_udp_force_clr" in "src\r_t4_rx\lib\T4_Library_rxv1_ether_big.lib(tcp_api)"
W0561320:Duplicate symbol "_udp_force_clr" in "src\r_t4_rx\lib\T4_Library_rxv1_ether_little.lib(tcp_api)"
W0561320:Duplicate symbol "_tcp_set_mss" in "src\r_t4_rx\lib\T4_Library_rxv1_ether_big.lib(tcp_api)"
W0561320:Duplicate symbol "_tcp_set_mss" in "src\r_t4_rx\lib\T4_Library_rxv1_ether_little.lib(tcp_api)"
W0561320:Duplicate symbol "__ether_arp_tbl" in "src\r_t4_rx\lib\T4_Library_rxv1_ether_big.lib(tcp_api)"
W0561320:Duplicate symbol "__ether_arp_tbl" in "src\r_t4_rx\lib\T4_Library_rxv1_ether_little.lib(tcp_api)"
W0561320:Duplicate symbol "_udp_rcv_dat" in "src\r_t4_rx\lib\T4_Library_rxv1_ether_big.lib(udp)"
W0561320:Duplicate symbol "_udp_rcv_dat" in "src\r_t4_rx\lib\T4_Library_rxv1_ether_little.lib(udp)"
W0561320:Duplicate symbol "_udp_snd_dat" in "src\r_t4_rx\lib\T4_Library_rxv1_ether_big.lib(udp)"
W0561320:Duplicate symbol "_udp_snd_dat" in "src\r_t4_rx\lib\T4_Library_rxv1_ether_little.lib(udp)"
W0561320:Duplicate symbol "_udp_can_cep" in "src\r_t4_rx\lib\T4_Library_rxv1_ether_big.lib(udp)"
W0561320:Duplicate symbol "_udp_can_cep" in "src\r_t4_rx\lib\T4_Library_rxv1_ether_little.lib(udp)"
W0561320:Duplicate symbol "__udp_rcv" in "src\r_t4_rx\lib\T4_Library_rxv1_ether_big.lib(udp)"
W0561320:Duplicate symbol "__udp_rcv" in "src\r_t4_rx\lib\T4_Library_rxv1_ether_little.lib(udp)"
W0561320:Duplicate symbol "__udp_rcv_sub" in "src\r_t4_rx\lib\T4_Library_rxv1_ether_big.lib(udp)"
W0561320:Duplicate symbol "__udp_rcv_sub" in "src\r_t4_rx\lib\T4_Library_rxv1_ether_little.lib(udp)"
W0561320:Duplicate symbol "__udp_snd" in "src\r_t4_rx\lib\T4_Library_rxv1_ether_big.lib(udp)"
W0561320:Duplicate symbol "__udp_snd" in "src\r_t4_rx\lib\T4_Library_rxv1_ether_little.lib(udp)"
W0561320:Duplicate symbol "__udp_api_slp" in "src\r_t4_rx\lib\T4_Library_rxv1_ether_big.lib(udp)"
W0561320:Duplicate symbol "__udp_api_slp" in "src\r_t4_rx\lib\T4_Library_rxv1_ether_little.lib(udp)"
W0561320:Duplicate symbol "__udp_api_wup" in "src\r_t4_rx\lib\T4_Library_rxv1_ether_big.lib(udp)"
W0561320:Duplicate symbol "__udp_api_wup" in "src\r_t4_rx\lib\T4_Library_rxv1_ether_little.lib(udp)"
W0561320:Duplicate symbol "__proc_udp_api" in "src\r_t4_rx\lib\T4_Library_rxv1_ether_big.lib(udp)"
W0561320:Duplicate symbol "__proc_udp_api" in "src\r_t4_rx\lib\T4_Library_rxv1_ether_little.lib(udp)"
W0561320:Duplicate symbol "__udp_init" in "src\r_t4_rx\lib\T4_Library_rxv1_ether_big.lib(udp)"
W0561320:Duplicate symbol "__udp_init" in "src\r_t4_rx\lib\T4_Library_rxv1_ether_little.lib(udp)"
W0561320:Duplicate symbol "__udp_api_tmout" in "src\r_t4_rx\lib\T4_Library_rxv1_ether_big.lib(udp)"
W0561320:Duplicate symbol "__udp_api_tmout" in "src\r_t4_rx\lib\T4_Library_rxv1_ether_little.lib(udp)"
W0561320:Duplicate symbol "__tcpudp_cksum" in "src\r_t4_rx\lib\T4_Library_rxv1_ether_big.lib(udp)"
W0561320:Duplicate symbol "__tcpudp_cksum" in "src\r_t4_rx\lib\T4_Library_rxv1_ether_little.lib(udp)"
W0561320:Duplicate symbol "__udp_api_type_to_fn" in "src\r_t4_rx\lib\T4_Library_rxv1_ether_big.lib(udp)"
W0561320:Duplicate symbol "__udp_api_type_to_fn" in "src\r_t4_rx\lib\T4_Library_rxv1_ether_little.lib(udp)"
W0561320:Duplicate symbol "__udp_check_cepid_arg" in "src\r_t4_rx\lib\T4_Library_rxv1_ether_big.lib(udp)"
W0561320:Duplicate symbol "__udp_check_cepid_arg" in "src\r_t4_rx\lib\T4_Library_rxv1_ether_little.lib(udp)"
W0561320:Duplicate symbol "__udp_check_len_arg" in "src\r_t4_rx\lib\T4_Library_rxv1_ether_big.lib(udp)"
W0561320:Duplicate symbol "__udp_check_len_arg" in "src\r_t4_rx\lib\T4_Library_rxv1_ether_little.lib(udp)"
W0561320:Duplicate symbol "__udp_cb" in "src\r_t4_rx\lib\T4_Library_rxv1_ether_big.lib(udp)"
W0561320:Duplicate symbol "__udp_cb" in "src\r_t4_rx\lib\T4_Library_rxv1_ether_little.lib(udp)"
W0561320:Duplicate symbol "__cksum" in "src\r_t4_rx\lib\T4_Library_rxv1_ether_big.lib(cksum_rx_little)"
W0561320:Duplicate symbol "__cksum" in "src\r_t4_rx\lib\T4_Library_rxv1_ether_little.lib(cksum_rx_little)"
W0561320:Duplicate symbol "__ether_proc_rcv" in "src\r_t4_rx\lib\T4_Library_rxv2_ether_big.lib(ether)"
W0561320:Duplicate symbol "__ether_rcv_arp" in "src\r_t4_rx\lib\T4_Library_rxv2_ether_big.lib(ether)"
W0561320:Duplicate symbol "__ether_arp_resolve" in "src\r_t4_rx\lib\T4_Library_rxv2_ether_big.lib(ether)"
W0561320:Duplicate symbol "__ether_snd_arp" in "src\r_t4_rx\lib\T4_Library_rxv2_ether_big.lib(ether)"
W0561320:Duplicate symbol "__ether_snd_ip" in "src\r_t4_rx\lib\T4_Library_rxv2_ether_big.lib(ether)"
W0561320:Duplicate symbol "__ether_snd" in "src\r_t4_rx\lib\T4_Library_rxv2_ether_big.lib(ether)"
W0561320:Duplicate symbol "__ether_arp_add" in "src\r_t4_rx\lib\T4_Library_rxv2_ether_big.lib(ether)"
W0561320:Duplicate symbol "__ether_arp_del" in "src\r_t4_rx\lib\T4_Library_rxv2_ether_big.lib(ether)"
W0561320:Duplicate symbol "__ether_arp_init" in "src\r_t4_rx\lib\T4_Library_rxv2_ether_big.lib(ether)"
W0561320:Duplicate symbol "__ether_p_rcv_buff" in "src\r_t4_rx\lib\T4_Library_rxv2_ether_big.lib(ether)"
W0561320:Duplicate symbol "__ip_rcv_hdr" in "src\r_t4_rx\lib\T4_Library_rxv2_ether_big.lib(ip)"
W0561320:Duplicate symbol "__ip_snd" in "src\r_t4_rx\lib\T4_Library_rxv2_ether_big.lib(ip)"
W0561320:Duplicate symbol "__ip_snd_icmp" in "src\r_t4_rx\lib\T4_Library_rxv2_ether_big.lib(ip)"
W0561320:Duplicate symbol "__ip_check_ipadd_proto" in "src\r_t4_rx\lib\T4_Library_rxv2_ether_big.lib(ip)"
W0561320:Duplicate symbol "__ip_check_multicast" in "src\r_t4_rx\lib\T4_Library_rxv2_ether_big.lib(ip)"
W0561320:Duplicate symbol "__ip_check_broadcast" in "src\r_t4_rx\lib\T4_Library_rxv2_ether_big.lib(ip)"
W0561320:Duplicate symbol "_data_link_buf_ptr" in "src\r_t4_rx\lib\T4_Library_rxv2_ether_big.lib(ip)"
W0561320:Duplicate symbol "__ch_info_tbl" in "src\r_t4_rx\lib\T4_Library_rxv2_ether_big.lib(ip)"
W0561320:Duplicate symbol "__ch_info_head" in "src\r_t4_rx\lib\T4_Library_rxv2_ether_big.lib(ip)"
W0561320:Duplicate symbol "_R_t4_version" in "src\r_t4_rx\lib\T4_Library_rxv2_ether_big.lib(T4_Version)"
W0561320:Duplicate symbol "_net2hl_yn_xn" in "src\r_t4_rx\lib\T4_Library_rxv2_ether_big.lib(tcp)"
W0561320:Duplicate symbol "__tcp_init_tcb" in "src\r_t4_rx\lib\T4_Library_rxv2_ether_big.lib(tcp)"
W0561320:Duplicate symbol "__process_tcpip" in "src\r_t4_rx\lib\T4_Library_rxv2_ether_big.lib(tcp)"
W0561320:Duplicate symbol "__proc_api" in "src\r_t4_rx\lib\T4_Library_rxv2_ether_big.lib(tcp)"
W0561320:Duplicate symbol "__tcp_api_acpt" in "src\r_t4_rx\lib\T4_Library_rxv2_ether_big.lib(tcp)"
W0561320:Duplicate symbol "__tcp_api_con" in "src\r_t4_rx\lib\T4_Library_rxv2_ether_big.lib(tcp)"
W0561320:Duplicate symbol "__tcp_api_sht_cls" in "src\r_t4_rx\lib\T4_Library_rxv2_ether_big.lib(tcp)"
W0561320:Duplicate symbol "__tcp_api_snddt" in "src\r_t4_rx\lib\T4_Library_rxv2_ether_big.lib(tcp)"
W0561320:Duplicate symbol "__tcp_api_rcvdt" in "src\r_t4_rx\lib\T4_Library_rxv2_ether_big.lib(tcp)"
W0561320:Duplicate symbol "__tcp_cpy_rwdat" in "src\r_t4_rx\lib\T4_Library_rxv2_ether_big.lib(tcp)"
W0561320:Duplicate symbol "__proc_rcv" in "src\r_t4_rx\lib\T4_Library_rxv2_ether_big.lib(tcp)"
W0561320:Duplicate symbol "__tcp_stat" in "src\r_t4_rx\lib\T4_Library_rxv2_ether_big.lib(tcp)"
W0561320:Duplicate symbol "__tcp_rcv_rst" in "src\r_t4_rx\lib\T4_Library_rxv2_ether_big.lib(tcp)"
W0561320:Duplicate symbol "__tcp_rcv_syn" in "src\r_t4_rx\lib\T4_Library_rxv2_ether_big.lib(tcp)"
W0561320:Duplicate symbol "__tcp_rcv_ack" in "src\r_t4_rx\lib\T4_Library_rxv2_ether_big.lib(tcp)"
W0561320:Duplicate symbol "__tcp_rcv_opt" in "src\r_t4_rx\lib\T4_Library_rxv2_ether_big.lib(tcp)"
W0561320:Duplicate symbol "__tcp_proc_data" in "src\r_t4_rx\lib\T4_Library_rxv2_ether_big.lib(tcp)"
W0561320:Duplicate symbol "__tcp_rcv_fin" in "src\r_t4_rx\lib\T4_Library_rxv2_ether_big.lib(tcp)"
W0561320:Duplicate symbol "__tcp_swin_updt" in "src\r_t4_rx\lib\T4_Library_rxv2_ether_big.lib(tcp)"
W0561320:Duplicate symbol "__proc_snd" in "src\r_t4_rx\lib\T4_Library_rxv2_ether_big.lib(tcp)"
W0561320:Duplicate symbol "__tcp_snd" in "src\r_t4_rx\lib\T4_Library_rxv2_ether_big.lib(tcp)"
W0561320:Duplicate symbol "__tcp_cancel_api" in "src\r_t4_rx\lib\T4_Library_rxv2_ether_big.lib(tcp)"
W0561320:Duplicate symbol "__tcp_clr_rtq" in "src\r_t4_rx\lib\T4_Library_rxv2_ether_big.lib(tcp)"
W0561320:Duplicate symbol "__tcp_return_listen" in "src\r_t4_rx\lib\T4_Library_rxv2_ether_big.lib(tcp)"
W0561320:Duplicate symbol "__tcp_api_wup" in "src\r_t4_rx\lib\T4_Library_rxv2_ether_big.lib(tcp)"
W0561320:Duplicate symbol "__tcp_check_cepid_arg" in "src\r_t4_rx\lib\T4_Library_rxv2_ether_big.lib(tcp)"
W0561320:Duplicate symbol "__tcp_check_len_arg" in "src\r_t4_rx\lib\T4_Library_rxv2_ether_big.lib(tcp)"
W0561320:Duplicate symbol "__tcp_check_tmout_arg" in "src\r_t4_rx\lib\T4_Library_rxv2_ether_big.lib(tcp)"
W0561320:Duplicate symbol "__tcp_is_tcb_queue_over" in "src\r_t4_rx\lib\T4_Library_rxv2_ether_big.lib(tcp)"
W0561320:Duplicate symbol "__tcp_call_callback" in "src\r_t4_rx\lib\T4_Library_rxv2_ether_big.lib(tcp)"
W0561320:Duplicate symbol "__tcp_api_type_to_fn" in "src\r_t4_rx\lib\T4_Library_rxv2_ether_big.lib(tcp)"
W0561320:Duplicate symbol "__tcp_recv_polling" in "src\r_t4_rx\lib\T4_Library_rxv2_ether_big.lib(tcp)"
W0561320:Duplicate symbol "__tcp_init_callback_info" in "src\r_t4_rx\lib\T4_Library_rxv2_ether_big.lib(tcp)"
W0561320:Duplicate symbol "__tcp_tcb" in "src\r_t4_rx\lib\T4_Library_rxv2_ether_big.lib(tcp)"
W0561320:Duplicate symbol "_head_tcb" in "src\r_t4_rx\lib\T4_Library_rxv2_ether_big.lib(tcp)"
W0561320:Duplicate symbol "__tx_hdr" in "src\r_t4_rx\lib\T4_Library_rxv2_ether_big.lib(tcp)"
W0561320:Duplicate symbol "__tcp_timer_cnt" in "src\r_t4_rx\lib\T4_Library_rxv2_ether_big.lib(tcp)"
W0561320:Duplicate symbol "__tcp_pre_timer_cnt" in "src\r_t4_rx\lib\T4_Library_rxv2_ether_big.lib(tcp)"
W0561320:Duplicate symbol "_tcpudp_open" in "src\r_t4_rx\lib\T4_Library_rxv2_ether_big.lib(tcp_api)"
W0561320:Duplicate symbol "_tcpudp_close" in "src\r_t4_rx\lib\T4_Library_rxv2_ether_big.lib(tcp_api)"
W0561320:Duplicate symbol "__getRAMsize_sub" in "src\r_t4_rx\lib\T4_Library_rxv2_ether_big.lib(tcp_api)"
W0561320:Duplicate symbol "__getTcpRAMsize" in "src\r_t4_rx\lib\T4_Library_rxv2_ether_big.lib(tcp_api)"
W0561320:Duplicate symbol "__getUdpRAMsize" in "src\r_t4_rx\lib\T4_Library_rxv2_ether_big.lib(tcp_api)"
W0561320:Duplicate symbol "__getIpRAMsize" in "src\r_t4_rx\lib\T4_Library_rxv2_ether_big.lib(tcp_api)"
W0561320:Duplicate symbol "__getTblRAMsize" in "src\r_t4_rx\lib\T4_Library_rxv2_ether_big.lib(tcp_api)"
W0561320:Duplicate symbol "_tcpudp_get_ramsize" in "src\r_t4_rx\lib\T4_Library_rxv2_ether_big.lib(tcp_api)"
W0561320:Duplicate symbol "_tcp_acp_cep" in "src\r_t4_rx\lib\T4_Library_rxv2_ether_big.lib(tcp_api)"
W0561320:Duplicate symbol "_tcp_con_cep" in "src\r_t4_rx\lib\T4_Library_rxv2_ether_big.lib(tcp_api)"
W0561320:Duplicate symbol "_tcp_sht_cep" in "src\r_t4_rx\lib\T4_Library_rxv2_ether_big.lib(tcp_api)"
W0561320:Duplicate symbol "_tcp_cls_cep" in "src\r_t4_rx\lib\T4_Library_rxv2_ether_big.lib(tcp_api)"
W0561320:Duplicate symbol "_tcp_snd_dat" in "src\r_t4_rx\lib\T4_Library_rxv2_ether_big.lib(tcp_api)"
W0561320:Duplicate symbol "_tcp_rcv_dat" in "src\r_t4_rx\lib\T4_Library_rxv2_ether_big.lib(tcp_api)"
W0561320:Duplicate symbol "_tcp_can_cep" in "src\r_t4_rx\lib\T4_Library_rxv2_ether_big.lib(tcp_api)"
W0561320:Duplicate symbol "__tcp_api_req" in "src\r_t4_rx\lib\T4_Library_rxv2_ether_big.lib(tcp_api)"
W0561320:Duplicate symbol "__tcp_api_slp" in "src\r_t4_rx\lib\T4_Library_rxv2_ether_big.lib(tcp_api)"
W0561320:Duplicate symbol "__tcp_clr_req" in "src\r_t4_rx\lib\T4_Library_rxv2_ether_big.lib(tcp_api)"
W0561320:Duplicate symbol "_tcp_read_stat" in "src\r_t4_rx\lib\T4_Library_rxv2_ether_big.lib(tcp_api)"
W0561320:Duplicate symbol "_tcp_force_clr" in "src\r_t4_rx\lib\T4_Library_rxv2_ether_big.lib(tcp_api)"
W0561320:Duplicate symbol "_udp_force_clr" in "src\r_t4_rx\lib\T4_Library_rxv2_ether_big.lib(tcp_api)"
W0561320:Duplicate symbol "_tcp_set_mss" in "src\r_t4_rx\lib\T4_Library_rxv2_ether_big.lib(tcp_api)"
W0561320:Duplicate symbol "__ether_arp_tbl" in "src\r_t4_rx\lib\T4_Library_rxv2_ether_big.lib(tcp_api)"
W0561320:Duplicate symbol "_udp_rcv_dat" in "src\r_t4_rx\lib\T4_Library_rxv2_ether_big.lib(udp)"
W0561320:Duplicate symbol "_udp_snd_dat" in "src\r_t4_rx\lib\T4_Library_rxv2_ether_big.lib(udp)"
W0561320:Duplicate symbol "_udp_can_cep" in "src\r_t4_rx\lib\T4_Library_rxv2_ether_big.lib(udp)"
W0561320:Duplicate symbol "__udp_rcv" in "src\r_t4_rx\lib\T4_Library_rxv2_ether_big.lib(udp)"
W0561320:Duplicate symbol "__udp_rcv_sub" in "src\r_t4_rx\lib\T4_Library_rxv2_ether_big.lib(udp)"
W0561320:Duplicate symbol "__udp_snd" in "src\r_t4_rx\lib\T4_Library_rxv2_ether_big.lib(udp)"
W0561320:Duplicate symbol "__udp_api_slp" in "src\r_t4_rx\lib\T4_Library_rxv2_ether_big.lib(udp)"
W0561320:Duplicate symbol "__udp_api_wup" in "src\r_t4_rx\lib\T4_Library_rxv2_ether_big.lib(udp)"
W0561320:Duplicate symbol "__proc_udp_api" in "src\r_t4_rx\lib\T4_Library_rxv2_ether_big.lib(udp)"
W0561320:Duplicate symbol "__udp_init" in "src\r_t4_rx\lib\T4_Library_rxv2_ether_big.lib(udp)"
W0561320:Duplicate symbol "__udp_api_tmout" in "src\r_t4_rx\lib\T4_Library_rxv2_ether_big.lib(udp)"
W0561320:Duplicate symbol "__tcpudp_cksum" in "src\r_t4_rx\lib\T4_Library_rxv2_ether_big.lib(udp)"
W0561320:Duplicate symbol "__udp_api_type_to_fn" in "src\r_t4_rx\lib\T4_Library_rxv2_ether_big.lib(udp)"
W0561320:Duplicate symbol "__udp_check_cepid_arg" in "src\r_t4_rx\lib\T4_Library_rxv2_ether_big.lib(udp)"
W0561320:Duplicate symbol "__udp_check_len_arg" in "src\r_t4_rx\lib\T4_Library_rxv2_ether_big.lib(udp)"
W0561320:Duplicate symbol "__udp_cb" in "src\r_t4_rx\lib\T4_Library_rxv2_ether_big.lib(udp)"
W0561320:Duplicate symbol "__cksum" in "src\r_t4_rx\lib\T4_Library_rxv2_ether_big.lib(cksum_rx_little)"
W0561320:Duplicate symbol "__ether_proc_rcv" in "src\r_t4_rx\lib\T4_Library_rxv2_ether_little.lib(ether)"
W0561320:Duplicate symbol "__ether_rcv_arp" in "src\r_t4_rx\lib\T4_Library_rxv2_ether_little.lib(ether)"
W0561320:Duplicate symbol "__ether_arp_resolve" in "src\r_t4_rx\lib\T4_Library_rxv2_ether_little.lib(ether)"
W0561320:Duplicate symbol "__ether_snd_arp" in "src\r_t4_rx\lib\T4_Library_rxv2_ether_little.lib(ether)"
W0561320:Duplicate symbol "__ether_snd_ip" in "src\r_t4_rx\lib\T4_Library_rxv2_ether_little.lib(ether)"
W0561320:Duplicate symbol "__ether_snd" in "src\r_t4_rx\lib\T4_Library_rxv2_ether_little.lib(ether)"
W0561320:Duplicate symbol "__ether_arp_add" in "src\r_t4_rx\lib\T4_Library_rxv2_ether_little.lib(ether)"
W0561320:Duplicate symbol "__ether_arp_del" in "src\r_t4_rx\lib\T4_Library_rxv2_ether_little.lib(ether)"
W0561320:Duplicate symbol "__ether_arp_init" in "src\r_t4_rx\lib\T4_Library_rxv2_ether_little.lib(ether)"
W0561320:Duplicate symbol "__ether_p_rcv_buff" in "src\r_t4_rx\lib\T4_Library_rxv2_ether_little.lib(ether)"
W0561320:Duplicate symbol "__ip_rcv_hdr" in "src\r_t4_rx\lib\T4_Library_rxv2_ether_little.lib(ip)"
W0561320:Duplicate symbol "__ip_snd" in "src\r_t4_rx\lib\T4_Library_rxv2_ether_little.lib(ip)"
W0561320:Duplicate symbol "__ip_snd_icmp" in "src\r_t4_rx\lib\T4_Library_rxv2_ether_little.lib(ip)"
W0561320:Duplicate symbol "__ip_check_ipadd_proto" in "src\r_t4_rx\lib\T4_Library_rxv2_ether_little.lib(ip)"
W0561320:Duplicate symbol "__ip_check_multicast" in "src\r_t4_rx\lib\T4_Library_rxv2_ether_little.lib(ip)"
W0561320:Duplicate symbol "__ip_check_broadcast" in "src\r_t4_rx\lib\T4_Library_rxv2_ether_little.lib(ip)"
W0561320:Duplicate symbol "_data_link_buf_ptr" in "src\r_t4_rx\lib\T4_Library_rxv2_ether_little.lib(ip)"
W0561320:Duplicate symbol "__ch_info_tbl" in "src\r_t4_rx\lib\T4_Library_rxv2_ether_little.lib(ip)"
W0561320:Duplicate symbol "__ch_info_head" in "src\r_t4_rx\lib\T4_Library_rxv2_ether_little.lib(ip)"
W0561320:Duplicate symbol "_R_t4_version" in "src\r_t4_rx\lib\T4_Library_rxv2_ether_little.lib(T4_Version)"
W0561320:Duplicate symbol "_net2hl_yn_xn" in "src\r_t4_rx\lib\T4_Library_rxv2_ether_little.lib(tcp)"
W0561320:Duplicate symbol "__tcp_init_tcb" in "src\r_t4_rx\lib\T4_Library_rxv2_ether_little.lib(tcp)"
W0561320:Duplicate symbol "__process_tcpip" in "src\r_t4_rx\lib\T4_Library_rxv2_ether_little.lib(tcp)"
W0561320:Duplicate symbol "__proc_api" in "src\r_t4_rx\lib\T4_Library_rxv2_ether_little.lib(tcp)"
W0561320:Duplicate symbol "__tcp_api_acpt" in "src\r_t4_rx\lib\T4_Library_rxv2_ether_little.lib(tcp)"
W0561320:Duplicate symbol "__tcp_api_con" in "src\r_t4_rx\lib\T4_Library_rxv2_ether_little.lib(tcp)"
W0561320:Duplicate symbol "__tcp_api_sht_cls" in "src\r_t4_rx\lib\T4_Library_rxv2_ether_little.lib(tcp)"
W0561320:Duplicate symbol "__tcp_api_snddt" in "src\r_t4_rx\lib\T4_Library_rxv2_ether_little.lib(tcp)"
W0561320:Duplicate symbol "__tcp_api_rcvdt" in "src\r_t4_rx\lib\T4_Library_rxv2_ether_little.lib(tcp)"
W0561320:Duplicate symbol "__tcp_cpy_rwdat" in "src\r_t4_rx\lib\T4_Library_rxv2_ether_little.lib(tcp)"
W0561320:Duplicate symbol "__proc_rcv" in "src\r_t4_rx\lib\T4_Library_rxv2_ether_little.lib(tcp)"
W0561320:Duplicate symbol "__tcp_stat" in "src\r_t4_rx\lib\T4_Library_rxv2_ether_little.lib(tcp)"
W0561320:Duplicate symbol "__tcp_rcv_rst" in "src\r_t4_rx\lib\T4_Library_rxv2_ether_little.lib(tcp)"
W0561320:Duplicate symbol "__tcp_rcv_syn" in "src\r_t4_rx\lib\T4_Library_rxv2_ether_little.lib(tcp)"
W0561320:Duplicate symbol "__tcp_rcv_ack" in "src\r_t4_rx\lib\T4_Library_rxv2_ether_little.lib(tcp)"
W0561320:Duplicate symbol "__tcp_rcv_opt" in "src\r_t4_rx\lib\T4_Library_rxv2_ether_little.lib(tcp)"
W0561320:Duplicate symbol "__tcp_proc_data" in "src\r_t4_rx\lib\T4_Library_rxv2_ether_little.lib(tcp)"
W0561320:Duplicate symbol "__tcp_rcv_fin" in "src\r_t4_rx\lib\T4_Library_rxv2_ether_little.lib(tcp)"
W0561320:Duplicate symbol "__tcp_swin_updt" in "src\r_t4_rx\lib\T4_Library_rxv2_ether_little.lib(tcp)"
W0561320:Duplicate symbol "__proc_snd" in "src\r_t4_rx\lib\T4_Library_rxv2_ether_little.lib(tcp)"
W0561320:Duplicate symbol "__tcp_snd" in "src\r_t4_rx\lib\T4_Library_rxv2_ether_little.lib(tcp)"
W0561320:Duplicate symbol "__tcp_cancel_api" in "src\r_t4_rx\lib\T4_Library_rxv2_ether_little.lib(tcp)"
W0561320:Duplicate symbol "__tcp_clr_rtq" in "src\r_t4_rx\lib\T4_Library_rxv2_ether_little.lib(tcp)"
W0561320:Duplicate symbol "__tcp_return_listen" in "src\r_t4_rx\lib\T4_Library_rxv2_ether_little.lib(tcp)"
W0561320:Duplicate symbol "__tcp_api_wup" in "src\r_t4_rx\lib\T4_Library_rxv2_ether_little.lib(tcp)"
W0561320:Duplicate symbol "__tcp_check_cepid_arg" in "src\r_t4_rx\lib\T4_Library_rxv2_ether_little.lib(tcp)"
W0561320:Duplicate symbol "__tcp_check_len_arg" in "src\r_t4_rx\lib\T4_Library_rxv2_ether_little.lib(tcp)"
W0561320:Duplicate symbol "__tcp_check_tmout_arg" in "src\r_t4_rx\lib\T4_Library_rxv2_ether_little.lib(tcp)"
W0561320:Duplicate symbol "__tcp_is_tcb_queue_over" in "src\r_t4_rx\lib\T4_Library_rxv2_ether_little.lib(tcp)"
W0561320:Duplicate symbol "__tcp_call_callback" in "src\r_t4_rx\lib\T4_Library_rxv2_ether_little.lib(tcp)"
W0561320:Duplicate symbol "__tcp_api_type_to_fn" in "src\r_t4_rx\lib\T4_Library_rxv2_ether_little.lib(tcp)"
W0561320:Duplicate symbol "__tcp_recv_polling" in "src\r_t4_rx\lib\T4_Library_rxv2_ether_little.lib(tcp)"
W0561320:Duplicate symbol "__tcp_init_callback_info" in "src\r_t4_rx\lib\T4_Library_rxv2_ether_little.lib(tcp)"
W0561320:Duplicate symbol "__tcp_tcb" in "src\r_t4_rx\lib\T4_Library_rxv2_ether_little.lib(tcp)"
W0561320:Duplicate symbol "_head_tcb" in "src\r_t4_rx\lib\T4_Library_rxv2_ether_little.lib(tcp)"
W0561320:Duplicate symbol "__tx_hdr" in "src\r_t4_rx\lib\T4_Library_rxv2_ether_little.lib(tcp)"
W0561320:Duplicate symbol "__tcp_timer_cnt" in "src\r_t4_rx\lib\T4_Library_rxv2_ether_little.lib(tcp)"
W0561320:Duplicate symbol "__tcp_pre_timer_cnt" in "src\r_t4_rx\lib\T4_Library_rxv2_ether_little.lib(tcp)"
W0561320:Duplicate symbol "_tcpudp_open" in "src\r_t4_rx\lib\T4_Library_rxv2_ether_little.lib(tcp_api)"
W0561320:Duplicate symbol "_tcpudp_close" in "src\r_t4_rx\lib\T4_Library_rxv2_ether_little.lib(tcp_api)"
W0561320:Duplicate symbol "__getRAMsize_sub" in "src\r_t4_rx\lib\T4_Library_rxv2_ether_little.lib(tcp_api)"
W0561320:Duplicate symbol "__getTcpRAMsize" in "src\r_t4_rx\lib\T4_Library_rxv2_ether_little.lib(tcp_api)"
W0561320:Duplicate symbol "__getUdpRAMsize" in "src\r_t4_rx\lib\T4_Library_rxv2_ether_little.lib(tcp_api)"
W0561320:Duplicate symbol "__getIpRAMsize" in "src\r_t4_rx\lib\T4_Library_rxv2_ether_little.lib(tcp_api)"
W0561320:Duplicate symbol "__getTblRAMsize" in "src\r_t4_rx\lib\T4_Library_rxv2_ether_little.lib(tcp_api)"
W0561320:Duplicate symbol "_tcpudp_get_ramsize" in "src\r_t4_rx\lib\T4_Library_rxv2_ether_little.lib(tcp_api)"
W0561320:Duplicate symbol "_tcp_acp_cep" in "src\r_t4_rx\lib\T4_Library_rxv2_ether_little.lib(tcp_api)"
W0561320:Duplicate symbol "_tcp_con_cep" in "src\r_t4_rx\lib\T4_Library_rxv2_ether_little.lib(tcp_api)"
W0561320:Duplicate symbol "_tcp_sht_cep" in "src\r_t4_rx\lib\T4_Library_rxv2_ether_little.lib(tcp_api)"
W0561320:Duplicate symbol "_tcp_cls_cep" in "src\r_t4_rx\lib\T4_Library_rxv2_ether_little.lib(tcp_api)"
W0561320:Duplicate symbol "_tcp_snd_dat" in "src\r_t4_rx\lib\T4_Library_rxv2_ether_little.lib(tcp_api)"
W0561320:Duplicate symbol "_tcp_rcv_dat" in "src\r_t4_rx\lib\T4_Library_rxv2_ether_little.lib(tcp_api)"
W0561320:Duplicate symbol "_tcp_can_cep" in "src\r_t4_rx\lib\T4_Library_rxv2_ether_little.lib(tcp_api)"
W0561320:Duplicate symbol "__tcp_api_req" in "src\r_t4_rx\lib\T4_Library_rxv2_ether_little.lib(tcp_api)"
W0561320:Duplicate symbol "__tcp_api_slp" in "src\r_t4_rx\lib\T4_Library_rxv2_ether_little.lib(tcp_api)"
W0561320:Duplicate symbol "__tcp_clr_req" in "src\r_t4_rx\lib\T4_Library_rxv2_ether_little.lib(tcp_api)"
W0561320:Duplicate symbol "_tcp_read_stat" in "src\r_t4_rx\lib\T4_Library_rxv2_ether_little.lib(tcp_api)"
W0561320:Duplicate symbol "_tcp_force_clr" in "src\r_t4_rx\lib\T4_Library_rxv2_ether_little.lib(tcp_api)"
W0561320:Duplicate symbol "_udp_force_clr" in "src\r_t4_rx\lib\T4_Library_rxv2_ether_little.lib(tcp_api)"
W0561320:Duplicate symbol "_tcp_set_mss" in "src\r_t4_rx\lib\T4_Library_rxv2_ether_little.lib(tcp_api)"
W0561320:Duplicate symbol "__ether_arp_tbl" in "src\r_t4_rx\lib\T4_Library_rxv2_ether_little.lib(tcp_api)"
W0561320:Duplicate symbol "_udp_rcv_dat" in "src\r_t4_rx\lib\T4_Library_rxv2_ether_little.lib(udp)"
W0561320:Duplicate symbol "_udp_snd_dat" in "src\r_t4_rx\lib\T4_Library_rxv2_ether_little.lib(udp)"
W0561320:Duplicate symbol "_udp_can_cep" in "src\r_t4_rx\lib\T4_Library_rxv2_ether_little.lib(udp)"
W0561320:Duplicate symbol "__udp_rcv" in "src\r_t4_rx\lib\T4_Library_rxv2_ether_little.lib(udp)"
W0561320:Duplicate symbol "__udp_rcv_sub" in "src\r_t4_rx\lib\T4_Library_rxv2_ether_little.lib(udp)"
W0561320:Duplicate symbol "__udp_snd" in "src\r_t4_rx\lib\T4_Library_rxv2_ether_little.lib(udp)"
W0561320:Duplicate symbol "__udp_api_slp" in "src\r_t4_rx\lib\T4_Library_rxv2_ether_little.lib(udp)"
W0561320:Duplicate symbol "__udp_api_wup" in "src\r_t4_rx\lib\T4_Library_rxv2_ether_little.lib(udp)"
W0561320:Duplicate symbol "__proc_udp_api" in "src\r_t4_rx\lib\T4_Library_rxv2_ether_little.lib(udp)"
W0561320:Duplicate symbol "__udp_init" in "src\r_t4_rx\lib\T4_Library_rxv2_ether_little.lib(udp)"
W0561320:Duplicate symbol "__udp_api_tmout" in "src\r_t4_rx\lib\T4_Library_rxv2_ether_little.lib(udp)"
W0561320:Duplicate symbol "__tcpudp_cksum" in "src\r_t4_rx\lib\T4_Library_rxv2_ether_little.lib(udp)"
W0561320:Duplicate symbol "__udp_api_type_to_fn" in "src\r_t4_rx\lib\T4_Library_rxv2_ether_little.lib(udp)"
W0561320:Duplicate symbol "__udp_check_cepid_arg" in "src\r_t4_rx\lib\T4_Library_rxv2_ether_little.lib(udp)"
W0561320:Duplicate symbol "__udp_check_len_arg" in "src\r_t4_rx\lib\T4_Library_rxv2_ether_little.lib(udp)"
W0561320:Duplicate symbol "__udp_cb" in "src\r_t4_rx\lib\T4_Library_rxv2_ether_little.lib(udp)"
W0561320:Duplicate symbol "__cksum" in "src\r_t4_rx\lib\T4_Library_rxv2_ether_little.lib(cksum_rx_little)"
W0561100:Cannot find "PResetPRG" specified in option "start"
W0561100:Cannot find "C$INIT" specified in option "start"
W0561100:Cannot find "C$VTBL" specified in option "start"
W0561100:Cannot find "PIntPRG" specified in option "start"

*** Mapping List ***

SECTION                            START      END         SIZE   ALIGN
SI
                                  00000020  0000041f       400   4
SU
                                  00000420  0000141f      1000   4
B_1
                                  00001420  00001873       454   1
R_1
                                  00001874  0000214a       8d7   1
B_2
                                  0000214c  0000219d        52   2
R_2
                                  0000219e  0000219f         2   2
B
                                  000021a0  000080bf      5f20   4
R
                                  000080c0  000085e3       524   4
B_ETHERNET_BUFFERS_1
                                  00030000  000317ff      1800   1
B_RX_DESC_1
                                  00031800  0003181f        20   1
B_TX_DESC_1
                                  00031820  0003183f        20   1
$ADDR_C_120040
                                  00120040  00120043         4   1
$ADDR_C_120048
                                  00120048  0012004b         4   1
$ADDR_C_120050
                                  00120050  0012006f        20   1
C_1
                                  ffc00100  ffc002ae       1af   1
C_2
                                  ffc002b0  ffc004cf       220   2
C
                                  ffc004d0  ffc00687       1b8   4
C$DSEC
                                  ffc00688  ffc006ab        24   4
C$BSEC
                                  ffc006ac  ffc006c3        18   4
C$VECT
                                  ffc006c4  ffc00ac3       400   4
D_1
                                  ffc00ac4  ffc0139a       8d7   1
D_2
                                  ffc0139c  ffc0139d         2   2
D
                                  ffc013a0  ffc018c3       524   4
P
                                  ffc018c4  ffc0bd24      a461   1
W_1
                                  ffc0bd25  ffc0bd41        1d   1
W_2
                                  ffc0bd42  ffc0bd42         0   2
W
                                  ffc0bd44  ffc0bd44         0   4
L
                                  ffc0bd44  ffc0c580       83d   4
EXCEPTVECT
                                  ffffff80  fffffffb        7c   4
RESETVECT
                                  fffffffc  ffffffff         4   4

*** Total Section Size ***

RAMDATA SECTION:  00009e03 Byte(s)
ROMDATA SECTION:  000020c2 Byte(s)
PROGRAM SECTION:  0000a461 Byte(s)

*** Symbol List ***

SECTION=
FILE=                               START        END    SIZE
  SYMBOL                            ADDR        SIZE    INFO      COUNTS  OPT

SECTION=SI
FILE=DefaultBuild\resetprg.obj
                                  00000020  0000041f       400

SECTION=SU
FILE=DefaultBuild\resetprg.obj
                                  00000420  0000141f      1000

SECTION=B_1
FILE=DefaultBuild\lowsrc.obj
                                  00001420  00001447        28
  _flmod
                                  00001420        14   data ,g         * 
  _sml_buf
                                  00001434        14   data ,g         * 
FILE=DefaultBuild\r_bsp_software_interrupt.obj
                                  00001448  0000144f         8
  _s_bsp_swint_buf_used
                                  00001448         2   data ,l         * 
  _s_bsp_swint_buf_top
                                  0000144a         2   data ,l         * 
  _s_bsp_swint_buf_bottom
                                  0000144c         2   data ,l         * 
  _s_bsp_swint_nested_int_status
                                  0000144e         2   data ,l         * 
FILE=DefaultBuild\ether_callback.obj
                                  00001450  00001453         4
  _magic_packet_detect
                                  00001450         2   data ,g         * 
  _link_detect
                                  00001452         2   data ,g         * 
FILE=DefaultBuild\t4_driver.obj
                                  00001454  00001454         1
  _tcpip_flag
                                  00001454         1   data ,g         * 
FILE=DefaultBuild\r_ether_rx.obj
                                  00001455  0000146c        18
  _transfer_enable_flag
                                  00001455         2   data ,l         * 
  _mpd_flag
                                  00001457         2   data ,l         * 
  _mac_addr_buf
                                  00001459         c   data ,l         * 
  _lchng_flag
                                  00001465         2   data ,l         * 
  _promiscuous_mode
                                  00001467         2   data ,l         * 
  _etherc_edmac_power_cont
                                  00001469         4   data ,l         * 
FILE=DefaultBuild\r_dns_client.obj
                                  0000146d  00001770       304
  _dns_buffer
                                  0000146d       200   data ,l         * 
  _name_table
                                  0000166d       104   data ,g         * 
FILE=DefaultBuild\MyIOT_lib.obj
                                  00001771  00001873       103
  _GPIOMode
                                  00001771        80   data ,g         * 
  _GPIOValue
                                  000017f1        80   data ,g         * 
  _HTTPCODE
                                  00001871         3   data ,g         * 

SECTION=R_1
FILE=DefaultBuild\ether_callback.obj
                                  00001874  00001874         1
  _pause_enable
                                  00001874         1   data ,g         * 
FILE=DefaultBuild\config_tcpudp.obj
                                  00001875  000018b6        42
  __tcp_dack
                                  00001875         2   data ,g         * 
  _tcpudp_env
                                  00001877        28   data ,g         * 
  __myethaddr
                                  0000189f         c   data ,g         * 
  _user_name
                                  000018ab         6   data ,g         * 
  _user_passwd
                                  000018b1         6   data ,g         * 
FILE=DefaultBuild\r_ether_rx.obj
                                  000018b7  000018b9         3
  _is_entry
                                  000018b7         1   data ,l         * 
  _pause_frame_enable
                                  000018b8         2   data ,l         * 
FILE=DefaultBuild\r_dns_client.obj
                                  000018ba  000018c1         8
  _dnsaddr1
                                  000018ba         4   data ,g         * 
  _dnsaddr2
                                  000018be         4   data ,g         * 
FILE=DefaultBuild\r_byteq.obj
                                  000018c2  000018c2         1
  _qcb_init$1
                                  000018c2         1   data ,l         * 
FILE=DefaultBuild\globalVar.obj
                                  000018c3  000020f8       836
  _ETHERNET_RDY
                                  000018c3         2   data ,g         * 
  _tcpRDATA
                                  000018c5       2bc   data ,g         * 
  _tcpRDATA0
                                  00001b81       2bc   data ,g         * 
  _tcpRDATA1
                                  00001e3d       2bc   data ,g         * 
FILE=xfiles
                                  000020f9  00002148        50
  _ebuf
                                  000020f9        50   data ,l         * 
FILE=tcp
                                  00002149  00002149         1
  __process_flag$1
                                  00002149         1   data ,l         * 
FILE=xstate
                                  0000214a  0000214a         1
  __Mbcurmax
                                  0000214a         1   data ,g         * 

SECTION=B_2
FILE=DefaultBuild\r_bsp_cpu.obj
                                  0000214c  00002153         8
  _s_protect_counters
                                  0000214c         8   data ,l         * 
FILE=DefaultBuild\t4_driver.obj
                                  00002154  00002157         4
  _tcpudp_time_cnt
                                  00002154         2   data ,g         * 
  _wait_timer
                                  00002156         2   data ,g         * 
FILE=DefaultBuild\phy.obj
                                  00002158  0000215b         4
  _local_advertise
                                  00002158         4   data ,l         * 
FILE=tcp
                                  0000215c  0000219d        42
  __tx_hdr
                                  0000215c        3c   data ,g         * 
  __tcp_timer_cnt
                                  00002198         2   data ,g         * 
  __tcp_pre_timer_cnt
                                  0000219a         2   data ,g         * 
  _port$3
                                  0000219c         2   data ,l         * 

SECTION=R_2
FILE=DefaultBuild\r_dns_client.obj
                                  0000219e  0000219f         2
  _TRANSACTION_ID
                                  0000219e         2   data ,l         * 

SECTION=B
FILE=DefaultBuild\lowsrc.obj
                                  000021a0  000021ef        50
  __Files
                                  000021a0        50   data ,g         * 
FILE=DefaultBuild\mcu_locks.obj
                                  000021f0  000023cb       1dc
  _g_bsp_Locks
                                  000021f0       1dc   data ,g         * 
FILE=DefaultBuild\r_bsp_interrupts.obj
                                  000023cc  00002557       18c
  _g_bsp_vectors
                                  000023cc       18c   data ,l         * 
FILE=DefaultBuild\r_bsp_software_interrupt.obj
                                  00002558  00002637        e0
  _g_bsp_swint_access_ctrl
                                  00002558         8   data ,g         * 
  _s_bsp_swint_task
                                  00002560        d8   data ,l         * 
FILE=DefaultBuild\sbrk.obj
                                  00002638  00002a3b       404
  __s1ptr
                                  00002638         4   data ,g         * 
  _s_heap_area
                                  0000263c       400   data ,l         * 
FILE=DefaultBuild\t4_driver.obj
                                  00002a3c  00002aff        c4
  _t4_stat
                                  00002a3c        c0   data ,g         * 
  _err_buf_ptr
                                  00002afc         4   data ,g         * 
FILE=DefaultBuild\r_cmt_rx.obj
                                  00002b00  00002b1f        20
  _g_cmt_modes
                                  00002b00        10   data ,l         * 
  _g_cmt_callbacks
                                  00002b10        10   data ,l         * 
FILE=DefaultBuild\r_ether_rx.obj
                                  00002b20  00002b27         8
  _cb_func
                                  00002b20         8   data ,l         * 
FILE=DefaultBuild\r_dns_client.obj
                                  00002b28  00002c67       140
  _dns_packet
                                  00002b28        24   data ,l         * 
  _dns_mng
                                  00002b4c       114   data ,g         * 
  _dns$1
                                  00002c60         8   data ,l         * 
FILE=DefaultBuild\r_byteq.obj
                                  00002c68  00002c97        30
  _g_qcb
                                  00002c68        30   data ,l         * 
FILE=DefaultBuild\EthernetProcess.obj
                                  00002c98  0000809b      5404
  _tcpudp_work
                                  00002c98      5400   data ,l         * 
  _tcpPacket
                                  00008098         4   data ,g         * 
FILE=tcp
                                  0000809c  000080a3         8
  __tcp_tcb
                                  0000809c         4   data ,g         * 
  _head_tcb
                                  000080a0         4   data ,g         * 
FILE=tcp_api
                                  000080a4  000080a7         4
  __ether_arp_tbl
                                  000080a4         4   data ,g         * 
FILE=udp
                                  000080a8  000080ab         4
  __udp_cb
                                  000080a8         4   data ,g         * 
FILE=_errno
                                  000080ac  000080af         4
  __errno
                                  000080ac         4   data ,g         * 
FILE=ether
                                  000080b0  000080b3         4
  __ether_p_rcv_buff
                                  000080b0         4   data ,g         * 
FILE=ip
                                  000080b4  000080bf         c
  _data_link_buf_ptr
                                  000080b4         4   data ,g         * 
  __ch_info_tbl
                                  000080b8         4   data ,g         * 
  __ch_info_head
                                  000080bc         4   data ,g         * 

SECTION=R
FILE=DefaultBuild\lowsrc.obj
                                  000080c0  000080d3        14
  _env_list
                                  000080c0        10   data ,g         * 
  _environ
                                  000080d0         4   data ,g         * 
FILE=DefaultBuild\sbrk.obj
                                  000080d4  000080d7         4
  _sp_brk
                                  000080d4         4   data ,l         * 
FILE=DefaultBuild\timer.obj
                                  000080d8  000080db         4
  _cmt_channel
                                  000080d8         4   data ,l         * 
FILE=DefaultBuild\config_tcpudp.obj
                                  000080dc  0000837b       2a0
  _tcp_crep
                                  000080dc        d8   data ,g         * 
  _tcp_ccep
                                  000081b4       1b0   data ,g         * 
  __tcp_initial_seqno
                                  00008364         8   data ,g         * 
  _udp_ccep
                                  0000836c        10   data ,g         * 
FILE=DefaultBuild\r_ether_rx.obj
                                  0000837c  0000838b        10
  _papp_rx_desc
                                  0000837c         8   data ,l         * 
  _papp_tx_desc
                                  00008384         8   data ,l         * 
FILE=DefaultBuild\r_dns_client.obj
                                  0000838c  00008393         8
  _dnsaddr_tbl
                                  0000838c         8   data ,l         * 
FILE=DefaultBuild\MyIOT_lib.obj
                                  00008394  0000839f         c
  _payload_getiomode
                                  00008394         4   data ,g         * 
  _payload_getioval
                                  00008398         4   data ,g         * 
  _payload_httpget
                                  0000839c         4   data ,g         * 
FILE=xfiles
                                  000083a0  00008477        d8
  __Stdin
                                  000083a0        48   data ,g         * 
  __Stdout
                                  000083e8        48   data ,g         * 
  __Stderr
                                  00008430        48   data ,g         * 
FILE=xprintf
                                  00008478  0000847b         4
  _stderr
                                  00008478         4   data ,g         * 
FILE=xctype
                                  0000847c  00008483         8
  __Ctype
                                  0000847c         4   data ,g         * 
  __Tls_setup__Ctype
                                  00008480         4   data ,g         * 
FILE=malloc
                                  00008484  0000848b         8
  __Aldata
                                  00008484         8   data ,g         * 
FILE=xstate
                                  0000848c  000084d3        48
  __Tls_setup__Mbcurmax
                                  0000848c         4   data ,g         * 
  __Mbstate
                                  00008490        40   data ,g         * 
  __Tls_setup__Mbstate
                                  000084d0         4   data ,g         * 
FILE=localeco
                                  000084d4  00008527        54
  __Locale
                                  000084d4        50   data ,g         * 
  __Tls_setup__Locale
                                  00008524         4   data ,g         * 
FILE=xwcstate
                                  00008528  0000856b        44
  __Wcstate
                                  00008528        40   data ,g         * 
  __Tls_setup__Wcstate
                                  00008568         4   data ,g         * 
FILE=xfvalues
                                  0000856c  000085e3        78
  __FDenorm
                                  0000856c        10   data ,g         * 
  __FEps
                                  0000857c        10   data ,g         * 
  __FHugeval
                                  0000858c        10   data ,g         * 
  __FInf
                                  0000859c        10   data ,g         * 
  __FNan
                                  000085ac        10   data ,g         * 
  __FSnan
                                  000085bc        10   data ,g         * 
  __FRteps
                                  000085cc        10   data ,g         * 
  __FXbig
                                  000085dc         4   data ,g         * 
  __FZero
                                  000085e0         4   data ,g         * 

SECTION=B_ETHERNET_BUFFERS_1
FILE=DefaultBuild\r_ether_rx.obj
                                  00030000  000317ff      1800
  _ether_buffers
                                  00030000      1800   data ,l         * 

SECTION=B_RX_DESC_1
FILE=DefaultBuild\r_ether_rx.obj
                                  00031800  0003181f        20
  _rx_descriptors
                                  00031800        20   data ,l         * 

SECTION=B_TX_DESC_1
FILE=DefaultBuild\r_ether_rx.obj
                                  00031820  0003183f        20
  _tx_descriptors
                                  00031820        20   data ,l         * 

SECTION=$ADDR_C_120040
FILE=DefaultBuild\vecttbl.obj
                                  00120040  00120043         4
  ___SPCCreg
                                  00120040         4   data ,g         * 

SECTION=$ADDR_C_120048
FILE=DefaultBuild\vecttbl.obj
                                  00120048  0012004b         4
  ___TMEFreg
                                  00120048         4   data ,g         * 

SECTION=$ADDR_C_120050
FILE=DefaultBuild\vecttbl.obj
                                  00120050  0012006f        20
  ___OSIS1reg
                                  00120050         4   data ,g         * 
  ___OSIS2reg
                                  00120054         4   data ,g         * 
  ___OSIS3reg
                                  00120058         4   data ,g         * 
  ___OSIS4reg
                                  0012005c         4   data ,g         * 
  ___TMINFreg
                                  00120060         4   data ,g         * 
  ___MDEreg
                                  00120064         4   data ,g         * 
  ___OFS0reg
                                  00120068         4   data ,g         * 
  ___OFS1reg
                                  0012006c         4   data ,g         * 

SECTION=C_1
FILE=DefaultBuild\config_tcpudp.obj
                                  ffc00100  ffc00127        28
  __t4_channel_num
                                  ffc00100         1   data ,g         * 
  ___multi_TTL
                                  ffc00101         2   data ,g         * 
  __udp_enable_zerochecksum
                                  ffc00103         2   data ,g         * 
  _peer_dial
                                  ffc00105         6   data ,g         * 
  _at_commands
                                  ffc0010b        1d   data ,g         * 
FILE=DefaultBuild\r_ether_rx.obj
                                  ffc00128  ffc001cb        a4
  _pause_resolution
                                  ffc00128        50   data ,l         * 
  _ether_ch_0
                                  ffc00178        22   data ,l         * 
  _ether_ch_1
                                  ffc0019a        22   data ,l         * 
  _g_eth_control_ch
                                  ffc001bc        10   data ,g         * 
FILE=xprintf
                                  ffc001cc  ffc001d5         a
  _fchar$1
                                  ffc001cc         a   data ,l         * 
FILE=ether
                                  ffc001d6  ffc001e6        11
  _ip_broadcast$1
                                  ffc001d6         4   data ,l         * 
  _ip_broadcast$4
                                  ffc001da         4   data ,l         * 
  _eth_broadcast$3
                                  ffc001de         6   data ,l         * 
  _eth_multi_addr$2
                                  ffc001e4         3   data ,l         * 
FILE=xputtxt
                                  ffc001e7  ffc0028b        a5
  _spaces
                                  ffc001e7        21   data ,l         * 
  _zeroes
                                  ffc00208        21   data ,l         * 
  _asterisk
                                  ffc00229        21   data ,l         * 
  _plus
                                  ffc0024a        21   data ,l         * 
  _minus
                                  ffc0026b        21   data ,l         * 
FILE=xlitob
                                  ffc0028c  ffc002ad        22
  _ldigs
                                  ffc0028c        11   data ,l         * 
  _udigs
                                  ffc0029d        11   data ,l         * 
FILE=localeco
                                  ffc002ae  ffc002ae         1
  _null
                                  ffc002ae         1   data ,l         * 

SECTION=C_2
FILE=DefaultBuild\r_bsp_cpu.obj
                                  ffc002b0  ffc002b5         6
  _s_prcr_masks
                                  ffc002b0         6   data ,l         * 
FILE=DefaultBuild\config_tcpudp.obj
                                  ffc002b6  ffc002cd        18
  ___tcprepn
                                  ffc002b6         2   data ,g         * 
  ___tcpcepn
                                  ffc002b8         2   data ,g         * 
  __tcp_mss
                                  ffc002ba         4   data ,g         * 
  __tcp_2msl
                                  ffc002be         4   data ,g         * 
  __tcp_rt_tmo_rst
                                  ffc002c2         4   data ,g         * 
  ___udpcepn
                                  ffc002c6         2   data ,g         * 
  __ip_tblcnt
                                  ffc002c8         4   data ,g         * 
  _ppp_auth
                                  ffc002cc         2   data ,g         * 
FILE=xctype
                                  ffc002ce  ffc004cf       202
  _ctyp_tab
                                  ffc002ce       202   data ,l         * 

SECTION=C
FILE=DefaultBuild\dbsct.obj
                                  ffc004d0  ffc004e7        18
  __CTBL
                                  ffc004d0        18   data ,g         * 
FILE=DefaultBuild\r_cmt_rx.obj
                                  ffc004e8  ffc00507        20
  _g_cmt_channels
                                  ffc004e8        10   data ,l         * 
  _g_cmt_clock_dividers
                                  ffc004f8        10   data ,l         * 
FILE=DefaultBuild\r_dns_client.obj
                                  ffc00508  ffc005df        d8
  _dns_proc_table
                                  ffc00508        d8   data ,l         * 
FILE=_nfiles
                                  ffc005e0  ffc005e3         4
  __nfiles
                                  ffc005e0         4   data ,g         * 
FILE=tcp
                                  ffc005e4  ffc005fb        18
  _functbl_tcp_api$2
                                  ffc005e4        18   data ,l         * 
FILE=xfoprep
                                  ffc005fc  ffc00643        48
  _init$1
                                  ffc005fc        48   data ,l         * 
FILE=xprintf
                                  ffc00644  ffc0065b        18
  _fbit$2
                                  ffc00644        18   data ,l         * 
FILE=xfopen
                                  ffc0065c  ffc0066b        10
  _rwacc$1
                                  ffc0065c        10   data ,l         * 
FILE=xldtob
                                  ffc0066c  ffc00683        18
  _pows
                                  ffc0066c        18   data ,l         * 
FILE=_sbrk_si
                                  ffc00684  ffc00687         4
  __sbrk_size
                                  ffc00684         4   data ,g         * 

SECTION=C$DSEC
FILE=DefaultBuild\dbsct.obj
                                  ffc00688  ffc006ab        24
  __DTBL
                                  ffc00688        24   data ,g         * 

SECTION=C$BSEC
FILE=DefaultBuild\dbsct.obj
                                  ffc006ac  ffc006c3        18
  __BTBL
                                  ffc006ac        18   data ,g         * 

SECTION=C$VECT
FILE=DefaultBuild\resetprg.obj
                                  ffc006c4  ffc00ac3       400

SECTION=D_1
FILE=DefaultBuild\ether_callback.obj
                                  ffc00ac4  ffc00ac4         1
FILE=DefaultBuild\config_tcpudp.obj
                                  ffc00ac5  ffc00b06        42
FILE=DefaultBuild\r_ether_rx.obj
                                  ffc00b07  ffc00b09         3
FILE=DefaultBuild\r_dns_client.obj
                                  ffc00b0a  ffc00b11         8
FILE=DefaultBuild\r_byteq.obj
                                  ffc00b12  ffc00b12         1
FILE=DefaultBuild\globalVar.obj
                                  ffc00b13  ffc01348       836
FILE=xfiles
                                  ffc01349  ffc01398        50
FILE=tcp
                                  ffc01399  ffc01399         1
FILE=xstate
                                  ffc0139a  ffc0139a         1

SECTION=D_2
FILE=DefaultBuild\r_dns_client.obj
                                  ffc0139c  ffc0139d         2

SECTION=D
FILE=DefaultBuild\lowsrc.obj
                                  ffc013a0  ffc013b3        14
FILE=DefaultBuild\sbrk.obj
                                  ffc013b4  ffc013b7         4
FILE=DefaultBuild\timer.obj
                                  ffc013b8  ffc013bb         4
FILE=DefaultBuild\config_tcpudp.obj
                                  ffc013bc  ffc0165b       2a0
FILE=DefaultBuild\r_ether_rx.obj
                                  ffc0165c  ffc0166b        10
FILE=DefaultBuild\r_dns_client.obj
                                  ffc0166c  ffc01673         8
FILE=DefaultBuild\MyIOT_lib.obj
                                  ffc01674  ffc0167f         c
FILE=xfiles
                                  ffc01680  ffc01757        d8
FILE=xprintf
                                  ffc01758  ffc0175b         4
FILE=xctype
                                  ffc0175c  ffc01763         8
FILE=malloc
                                  ffc01764  ffc0176b         8
FILE=xstate
                                  ffc0176c  ffc017b3        48
FILE=localeco
                                  ffc017b4  ffc01807        54
FILE=xwcstate
                                  ffc01808  ffc0184b        44
FILE=xfvalues
                                  ffc0184c  ffc018c3        78

SECTION=P
FILE=DefaultBuild\r_cg_hardware_setup.obj
                                  ffc018c4  ffc018fe        3b
  _r_undefined_exception
                                  ffc018c4         1   func ,g         * 
  _R_Systeminit
                                  ffc018c5        3a   func ,g         * 
FILE=DefaultBuild\r_smc_cgc.obj
                                  ffc018ff  ffc01902         4
  _R_CGC_Create
                                  ffc018ff         4   func ,g         * 
FILE=DefaultBuild\r_smc_cgc_user.obj
                                  ffc01903  ffc01903         1
  _R_CGC_Create_UserInit
                                  ffc01903         1   func ,g         * 
FILE=DefaultBuild\r_smc_interrupt.obj
                                  ffc01904  ffc01904         1
  _R_Interrupt_Create
                                  ffc01904         1   func ,g         * 
FILE=DefaultBuild\hwsetup.obj
                                  ffc01905  ffc01919        15
  _hardware_setup
                                  ffc01905         d   func ,g         * 
  _output_ports_configure
                                  ffc01912         2   func ,l         * 
  _interrupts_configure
                                  ffc01914         2   func ,l         * 
  _peripheral_modules_enable
                                  ffc01916         4   func ,l         * 
FILE=DefaultBuild\lowlvl.obj
                                  ffc0191a  ffc0193b        22
  _charput
                                  ffc0191a        10   func ,g         * 
  _charget
                                  ffc0192a        12   func ,g         * 
FILE=DefaultBuild\lowsrc.obj
                                  ffc0193c  ffc01ac2       187
  _init_iolib
                                  ffc0193c        84   func ,g         * 
  _close_all
                                  ffc019c0        2a   func ,g         * 
  _open
                                  ffc019ea        67   func ,g         * 
  _close
                                  ffc01a51         3   func ,g         * 
  _write
                                  ffc01a54        37   func ,g         * 
  _read
                                  ffc01a8b        34   func ,g         * 
  _lseek
                                  ffc01abf         4   func ,g         * 
FILE=DefaultBuild\resetprg.obj
                                  ffc01ac3  ffc01b26        64
  _PowerON_Reset_PC
                                  ffc01ac3        64   entry,g         * 
FILE=DefaultBuild\r_bsp_common.obj
                                  ffc01b27  ffc01bf6        d0
  _R_BSP_GetVersion
                                  ffc01b27         6   func ,g         * 
  _R_BSP_GetIClkFreqHz
                                  ffc01b2d         4   func ,g         * 
  _R_BSP_SoftwareDelay
                                  ffc01b31        c6   func ,g         * 
FILE=DefaultBuild\r_bsp_cpu.obj
                                  ffc01bf7  ffc01d66       170
  _R_BSP_InterruptsDisable
                                  ffc01bf7         9   func ,g         * 
  _R_BSP_InterruptsEnable
                                  ffc01c00         9   func ,g         * 
  _R_BSP_CpuInterruptLevelRead
                                  ffc01c09         8   func ,g         * 
  _R_BSP_CpuInterruptLevelWrite
                                  ffc01c11        5c   func ,g         * 
  _R_BSP_RegisterProtectEnable
                                  ffc01c6d        67   func ,g         * 
  _R_BSP_RegisterProtectDisable
                                  ffc01cd4        5d   func ,g         * 
  _R_BSP_SoftwareReset
                                  ffc01d31        11   func ,g         * 
  _bsp_register_protect_open
                                  ffc01d42        12   func ,g         * 
  _bsp_ram_initialize
                                  ffc01d54        13   func ,g         * 
FILE=DefaultBuild\r_bsp_interrupts.obj
                                  ffc01d67  ffc02127       3c1
  _R_BSP_InterruptRequestEnable
                                  ffc01d67         e   func ,g         * 
  _R_BSP_InterruptRequestDisable
                                  ffc01d75         e   func ,g         * 
  _bsp_interrupt_open
                                  ffc01d83        26   func ,g         * 
  _R_BSP_InterruptWrite
                                  ffc01da9        1c   func ,g         * 
  _R_BSP_InterruptRead
                                  ffc01dc5        1b   func ,g         * 
  _R_BSP_InterruptControl
                                  ffc01de0        7e   func ,g         * 
  _bsp_fit_interrupts_control
                                  ffc01e5e        43   func ,l         * 
  _bsp_gr_int_enable_disable
                                  ffc01ea1       138   func ,l         * 
  _excep_supervisor_inst_isr
                                  ffc01fd9        17   func ,g         * 
  _excep_access_isr
                                  ffc01ff0        17   func ,g         * 
  _excep_undefined_inst_isr
                                  ffc02007        17   func ,g         * 
  _excep_floating_point_isr
                                  ffc0201e        21   func ,g         * 
  _non_maskable_isr
                                  ffc0203f        b4   func ,g         * 
  _undefined_interrupt_source_isr
                                  ffc020f3        17   func ,g         * 
  _bus_error_isr
                                  ffc0210a        1e   func ,g         * 
FILE=DefaultBuild\r_bsp_locking.obj
                                  ffc02128  ffc02159        32
  _R_BSP_SoftwareLock
                                  ffc02128        10   func ,g         * 
  _R_BSP_SoftwareUnlock
                                  ffc02138         6   func ,g         * 
  _R_BSP_HardwareLock
                                  ffc0213e         e   func ,g         * 
  _R_BSP_HardwareUnlock
                                  ffc0214c         e   func ,g         * 
FILE=DefaultBuild\r_bsp_software_interrupt.obj
                                  ffc0215a  ffc02704       5ab
  _R_BSP_SoftwareInterruptOpen
                                  ffc0215a        af   func ,g         * 
  _R_BSP_SoftwareInterruptClose
                                  ffc02209        93   func ,g         * 
  _R_BSP_SoftwareInterruptSetTask
                                  ffc0229c        99   func ,g         * 
  _bsp_swint_get_interrupt_information
                                  ffc02335        4f   func ,l         * 
  _bsp_swint_enable_interrupt
                                  ffc02384        15   func ,l         * 
  _bsp_swint_disable_interrupt
                                  ffc02399        15   func ,l         * 
  _bsp_swint_set_interrupt_priority
                                  ffc023ae        7e   func ,l         * 
  _bsp_swint_set_interrupt_request
                                  ffc0242c        13   func ,l         * 
  _bsp_swint_clear_interrupt_request
                                  ffc0243f        13   func ,l         * 
  _bsp_swint_enable_nested_interrupt
                                  ffc02452         c   func ,l         * 
  _bsp_swint_disable_nested_interrupt
                                  ffc0245e         c   func ,l         * 
  _bsp_swint_clear_task
                                  ffc0246a        67   func ,l         * 
  _bsp_swint_clear_all_task
                                  ffc024d1        98   func ,l         * 
  _bsp_swint_get_all_task_status
                                  ffc02569        2a   func ,l         * 
  _R_BSP_SoftwareInterruptControl
                                  ffc02593        6b   func ,g         * 
  _bsp_swint_get_access_control
                                  ffc025fe        18   func ,l         * 
  _bsp_swint_release_access_control
                                  ffc02616        16   func ,l         * 
  _bsp_swint_dummy_task
                                  ffc0262c         2   func ,l         * 
  _bsp_swint_execute_task
                                  ffc0262e        b9   func ,l         * 
  _bsp_swint_isr
                                  ffc026e7         f   func ,l         * 
  _bsp_swint2_isr
                                  ffc026f6         f   func ,l         * 
FILE=DefaultBuild\r_rx_intrinsic_functions.obj
                                  ffc02705  ffc02799        95
  _R_BSP_ChangeToUserMode
                                  ffc02705        20   func ,g         * 
  _R_BSP_SetBPSW
                                  ffc02725         4   func ,g         * 
  _R_BSP_GetBPSW
                                  ffc02729        11   func ,g         * 
  _R_BSP_SetBPC
                                  ffc0273a         4   func ,g         * 
  _R_BSP_GetBPC
                                  ffc0273e        11   func ,g         * 
  _R_BSP_SetEXTB
                                  ffc0274f         4   func ,g         * 
  _R_BSP_GetEXTB
                                  ffc02753        11   func ,g         * 
  _R_BSP_MoveToAccHiLong
                                  ffc02764         4   func ,g         * 
  _R_BSP_MoveToAccLoLong
                                  ffc02768         4   func ,g         * 
  _R_BSP_MoveFromAccHiLong
                                  ffc0276c        11   func ,g         * 
  _R_BSP_MoveFromAccMiLong
                                  ffc0277d        11   func ,g         * 
  _R_BSP_BitSet
[...]
  _freopen
                                  ffc06618        2f   func ,g         * 
FILE=fclose
                                  ffc06647  ffc0669a        54
  _fclose
                                  ffc06647        54   func ,g         * 
FILE=printf
                                  ffc0669b  ffc066d4        3a
  _prout
                                  ffc0669b        1d   func ,l         * 
  _printf
                                  ffc066b8        1d   func ,g         * 
FILE=__COM_DIV64u
                                  ffc066d5  ffc0676d        99
  __COM_DIV64u
                                  ffc066d5         0   none ,g         * 
  _Loop_Init
                                  ffc066df         0   none ,l         * 
  _Loop
                                  ffc066e7         0   none ,l         * 
  _DivStart
                                  ffc066f3         0   none ,l         * 
  _Success
                                  ffc06701         0   none ,l         * 
  _DivEnd
                                  ffc0670d         0   none ,l         * 
  IXI6DIV
                                  ffc06712         0   none ,l         * 
  IXI4DIV
                                  ffc06724         0   none ,l         * 
  IXI2DIV
                                  ffc06734         0   none ,l         * 
  I8I2DIV
                                  ffc0673c         0   none ,l         * 
  I4I2DIV
                                  ffc0676a         0   none ,l         * 
  _i8divU_End
                                  ffc0676d         0   none ,l         * 
FILE=__initsct
                                  ffc0676e  ffc067b7        4a
  __INITSCT
                                  ffc0676e         0   none ,g         * 
  loop1
                                  ffc06780         0   none ,l         * 
  next_loop1
                                  ffc0678e         0   none ,l         * 
  loop3
                                  ffc067a0         0   none ,l         * 
  next_loop3
                                  ffc067b1         0   none ,l         * 
FILE=tcp
                                  ffc067b8  ffc0861c      1e65
  _net2hl_yn_xn
                                  ffc067b8         f   func ,g         * 
  __tcp_init_tcb
                                  ffc067c7        7b   func ,g         * 
  __process_tcpip
                                  ffc06842        87   func ,g         * 
  __proc_api
                                  ffc068c9        9a   func ,g         * 
  __tcp_api_acpt
                                  ffc06963        89   func ,g         * 
  __tcp_api_con
                                  ffc069ec        ba   func ,g         * 
  __tcp_api_sht_cls
                                  ffc06aa6        eb   func ,g         * 
  __tcp_api_snddt
                                  ffc06b91        9f   func ,g         * 
  __tcp_api_rcvdt
                                  ffc06c30        ad   func ,g         * 
  __tcp_cpy_rwdat
                                  ffc06cdd        bc   func ,g         * 
  __proc_rcv
                                  ffc06d99       2bc   func ,g         * 
  __tcp_stat
                                  ffc07055        72   func ,g         * 
  __tcp_rcv_rst
                                  ffc070c7       178   func ,g         * 
  __tcp_rcv_syn
                                  ffc0723f       174   func ,g         * 
  __tcp_rcv_ack
                                  ffc073b3       22b   func ,g         * 
  __tcp_rcv_opt
                                  ffc075de        a7   func ,g         * 
  __tcp_proc_data
                                  ffc07685        d0   func ,g         * 
  __tcp_rcv_fin
                                  ffc07755        fb   func ,g         * 
  __tcp_swin_updt
                                  ffc07850       11a   func ,g         * 
  __proc_snd
                                  ffc0796a       467   func ,g         * 
  __tcp_snd
                                  ffc07dd1       5be   func ,g         * 
  __tcp_cancel_api
                                  ffc0838f        93   func ,g         * 
  __tcp_clr_rtq
                                  ffc08422        36   func ,g         * 
  __tcp_return_listen
                                  ffc08458        1d   func ,g         * 
  __tcp_api_wup
                                  ffc08475        18   func ,g         * 
  __tcp_check_cepid_arg
                                  ffc0848d        1b   func ,g         * 
  __tcp_check_len_arg
                                  ffc084a8         5   func ,g         * 
  __tcp_check_tmout_arg
                                  ffc084ad        3b   func ,g         * 
  __tcp_is_tcb_queue_over
                                  ffc084e8        1e   func ,g         * 
  __tcp_call_callback
                                  ffc08506        60   func ,g         * 
  __tcp_api_type_to_fn
                                  ffc08566        42   func ,g         * 
  __tcp_recv_polling
                                  ffc085a8        6e   func ,g         * 
  __tcp_init_callback_info
                                  ffc08616         7   func ,g         * 
FILE=tcp_api
                                  ffc0861d  ffc08fb4       998
  _tcpudp_open
                                  ffc0861d       162   func ,g         * 
  _tcpudp_close
                                  ffc0877f         f   func ,g         * 
  __getRAMsize_sub
                                  ffc0878e        10   func ,g         * 
  __getTcpRAMsize
                                  ffc0879e        5a   func ,g         * 
  __getUdpRAMsize
                                  ffc087f8         c   func ,g         * 
  __getIpRAMsize
                                  ffc08804         b   func ,g         * 
  __getTblRAMsize
                                  ffc0880f        33   func ,g         * 
  _tcpudp_get_ramsize
                                  ffc08842        1d   func ,g         * 
  _tcp_acp_cep
                                  ffc0885f        cd   func ,g         * 
  _tcp_con_cep
                                  ffc0892c        e0   func ,g         * 
  _tcp_sht_cep
                                  ffc08a0c        82   func ,g         * 
  _tcp_cls_cep
                                  ffc08a8e        9c   func ,g         * 
  _tcp_snd_dat
                                  ffc08b2a        cf   func ,g         * 
  _tcp_rcv_dat
                                  ffc08bf9       138   func ,g         * 
  _tcp_can_cep
                                  ffc08d31        90   func ,g         * 
  __tcp_api_req
                                  ffc08dc1        65   func ,g         * 
  __tcp_api_slp
                                  ffc08e26        25   func ,g         * 
  __tcp_clr_req
                                  ffc08e4b        40   func ,g         * 
  _tcp_read_stat
                                  ffc08e8b        7f   func ,g         * 
  _tcp_force_clr
                                  ffc08f0a        3f   func ,g         * 
  _udp_force_clr
                                  ffc08f49        42   func ,g         * 
  _tcp_set_mss
                                  ffc08f8b        2a   func ,g         * 
FILE=udp
                                  ffc08fb5  ffc097bc       808
  _udp_rcv_dat
                                  ffc08fb5       105   func ,g         * 
  _udp_snd_dat
                                  ffc090ba        bb   func ,g         * 
  _udp_can_cep
                                  ffc09175        97   func ,g         * 
  __udp_rcv
                                  ffc0920c        d4   func ,g         * 
  __udp_rcv_sub
                                  ffc092e0       135   func ,g         * 
  __udp_snd
                                  ffc09415       1cf   func ,g         * 
  __udp_api_slp
                                  ffc095e4        18   func ,g         * 
  __udp_api_wup
                                  ffc095fc        10   func ,g         * 
  __proc_udp_api
                                  ffc0960c        ae   func ,g         * 
  __udp_init
                                  ffc096ba        23   func ,g         * 
  __udp_api_tmout
                                  ffc096dd        5c   func ,g         * 
  __tcpudp_cksum
                                  ffc09739        50   func ,g         * 
  __udp_api_type_to_fn
                                  ffc09789        14   func ,g         * 
  __udp_check_cepid_arg
                                  ffc0979d        1b   func ,g         * 
  __udp_check_len_arg
                                  ffc097b8         5   func ,g         * 
FILE=fwrite
                                  ffc097bd  ffc0988d        d1
  _fwrite
                                  ffc097bd        d1   func ,g         * 
FILE=fflush
                                  ffc0988e  ffc0990f        82
  _fflush
                                  ffc0988e        82   func ,g         * 
FILE=xfoprep
                                  ffc09910  ffc099e3        d4
  __Foprep
                                  ffc09910        d4   func ,g         * 
FILE=xfofind
                                  ffc099e4  ffc09a70        8d
  __Fofind
                                  ffc099e4        44   func ,g         * 
  __Fofree
                                  ffc09a28        49   func ,g         * 
FILE=xprintf
                                  ffc09a71  ffc09cd2       262
  __Printf
                                  ffc09a71       262   func ,g         * 
FILE=memcmp
                                  ffc09cd3  ffc09cf6        24
  _memcmp
                                  ffc09cd3        24   func ,g         * 
FILE=free
                                  ffc09cf7  ffc09d78        82
  _free
                                  ffc09cf7        82   func ,g         * 
FILE=ether
                                  ffc09d79  ffc0a3fe       686
  __ether_proc_rcv
                                  ffc09d79        c0   func ,g         * 
  __ether_rcv_arp
                                  ffc09e39       101   func ,g         * 
  __ether_arp_resolve
                                  ffc09f3a        19   func ,g         * 
  __ether_snd_arp
                                  ffc09f53        b5   func ,g         * 
  __ether_snd_ip
                                  ffc0a008       194   func ,g         * 
  __ether_snd
                                  ffc0a19c       11d   func ,g         * 
  __ether_arp_add
                                  ffc0a2b9       10a   func ,g         * 
  __ether_arp_del
                                  ffc0a3c3         b   func ,g         * 
  __ether_arp_init
                                  ffc0a3ce        31   func ,g         * 
FILE=ip
                                  ffc0a3ff  ffc0a6f8       2fa
  __ip_rcv_hdr
                                  ffc0a3ff        ff   func ,g         * 
  __ip_snd
                                  ffc0a4fe        a3   func ,g         * 
  __ip_snd_icmp
                                  ffc0a5a1         c   func ,g         * 
  __ip_chk_srcip
                                  ffc0a5ad        3c   func ,l         * 
  __ip_check_ipadd_proto
                                  ffc0a5e9        71   func ,g         * 
  __ip_check_multicast
                                  ffc0a65a        39   func ,g         * 
  __ip_check_broadcast
                                  ffc0a693        66   func ,g         * 
FILE=cksum_rx_little
                                  ffc0a6f9  ffc0a7e7        ef
  __cksum
                                  ffc0a6f9         0   none ,g         * 
  ..tl0001
                                  ffc0a71f         0   none ,l         * 
  CKSUM_ODD_NEXT4
                                  ffc0a737         0   none ,l         * 
  CKSUM_ODD_NEXT2
                                  ffc0a745         0   none ,l         * 
  CKSUM_ODD_NEXT1
                                  ffc0a74d         0   none ,l         * 
  CKSUM_ODD_NBYTES_NOT_ODD
                                  ffc0a760         0   none ,l         * 
  CKSUM_EVEN
                                  ffc0a77e         0   none ,l         * 
  ..tl0002
                                  ffc0a783         0   none ,l         * 
  CKSUM_EVEN_NEXT4
                                  ffc0a79b         0   none ,l         * 
  CKSUM_EVEN_NEXT2
                                  ffc0a7a9         0   none ,l         * 
  CKSUM_EVEN_NEXT1
                                  ffc0a7b1         0   none ,l         * 
  CKSUM_EVEN_NBYTES_NOT_ODD
                                  ffc0a7c4         0   none ,l         * 
  CKSUM_EXIT
                                  ffc0a7d7         0   none ,l         * 
  CKSUM_ZERO_EXIT
                                  ffc0a7df         0   none ,l         * 
FILE=xfwprep
                                  ffc0a7e8  ffc0a87f        98
  __Fwprep
                                  ffc0a7e8        98   func ,g         * 
FILE=xputfld
                                  ffc0a880  ffc0ace4       465
  __Putfld
                                  ffc0a880       465   func ,g         * 
FILE=xfopen
                                  ffc0ace5  ffc0ad14        30
  __Fopen
                                  ffc0ace5        30   func ,g         * 
FILE=xvacopy
                                  ffc0ad15  ffc0ad17         3
  __Vacopy
                                  ffc0ad15         3   func ,g         * 
FILE=xputtxt
                                  ffc0ad18  ffc0af6f       258
  __Puttxt
                                  ffc0ad18       258   func ,g         * 
FILE=strchr
                                  ffc0af70  ffc0af82        13
  _strchr
                                  ffc0af70        13   func ,g         * 
FILE=xctype
                                  ffc0af83  ffc0af98        16
  __Getpctype
                                  ffc0af83        16   func ,g         * 
FILE=malloc
                                  ffc0af99  ffc0b076        de
  _findmem
                                  ffc0af99        7b   func ,l         * 
  _malloc
                                  ffc0b014        63   func ,g         * 
FILE=xldtob
                                  ffc0b077  ffc0b457       3e1
  __Ldtob
                                  ffc0b077       3e1   func ,g         * 
FILE=xputstr
                                  ffc0b458  ffc0b535        de
  __Putstr
                                  ffc0b458        de   func ,g         * 
FILE=xlitob
                                  ffc0b536  ffc0b642       10d
  __Litob
                                  ffc0b536       10d   func ,g         * 
FILE=xgetmem
                                  ffc0b643  ffc0b65d        1b
  __Getmem
                                  ffc0b643        1b   func ,g         * 
FILE=xgenld
                                  ffc0b65e  ffc0b90e       2b1
  __Genld
                                  ffc0b65e       2b1   func ,g         * 
FILE=xwctomb
                                  ffc0b90f  ffc0ba56       148
  __Wctombx
                                  ffc0b90f       102   func ,g         * 
  __Wctomb
                                  ffc0ba11        46   func ,g         * 
FILE=xstate
                                  ffc0ba57  ffc0ba88        32
  __Getmbcurmax
                                  ffc0ba57        16   func ,g         * 
  __Getpmbstate
                                  ffc0ba6d        1c   func ,g         * 
FILE=xldscale
                                  ffc0ba89  ffc0ba8c         4
  __LDscale
                                  ffc0ba89         4   func ,g         * 
FILE=xldunsca
                                  ffc0ba8d  ffc0ba90         4
  __LDunscale
                                  ffc0ba8d         4   func ,g         * 
FILE=__COM_MOD64u
                                  ffc0ba91  ffc0bb17        87
  __COM_MOD64u
                                  ffc0ba91         0   none ,g         * 
  _Loop_Init
                                  ffc0ba9b         0   none ,l         * 
  _Loop
                                  ffc0ba9f         0   none ,l         * 
  _DivStart
                                  ffc0baab         0   none ,l         * 
  _Success
                                  ffc0bab9         0   none ,l         * 
  _DivEnd
                                  ffc0bac1         0   none ,l         * 
  IXI6DIV
                                  ffc0bac2         0   none ,l         * 
  IXI4DIV
                                  ffc0bad4         0   none ,l         * 
  IXI2DIV
                                  ffc0bae4         0   none ,l         * 
  I8I2DIV
                                  ffc0baec         0   none ,l         * 
  I4I2DIV
                                  ffc0bb0c         0   none ,l         * 
FILE=_div
                                  ffc0bb18  ffc0bb23         c
  _ldiv
                                  ffc0bb18         0   none ,g         * 
  _div
                                  ffc0bb18         0   none ,g         * 
FILE=localeco
                                  ffc0bb24  ffc0bb2a         7
  _localeconv
                                  ffc0bb24         7   func ,g         * 
FILE=xwcstate
                                  ffc0bb2b  ffc0bb46        1c
  __Getpwcstate
                                  ffc0bb2b        1c   func ,g         * 
FILE=xfdscale
                                  ffc0bb47  ffc0bc5f       119
  __FDscale
                                  ffc0bb47       119   func ,g         * 
FILE=xfdunsca
                                  ffc0bc60  ffc0bcbb        5c
  __FDunscale
                                  ffc0bc60        5c   func ,g         * 
FILE=xfdnorm
                                  ffc0bcbc  ffc0bd24        69
  __FDnorm
                                  ffc0bcbc        69   func ,g         * 

SECTION=W_1
FILE=DefaultBuild\r_bsp_cpu.obj
                                  ffc0bd25  ffc0bd34        10
FILE=DefaultBuild\r_bsp_software_interrupt.obj
                                  ffc0bd35  ffc0bd41         d

SECTION=L
FILE=DefaultBuild\dbsct.obj
                                  ffc0bd44  ffc0bd47         4
  _deadSpace
                                  ffc0bd44         4   data ,g         * 
FILE=DefaultBuild\lowsrc.obj
                                  ffc0bd48  ffc0bd89        42
FILE=DefaultBuild\r_ether_rx.obj
                                  ffc0bd8c  ffc0be46        bb
FILE=DefaultBuild\r_dhcp_client.obj
                                  ffc0be48  ffc0beb8        71
FILE=DefaultBuild\r_dns_client.obj
                                  ffc0bebc  ffc0bebd         2
FILE=DefaultBuild\EthernetProcess.obj
                                  ffc0bec0  ffc0c18e       2cf
FILE=DefaultBuild\RX64M_MyIOT.obj
                                  ffc0c190  ffc0c2de       14f
FILE=DefaultBuild\MyIOT_lib.obj
                                  ffc0c2e0  ffc0c536       257
FILE=xprintf
                                  ffc0c538  ffc0c53e         7
FILE=ether
                                  ffc0c540  ffc0c54b         c
FILE=xldtob
                                  ffc0c54c  ffc0c56d        22
FILE=xgenld
                                  ffc0c570  ffc0c571         2
FILE=localeco
                                  ffc0c574  ffc0c580         d

SECTION=EXCEPTVECT
FILE=DefaultBuild\vecttbl.obj
                                  ffffff80  fffffffb        7c
  _Except_Vectors
                                  ffffff80        7c   data ,g         * 

SECTION=RESETVECT
FILE=DefaultBuild\vecttbl.obj
                                  fffffffc  ffffffff         4
  _Reset_Vector
                                  fffffffc         4   data ,g         * 

*** Unfilled Areas ***

AREA                                START    END

*** Delete Symbols ***

SYMBOL                                SIZE    INFO
