Renesas Optimizing Linker (W3.03.00 )             21-Jul-2021 19:04:12

*** Options ***

-MAKEUD=DefaultBuild\RX64M_MQTT.lk.ud
-subcommand=DefaultBuild\RX64M_MQTT.clnk
-library=DefaultBuild\RX64M_MQTT.lib
-input=DefaultBuild\r_cg_hardware_setup.obj
-input=DefaultBuild\r_smc_cgc.obj
-input=DefaultBuild\r_smc_cgc_user.obj
-input=DefaultBuild\r_smc_interrupt.obj
-input=DefaultBuild\hwsetup.obj
-input=DefaultBuild\dbsct.obj
-input=DefaultBuild\lowlvl.obj
-input=DefaultBuild\lowsrc.obj
-input=DefaultBuild\mcu_locks.obj
-input=DefaultBuild\resetprg.obj
-input=DefaultBuild\r_bsp_common.obj
-input=DefaultBuild\r_bsp_cpu.obj
-input=DefaultBuild\r_bsp_interrupts.obj
-input=DefaultBuild\r_bsp_locking.obj
-input=DefaultBuild\r_bsp_mcu_startup.obj
-input=DefaultBuild\r_bsp_software_interrupt.obj
-input=DefaultBuild\r_rx_intrinsic_functions.obj
-input=DefaultBuild\sbrk.obj
-input=DefaultBuild\mcu_clocks.obj
-input=DefaultBuild\mcu_init.obj
-input=DefaultBuild\mcu_interrupts.obj
-input=DefaultBuild\mcu_mapped_interrupts.obj
-input=DefaultBuild\vecttbl.obj
-input=DefaultBuild\Pin.obj
-input=DefaultBuild\ether_callback.obj
-input=DefaultBuild\t4_driver.obj
-input=DefaultBuild\timer.obj
-input=DefaultBuild\config_tcpudp.obj
-input=DefaultBuild\r_cmt_rx.obj
-input=DefaultBuild\r_ether_rx.obj
-input=DefaultBuild\phy.obj
-input=DefaultBuild\r_ether_setting_rx.obj
-input=DefaultBuild\r_dhcp_client.obj
-input=DefaultBuild\r_dns_client.obj
-input=DefaultBuild\r_byteq.obj
-input=DefaultBuild\EthernetProcess.obj
-input=DefaultBuild\globalVar.obj
-input=DefaultBuild\LEDprocess.obj
-input=DefaultBuild\RX64M_MQTT.obj
-input=DefaultBuild\r_irq_rx.obj
-input=DefaultBuild\r_irq_rx_user.obj
-input=DefaultBuild\64mMQTT.obj
-library=src\r_t4_rx\lib\T4_Library_rxv1_ether_big.lib
-library=src\r_t4_rx\lib\T4_Library_rxv1_ether_little.lib
-library=src\r_t4_rx\lib\T4_Library_rxv2_ether_big.lib
-library=src\r_t4_rx\lib\T4_Library_rxv2_ether_little.lib
-library=src\r_t4_rx\lib\T4_Library_rxv1_ether_little.lib
-library=src\r_t4_rx\lib\T4_Library_rxv2_ether_little.lib
-noprelink
-output=DefaultBuild\RX64M_MQTT.abs
-vect=_undefined_interrupt_source_isr
-list=DefaultBuild\RX64M_MQTT.map
-show=symbol,total_size
-nooptimize
-start=SI,SU,B_1,R_1,B_2,R_2,B,R/00000020,B_ETHERNET_BUFFERS_1,B_RX_DESC_1,B_TX_DESC_1/00030000,PResetPRG/0FFC00000,C_1,C_2,C,C$DSEC,C$BSEC,C$INIT,C$VTBL,C$VECT,D_1,D_2,D,P,PIntPRG,W_1,W_2,W,L/0FFC00100,EXCEPTVECT/0FFFFFF80,RESETVECT/0FFFFFFFC
-rom=D=R,D_1=R_1,D_2=R_2
-stack
-nologo
-end

*** Error information ***

W0561010:Duplicate file specified in option "library" : "src\r_t4_rx\lib\T4_Library_rxv1_ether_little.lib"
W0561010:Duplicate file specified in option "library" : "src\r_t4_rx\lib\T4_Library_rxv2_ether_little.lib"
W0561320:Duplicate symbol "__ether_proc_rcv" in "src\r_t4_rx\lib\T4_Library_rxv1_ether_big.lib(ether)"
W0561320:Duplicate symbol "__ether_proc_rcv" in "src\r_t4_rx\lib\T4_Library_rxv1_ether_little.lib(ether)"
W0561320:Duplicate symbol "__ether_rcv_arp" in "src\r_t4_rx\lib\T4_Library_rxv1_ether_big.lib(ether)"
W0561320:Duplicate symbol "__ether_rcv_arp" in "src\r_t4_rx\lib\T4_Library_rxv1_ether_little.lib(ether)"
W0561320:Duplicate symbol "__ether_arp_resolve" in "src\r_t4_rx\lib\T4_Library_rxv1_ether_big.lib(ether)"
W0561320:Duplicate symbol "__ether_arp_resolve" in "src\r_t4_rx\lib\T4_Library_rxv1_ether_little.lib(ether)"
W0561320:Duplicate symbol "__ether_snd_arp" in "src\r_t4_rx\lib\T4_Library_rxv1_ether_big.lib(ether)"
W0561320:Duplicate symbol "__ether_snd_arp" in "src\r_t4_rx\lib\T4_Library_rxv1_ether_little.lib(ether)"
W0561320:Duplicate symbol "__ether_snd_ip" in "src\r_t4_rx\lib\T4_Library_rxv1_ether_big.lib(ether)"
W0561320:Duplicate symbol "__ether_snd_ip" in "src\r_t4_rx\lib\T4_Library_rxv1_ether_little.lib(ether)"
W0561320:Duplicate symbol "__ether_snd" in "src\r_t4_rx\lib\T4_Library_rxv1_ether_big.lib(ether)"
W0561320:Duplicate symbol "__ether_snd" in "src\r_t4_rx\lib\T4_Library_rxv1_ether_little.lib(ether)"
W0561320:Duplicate symbol "__ether_arp_add" in "src\r_t4_rx\lib\T4_Library_rxv1_ether_big.lib(ether)"
W0561320:Duplicate symbol "__ether_arp_add" in "src\r_t4_rx\lib\T4_Library_rxv1_ether_little.lib(ether)"
W0561320:Duplicate symbol "__ether_arp_del" in "src\r_t4_rx\lib\T4_Library_rxv1_ether_big.lib(ether)"
W0561320:Duplicate symbol "__ether_arp_del" in "src\r_t4_rx\lib\T4_Library_rxv1_ether_little.lib(ether)"
W0561320:Duplicate symbol "__ether_arp_init" in "src\r_t4_rx\lib\T4_Library_rxv1_ether_big.lib(ether)"
W0561320:Duplicate symbol "__ether_arp_init" in "src\r_t4_rx\lib\T4_Library_rxv1_ether_little.lib(ether)"
W0561320:Duplicate symbol "__ether_p_rcv_buff" in "src\r_t4_rx\lib\T4_Library_rxv1_ether_big.lib(ether)"
W0561320:Duplicate symbol "__ether_p_rcv_buff" in "src\r_t4_rx\lib\T4_Library_rxv1_ether_little.lib(ether)"
W0561320:Duplicate symbol "__ip_rcv_hdr" in "src\r_t4_rx\lib\T4_Library_rxv1_ether_big.lib(ip)"
W0561320:Duplicate symbol "__ip_rcv_hdr" in "src\r_t4_rx\lib\T4_Library_rxv1_ether_little.lib(ip)"
W0561320:Duplicate symbol "__ip_snd" in "src\r_t4_rx\lib\T4_Library_rxv1_ether_big.lib(ip)"
W0561320:Duplicate symbol "__ip_snd" in "src\r_t4_rx\lib\T4_Library_rxv1_ether_little.lib(ip)"
W0561320:Duplicate symbol "__ip_snd_icmp" in "src\r_t4_rx\lib\T4_Library_rxv1_ether_big.lib(ip)"
W0561320:Duplicate symbol "__ip_snd_icmp" in "src\r_t4_rx\lib\T4_Library_rxv1_ether_little.lib(ip)"
W0561320:Duplicate symbol "__ip_check_ipadd_proto" in "src\r_t4_rx\lib\T4_Library_rxv1_ether_big.lib(ip)"
W0561320:Duplicate symbol "__ip_check_ipadd_proto" in "src\r_t4_rx\lib\T4_Library_rxv1_ether_little.lib(ip)"
W0561320:Duplicate symbol "__ip_check_multicast" in "src\r_t4_rx\lib\T4_Library_rxv1_ether_big.lib(ip)"
W0561320:Duplicate symbol "__ip_check_multicast" in "src\r_t4_rx\lib\T4_Library_rxv1_ether_little.lib(ip)"
W0561320:Duplicate symbol "__ip_check_broadcast" in "src\r_t4_rx\lib\T4_Library_rxv1_ether_big.lib(ip)"
W0561320:Duplicate symbol "__ip_check_broadcast" in "src\r_t4_rx\lib\T4_Library_rxv1_ether_little.lib(ip)"
W0561320:Duplicate symbol "_data_link_buf_ptr" in "src\r_t4_rx\lib\T4_Library_rxv1_ether_big.lib(ip)"
W0561320:Duplicate symbol "_data_link_buf_ptr" in "src\r_t4_rx\lib\T4_Library_rxv1_ether_little.lib(ip)"
W0561320:Duplicate symbol "__ch_info_tbl" in "src\r_t4_rx\lib\T4_Library_rxv1_ether_big.lib(ip)"
W0561320:Duplicate symbol "__ch_info_tbl" in "src\r_t4_rx\lib\T4_Library_rxv1_ether_little.lib(ip)"
W0561320:Duplicate symbol "__ch_info_head" in "src\r_t4_rx\lib\T4_Library_rxv1_ether_big.lib(ip)"
W0561320:Duplicate symbol "__ch_info_head" in "src\r_t4_rx\lib\T4_Library_rxv1_ether_little.lib(ip)"
W0561320:Duplicate symbol "_R_t4_version" in "src\r_t4_rx\lib\T4_Library_rxv1_ether_big.lib(T4_Version)"
W0561320:Duplicate symbol "_R_t4_version" in "src\r_t4_rx\lib\T4_Library_rxv1_ether_little.lib(T4_Version)"
W0561320:Duplicate symbol "_net2hl_yn_xn" in "src\r_t4_rx\lib\T4_Library_rxv1_ether_big.lib(tcp)"
W0561320:Duplicate symbol "_net2hl_yn_xn" in "src\r_t4_rx\lib\T4_Library_rxv1_ether_little.lib(tcp)"
W0561320:Duplicate symbol "__tcp_init_tcb" in "src\r_t4_rx\lib\T4_Library_rxv1_ether_big.lib(tcp)"
W0561320:Duplicate symbol "__tcp_init_tcb" in "src\r_t4_rx\lib\T4_Library_rxv1_ether_little.lib(tcp)"
W0561320:Duplicate symbol "__process_tcpip" in "src\r_t4_rx\lib\T4_Library_rxv1_ether_big.lib(tcp)"
W0561320:Duplicate symbol "__process_tcpip" in "src\r_t4_rx\lib\T4_Library_rxv1_ether_little.lib(tcp)"
W0561320:Duplicate symbol "__proc_api" in "src\r_t4_rx\lib\T4_Library_rxv1_ether_big.lib(tcp)"
W0561320:Duplicate symbol "__proc_api" in "src\r_t4_rx\lib\T4_Library_rxv1_ether_little.lib(tcp)"
W0561320:Duplicate symbol "__tcp_api_acpt" in "src\r_t4_rx\lib\T4_Library_rxv1_ether_big.lib(tcp)"
W0561320:Duplicate symbol "__tcp_api_acpt" in "src\r_t4_rx\lib\T4_Library_rxv1_ether_little.lib(tcp)"
W0561320:Duplicate symbol "__tcp_api_con" in "src\r_t4_rx\lib\T4_Library_rxv1_ether_big.lib(tcp)"
W0561320:Duplicate symbol "__tcp_api_con" in "src\r_t4_rx\lib\T4_Library_rxv1_ether_little.lib(tcp)"
W0561320:Duplicate symbol "__tcp_api_sht_cls" in "src\r_t4_rx\lib\T4_Library_rxv1_ether_big.lib(tcp)"
W0561320:Duplicate symbol "__tcp_api_sht_cls" in "src\r_t4_rx\lib\T4_Library_rxv1_ether_little.lib(tcp)"
W0561320:Duplicate symbol "__tcp_api_snddt" in "src\r_t4_rx\lib\T4_Library_rxv1_ether_big.lib(tcp)"
W0561320:Duplicate symbol "__tcp_api_snddt" in "src\r_t4_rx\lib\T4_Library_rxv1_ether_little.lib(tcp)"
W0561320:Duplicate symbol "__tcp_api_rcvdt" in "src\r_t4_rx\lib\T4_Library_rxv1_ether_big.lib(tcp)"
W0561320:Duplicate symbol "__tcp_api_rcvdt" in "src\r_t4_rx\lib\T4_Library_rxv1_ether_little.lib(tcp)"
W0561320:Duplicate symbol "__tcp_cpy_rwdat" in "src\r_t4_rx\lib\T4_Library_rxv1_ether_big.lib(tcp)"
W0561320:Duplicate symbol "__tcp_cpy_rwdat" in "src\r_t4_rx\lib\T4_Library_rxv1_ether_little.lib(tcp)"
W0561320:Duplicate symbol "__proc_rcv" in "src\r_t4_rx\lib\T4_Library_rxv1_ether_big.lib(tcp)"
W0561320:Duplicate symbol "__proc_rcv" in "src\r_t4_rx\lib\T4_Library_rxv1_ether_little.lib(tcp)"
W0561320:Duplicate symbol "__tcp_stat" in "src\r_t4_rx\lib\T4_Library_rxv1_ether_big.lib(tcp)"
W0561320:Duplicate symbol "__tcp_stat" in "src\r_t4_rx\lib\T4_Library_rxv1_ether_little.lib(tcp)"
W0561320:Duplicate symbol "__tcp_rcv_rst" in "src\r_t4_rx\lib\T4_Library_rxv1_ether_big.lib(tcp)"
W0561320:Duplicate symbol "__tcp_rcv_rst" in "src\r_t4_rx\lib\T4_Library_rxv1_ether_little.lib(tcp)"
W0561320:Duplicate symbol "__tcp_rcv_syn" in "src\r_t4_rx\lib\T4_Library_rxv1_ether_big.lib(tcp)"
W0561320:Duplicate symbol "__tcp_rcv_syn" in "src\r_t4_rx\lib\T4_Library_rxv1_ether_little.lib(tcp)"
W0561320:Duplicate symbol "__tcp_rcv_ack" in "src\r_t4_rx\lib\T4_Library_rxv1_ether_big.lib(tcp)"
W0561320:Duplicate symbol "__tcp_rcv_ack" in "src\r_t4_rx\lib\T4_Library_rxv1_ether_little.lib(tcp)"
W0561320:Duplicate symbol "__tcp_rcv_opt" in "src\r_t4_rx\lib\T4_Library_rxv1_ether_big.lib(tcp)"
W0561320:Duplicate symbol "__tcp_rcv_opt" in "src\r_t4_rx\lib\T4_Library_rxv1_ether_little.lib(tcp)"
W0561320:Duplicate symbol "__tcp_proc_data" in "src\r_t4_rx\lib\T4_Library_rxv1_ether_big.lib(tcp)"
W0561320:Duplicate symbol "__tcp_proc_data" in "src\r_t4_rx\lib\T4_Library_rxv1_ether_little.lib(tcp)"
W0561320:Duplicate symbol "__tcp_rcv_fin" in "src\r_t4_rx\lib\T4_Library_rxv1_ether_big.lib(tcp)"
W0561320:Duplicate symbol "__tcp_rcv_fin" in "src\r_t4_rx\lib\T4_Library_rxv1_ether_little.lib(tcp)"
W0561320:Duplicate symbol "__tcp_swin_updt" in "src\r_t4_rx\lib\T4_Library_rxv1_ether_big.lib(tcp)"
W0561320:Duplicate symbol "__tcp_swin_updt" in "src\r_t4_rx\lib\T4_Library_rxv1_ether_little.lib(tcp)"
W0561320:Duplicate symbol "__proc_snd" in "src\r_t4_rx\lib\T4_Library_rxv1_ether_big.lib(tcp)"
W0561320:Duplicate symbol "__proc_snd" in "src\r_t4_rx\lib\T4_Library_rxv1_ether_little.lib(tcp)"
W0561320:Duplicate symbol "__tcp_snd" in "src\r_t4_rx\lib\T4_Library_rxv1_ether_big.lib(tcp)"
W0561320:Duplicate symbol "__tcp_snd" in "src\r_t4_rx\lib\T4_Library_rxv1_ether_little.lib(tcp)"
W0561320:Duplicate symbol "__tcp_cancel_api" in "src\r_t4_rx\lib\T4_Library_rxv1_ether_big.lib(tcp)"
W0561320:Duplicate symbol "__tcp_cancel_api" in "src\r_t4_rx\lib\T4_Library_rxv1_ether_little.lib(tcp)"
W0561320:Duplicate symbol "__tcp_clr_rtq" in "src\r_t4_rx\lib\T4_Library_rxv1_ether_big.lib(tcp)"
W0561320:Duplicate symbol "__tcp_clr_rtq" in "src\r_t4_rx\lib\T4_Library_rxv1_ether_little.lib(tcp)"
W0561320:Duplicate symbol "__tcp_return_listen" in "src\r_t4_rx\lib\T4_Library_rxv1_ether_big.lib(tcp)"
W0561320:Duplicate symbol "__tcp_return_listen" in "src\r_t4_rx\lib\T4_Library_rxv1_ether_little.lib(tcp)"
W0561320:Duplicate symbol "__tcp_api_wup" in "src\r_t4_rx\lib\T4_Library_rxv1_ether_big.lib(tcp)"
W0561320:Duplicate symbol "__tcp_api_wup" in "src\r_t4_rx\lib\T4_Library_rxv1_ether_little.lib(tcp)"
W0561320:Duplicate symbol "__tcp_check_cepid_arg" in "src\r_t4_rx\lib\T4_Library_rxv1_ether_big.lib(tcp)"
W0561320:Duplicate symbol "__tcp_check_cepid_arg" in "src\r_t4_rx\lib\T4_Library_rxv1_ether_little.lib(tcp)"
W0561320:Duplicate symbol "__tcp_check_len_arg" in "src\r_t4_rx\lib\T4_Library_rxv1_ether_big.lib(tcp)"
W0561320:Duplicate symbol "__tcp_check_len_arg" in "src\r_t4_rx\lib\T4_Library_rxv1_ether_little.lib(tcp)"
W0561320:Duplicate symbol "__tcp_check_tmout_arg" in "src\r_t4_rx\lib\T4_Library_rxv1_ether_big.lib(tcp)"
W0561320:Duplicate symbol "__tcp_check_tmout_arg" in "src\r_t4_rx\lib\T4_Library_rxv1_ether_little.lib(tcp)"
W0561320:Duplicate symbol "__tcp_is_tcb_queue_over" in "src\r_t4_rx\lib\T4_Library_rxv1_ether_big.lib(tcp)"
W0561320:Duplicate symbol "__tcp_is_tcb_queue_over" in "src\r_t4_rx\lib\T4_Library_rxv1_ether_little.lib(tcp)"
W0561320:Duplicate symbol "__tcp_call_callback" in "src\r_t4_rx\lib\T4_Library_rxv1_ether_big.lib(tcp)"
W0561320:Duplicate symbol "__tcp_call_callback" in "src\r_t4_rx\lib\T4_Library_rxv1_ether_little.lib(tcp)"
W0561320:Duplicate symbol "__tcp_api_type_to_fn" in "src\r_t4_rx\lib\T4_Library_rxv1_ether_big.lib(tcp)"
W0561320:Duplicate symbol "__tcp_api_type_to_fn" in "src\r_t4_rx\lib\T4_Library_rxv1_ether_little.lib(tcp)"
W0561320:Duplicate symbol "__tcp_recv_polling" in "src\r_t4_rx\lib\T4_Library_rxv1_ether_big.lib(tcp)"
W0561320:Duplicate symbol "__tcp_recv_polling" in "src\r_t4_rx\lib\T4_Library_rxv1_ether_little.lib(tcp)"
W0561320:Duplicate symbol "__tcp_init_callback_info" in "src\r_t4_rx\lib\T4_Library_rxv1_ether_big.lib(tcp)"
W0561320:Duplicate symbol "__tcp_init_callback_info" in "src\r_t4_rx\lib\T4_Library_rxv1_ether_little.lib(tcp)"
W0561320:Duplicate symbol "__tcp_tcb" in "src\r_t4_rx\lib\T4_Library_rxv1_ether_big.lib(tcp)"
W0561320:Duplicate symbol "__tcp_tcb" in "src\r_t4_rx\lib\T4_Library_rxv1_ether_little.lib(tcp)"
W0561320:Duplicate symbol "_head_tcb" in "src\r_t4_rx\lib\T4_Library_rxv1_ether_big.lib(tcp)"
W0561320:Duplicate symbol "_head_tcb" in "src\r_t4_rx\lib\T4_Library_rxv1_ether_little.lib(tcp)"
W0561320:Duplicate symbol "__tx_hdr" in "src\r_t4_rx\lib\T4_Library_rxv1_ether_big.lib(tcp)"
W0561320:Duplicate symbol "__tx_hdr" in "src\r_t4_rx\lib\T4_Library_rxv1_ether_little.lib(tcp)"
W0561320:Duplicate symbol "__tcp_timer_cnt" in "src\r_t4_rx\lib\T4_Library_rxv1_ether_big.lib(tcp)"
W0561320:Duplicate symbol "__tcp_timer_cnt" in "src\r_t4_rx\lib\T4_Library_rxv1_ether_little.lib(tcp)"
W0561320:Duplicate symbol "__tcp_pre_timer_cnt" in "src\r_t4_rx\lib\T4_Library_rxv1_ether_big.lib(tcp)"
W0561320:Duplicate symbol "__tcp_pre_timer_cnt" in "src\r_t4_rx\lib\T4_Library_rxv1_ether_little.lib(tcp)"
W0561320:Duplicate symbol "_tcpudp_open" in "src\r_t4_rx\lib\T4_Library_rxv1_ether_big.lib(tcp_api)"
W0561320:Duplicate symbol "_tcpudp_open" in "src\r_t4_rx\lib\T4_Library_rxv1_ether_little.lib(tcp_api)"
W0561320:Duplicate symbol "_tcpudp_close" in "src\r_t4_rx\lib\T4_Library_rxv1_ether_big.lib(tcp_api)"
W0561320:Duplicate symbol "_tcpudp_close" in "src\r_t4_rx\lib\T4_Library_rxv1_ether_little.lib(tcp_api)"
W0561320:Duplicate symbol "__getRAMsize_sub" in "src\r_t4_rx\lib\T4_Library_rxv1_ether_big.lib(tcp_api)"
W0561320:Duplicate symbol "__getRAMsize_sub" in "src\r_t4_rx\lib\T4_Library_rxv1_ether_little.lib(tcp_api)"
W0561320:Duplicate symbol "__getTcpRAMsize" in "src\r_t4_rx\lib\T4_Library_rxv1_ether_big.lib(tcp_api)"
W0561320:Duplicate symbol "__getTcpRAMsize" in "src\r_t4_rx\lib\T4_Library_rxv1_ether_little.lib(tcp_api)"
W0561320:Duplicate symbol "__getUdpRAMsize" in "src\r_t4_rx\lib\T4_Library_rxv1_ether_big.lib(tcp_api)"
W0561320:Duplicate symbol "__getUdpRAMsize" in "src\r_t4_rx\lib\T4_Library_rxv1_ether_little.lib(tcp_api)"
W0561320:Duplicate symbol "__getIpRAMsize" in "src\r_t4_rx\lib\T4_Library_rxv1_ether_big.lib(tcp_api)"
W0561320:Duplicate symbol "__getIpRAMsize" in "src\r_t4_rx\lib\T4_Library_rxv1_ether_little.lib(tcp_api)"
W0561320:Duplicate symbol "__getTblRAMsize" in "src\r_t4_rx\lib\T4_Library_rxv1_ether_big.lib(tcp_api)"
W0561320:Duplicate symbol "__getTblRAMsize" in "src\r_t4_rx\lib\T4_Library_rxv1_ether_little.lib(tcp_api)"
W0561320:Duplicate symbol "_tcpudp_get_ramsize" in "src\r_t4_rx\lib\T4_Library_rxv1_ether_big.lib(tcp_api)"
W0561320:Duplicate symbol "_tcpudp_get_ramsize" in "src\r_t4_rx\lib\T4_Library_rxv1_ether_little.lib(tcp_api)"
W0561320:Duplicate symbol "_tcp_acp_cep" in "src\r_t4_rx\lib\T4_Library_rxv1_ether_big.lib(tcp_api)"
W0561320:Duplicate symbol "_tcp_acp_cep" in "src\r_t4_rx\lib\T4_Library_rxv1_ether_little.lib(tcp_api)"
W0561320:Duplicate symbol "_tcp_con_cep" in "src\r_t4_rx\lib\T4_Library_rxv1_ether_big.lib(tcp_api)"
W0561320:Duplicate symbol "_tcp_con_cep" in "src\r_t4_rx\lib\T4_Library_rxv1_ether_little.lib(tcp_api)"
W0561320:Duplicate symbol "_tcp_sht_cep" in "src\r_t4_rx\lib\T4_Library_rxv1_ether_big.lib(tcp_api)"
W0561320:Duplicate symbol "_tcp_sht_cep" in "src\r_t4_rx\lib\T4_Library_rxv1_ether_little.lib(tcp_api)"
W0561320:Duplicate symbol "_tcp_cls_cep" in "src\r_t4_rx\lib\T4_Library_rxv1_ether_big.lib(tcp_api)"
W0561320:Duplicate symbol "_tcp_cls_cep" in "src\r_t4_rx\lib\T4_Library_rxv1_ether_little.lib(tcp_api)"
W0561320:Duplicate symbol "_tcp_snd_dat" in "src\r_t4_rx\lib\T4_Library_rxv1_ether_big.lib(tcp_api)"
W0561320:Duplicate symbol "_tcp_snd_dat" in "src\r_t4_rx\lib\T4_Library_rxv1_ether_little.lib(tcp_api)"
W0561320:Duplicate symbol "_tcp_rcv_dat" in "src\r_t4_rx\lib\T4_Library_rxv1_ether_big.lib(tcp_api)"
W0561320:Duplicate symbol "_tcp_rcv_dat" in "src\r_t4_rx\lib\T4_Library_rxv1_ether_little.lib(tcp_api)"
W0561320:Duplicate symbol "_tcp_can_cep" in "src\r_t4_rx\lib\T4_Library_rxv1_ether_big.lib(tcp_api)"
W0561320:Duplicate symbol "_tcp_can_cep" in "src\r_t4_rx\lib\T4_Library_rxv1_ether_little.lib(tcp_api)"
W0561320:Duplicate symbol "__tcp_api_req" in "src\r_t4_rx\lib\T4_Library_rxv1_ether_big.lib(tcp_api)"
W0561320:Duplicate symbol "__tcp_api_req" in "src\r_t4_rx\lib\T4_Library_rxv1_ether_little.lib(tcp_api)"
W0561320:Duplicate symbol "__tcp_api_slp" in "src\r_t4_rx\lib\T4_Library_rxv1_ether_big.lib(tcp_api)"
W0561320:Duplicate symbol "__tcp_api_slp" in "src\r_t4_rx\lib\T4_Library_rxv1_ether_little.lib(tcp_api)"
W0561320:Duplicate symbol "__tcp_clr_req" in "src\r_t4_rx\lib\T4_Library_rxv1_ether_big.lib(tcp_api)"
W0561320:Duplicate symbol "__tcp_clr_req" in "src\r_t4_rx\lib\T4_Library_rxv1_ether_little.lib(tcp_api)"
W0561320:Duplicate symbol "_tcp_read_stat" in "src\r_t4_rx\lib\T4_Library_rxv1_ether_big.lib(tcp_api)"
W0561320:Duplicate symbol "_tcp_read_stat" in "src\r_t4_rx\lib\T4_Library_rxv1_ether_little.lib(tcp_api)"
W0561320:Duplicate symbol "_tcp_force_clr" in "src\r_t4_rx\lib\T4_Library_rxv1_ether_big.lib(tcp_api)"
W0561320:Duplicate symbol "_tcp_force_clr" in "src\r_t4_rx\lib\T4_Library_rxv1_ether_little.lib(tcp_api)"
W0561320:Duplicate symbol "_udp_force_clr" in "src\r_t4_rx\lib\T4_Library_rxv1_ether_big.lib(tcp_api)"
W0561320:Duplicate symbol "_udp_force_clr" in "src\r_t4_rx\lib\T4_Library_rxv1_ether_little.lib(tcp_api)"
W0561320:Duplicate symbol "_tcp_set_mss" in "src\r_t4_rx\lib\T4_Library_rxv1_ether_big.lib(tcp_api)"
W0561320:Duplicate symbol "_tcp_set_mss" in "src\r_t4_rx\lib\T4_Library_rxv1_ether_little.lib(tcp_api)"
W0561320:Duplicate symbol "__ether_arp_tbl" in "src\r_t4_rx\lib\T4_Library_rxv1_ether_big.lib(tcp_api)"
W0561320:Duplicate symbol "__ether_arp_tbl" in "src\r_t4_rx\lib\T4_Library_rxv1_ether_little.lib(tcp_api)"
W0561320:Duplicate symbol "_udp_rcv_dat" in "src\r_t4_rx\lib\T4_Library_rxv1_ether_big.lib(udp)"
W0561320:Duplicate symbol "_udp_rcv_dat" in "src\r_t4_rx\lib\T4_Library_rxv1_ether_little.lib(udp)"
W0561320:Duplicate symbol "_udp_snd_dat" in "src\r_t4_rx\lib\T4_Library_rxv1_ether_big.lib(udp)"
W0561320:Duplicate symbol "_udp_snd_dat" in "src\r_t4_rx\lib\T4_Library_rxv1_ether_little.lib(udp)"
W0561320:Duplicate symbol "_udp_can_cep" in "src\r_t4_rx\lib\T4_Library_rxv1_ether_big.lib(udp)"
W0561320:Duplicate symbol "_udp_can_cep" in "src\r_t4_rx\lib\T4_Library_rxv1_ether_little.lib(udp)"
W0561320:Duplicate symbol "__udp_rcv" in "src\r_t4_rx\lib\T4_Library_rxv1_ether_big.lib(udp)"
W0561320:Duplicate symbol "__udp_rcv" in "src\r_t4_rx\lib\T4_Library_rxv1_ether_little.lib(udp)"
W0561320:Duplicate symbol "__udp_rcv_sub" in "src\r_t4_rx\lib\T4_Library_rxv1_ether_big.lib(udp)"
W0561320:Duplicate symbol "__udp_rcv_sub" in "src\r_t4_rx\lib\T4_Library_rxv1_ether_little.lib(udp)"
W0561320:Duplicate symbol "__udp_snd" in "src\r_t4_rx\lib\T4_Library_rxv1_ether_big.lib(udp)"
W0561320:Duplicate symbol "__udp_snd" in "src\r_t4_rx\lib\T4_Library_rxv1_ether_little.lib(udp)"
W0561320:Duplicate symbol "__udp_api_slp" in "src\r_t4_rx\lib\T4_Library_rxv1_ether_big.lib(udp)"
W0561320:Duplicate symbol "__udp_api_slp" in "src\r_t4_rx\lib\T4_Library_rxv1_ether_little.lib(udp)"
W0561320:Duplicate symbol "__udp_api_wup" in "src\r_t4_rx\lib\T4_Library_rxv1_ether_big.lib(udp)"
W0561320:Duplicate symbol "__udp_api_wup" in "src\r_t4_rx\lib\T4_Library_rxv1_ether_little.lib(udp)"
W0561320:Duplicate symbol "__proc_udp_api" in "src\r_t4_rx\lib\T4_Library_rxv1_ether_big.lib(udp)"
W0561320:Duplicate symbol "__proc_udp_api" in "src\r_t4_rx\lib\T4_Library_rxv1_ether_little.lib(udp)"
W0561320:Duplicate symbol "__udp_init" in "src\r_t4_rx\lib\T4_Library_rxv1_ether_big.lib(udp)"
W0561320:Duplicate symbol "__udp_init" in "src\r_t4_rx\lib\T4_Library_rxv1_ether_little.lib(udp)"
W0561320:Duplicate symbol "__udp_api_tmout" in "src\r_t4_rx\lib\T4_Library_rxv1_ether_big.lib(udp)"
W0561320:Duplicate symbol "__udp_api_tmout" in "src\r_t4_rx\lib\T4_Library_rxv1_ether_little.lib(udp)"
W0561320:Duplicate symbol "__tcpudp_cksum" in "src\r_t4_rx\lib\T4_Library_rxv1_ether_big.lib(udp)"
W0561320:Duplicate symbol "__tcpudp_cksum" in "src\r_t4_rx\lib\T4_Library_rxv1_ether_little.lib(udp)"
W0561320:Duplicate symbol "__udp_api_type_to_fn" in "src\r_t4_rx\lib\T4_Library_rxv1_ether_big.lib(udp)"
W0561320:Duplicate symbol "__udp_api_type_to_fn" in "src\r_t4_rx\lib\T4_Library_rxv1_ether_little.lib(udp)"
W0561320:Duplicate symbol "__udp_check_cepid_arg" in "src\r_t4_rx\lib\T4_Library_rxv1_ether_big.lib(udp)"
W0561320:Duplicate symbol "__udp_check_cepid_arg" in "src\r_t4_rx\lib\T4_Library_rxv1_ether_little.lib(udp)"
W0561320:Duplicate symbol "__udp_check_len_arg" in "src\r_t4_rx\lib\T4_Library_rxv1_ether_big.lib(udp)"
W0561320:Duplicate symbol "__udp_check_len_arg" in "src\r_t4_rx\lib\T4_Library_rxv1_ether_little.lib(udp)"
W0561320:Duplicate symbol "__udp_cb" in "src\r_t4_rx\lib\T4_Library_rxv1_ether_big.lib(udp)"
W0561320:Duplicate symbol "__udp_cb" in "src\r_t4_rx\lib\T4_Library_rxv1_ether_little.lib(udp)"
W0561320:Duplicate symbol "__cksum" in "src\r_t4_rx\lib\T4_Library_rxv1_ether_big.lib(cksum_rx_little)"
W0561320:Duplicate symbol "__cksum" in "src\r_t4_rx\lib\T4_Library_rxv1_ether_little.lib(cksum_rx_little)"
W0561320:Duplicate symbol "__ether_proc_rcv" in "src\r_t4_rx\lib\T4_Library_rxv2_ether_big.lib(ether)"
W0561320:Duplicate symbol "__ether_rcv_arp" in "src\r_t4_rx\lib\T4_Library_rxv2_ether_big.lib(ether)"
W0561320:Duplicate symbol "__ether_arp_resolve" in "src\r_t4_rx\lib\T4_Library_rxv2_ether_big.lib(ether)"
W0561320:Duplicate symbol "__ether_snd_arp" in "src\r_t4_rx\lib\T4_Library_rxv2_ether_big.lib(ether)"
W0561320:Duplicate symbol "__ether_snd_ip" in "src\r_t4_rx\lib\T4_Library_rxv2_ether_big.lib(ether)"
W0561320:Duplicate symbol "__ether_snd" in "src\r_t4_rx\lib\T4_Library_rxv2_ether_big.lib(ether)"
W0561320:Duplicate symbol "__ether_arp_add" in "src\r_t4_rx\lib\T4_Library_rxv2_ether_big.lib(ether)"
W0561320:Duplicate symbol "__ether_arp_del" in "src\r_t4_rx\lib\T4_Library_rxv2_ether_big.lib(ether)"
W0561320:Duplicate symbol "__ether_arp_init" in "src\r_t4_rx\lib\T4_Library_rxv2_ether_big.lib(ether)"
W0561320:Duplicate symbol "__ether_p_rcv_buff" in "src\r_t4_rx\lib\T4_Library_rxv2_ether_big.lib(ether)"
W0561320:Duplicate symbol "__ip_rcv_hdr" in "src\r_t4_rx\lib\T4_Library_rxv2_ether_big.lib(ip)"
W0561320:Duplicate symbol "__ip_snd" in "src\r_t4_rx\lib\T4_Library_rxv2_ether_big.lib(ip)"
W0561320:Duplicate symbol "__ip_snd_icmp" in "src\r_t4_rx\lib\T4_Library_rxv2_ether_big.lib(ip)"
W0561320:Duplicate symbol "__ip_check_ipadd_proto" in "src\r_t4_rx\lib\T4_Library_rxv2_ether_big.lib(ip)"
W0561320:Duplicate symbol "__ip_check_multicast" in "src\r_t4_rx\lib\T4_Library_rxv2_ether_big.lib(ip)"
W0561320:Duplicate symbol "__ip_check_broadcast" in "src\r_t4_rx\lib\T4_Library_rxv2_ether_big.lib(ip)"
W0561320:Duplicate symbol "_data_link_buf_ptr" in "src\r_t4_rx\lib\T4_Library_rxv2_ether_big.lib(ip)"
W0561320:Duplicate symbol "__ch_info_tbl" in "src\r_t4_rx\lib\T4_Library_rxv2_ether_big.lib(ip)"
W0561320:Duplicate symbol "__ch_info_head" in "src\r_t4_rx\lib\T4_Library_rxv2_ether_big.lib(ip)"
W0561320:Duplicate symbol "_R_t4_version" in "src\r_t4_rx\lib\T4_Library_rxv2_ether_big.lib(T4_Version)"
W0561320:Duplicate symbol "_net2hl_yn_xn" in "src\r_t4_rx\lib\T4_Library_rxv2_ether_big.lib(tcp)"
W0561320:Duplicate symbol "__tcp_init_tcb" in "src\r_t4_rx\lib\T4_Library_rxv2_ether_big.lib(tcp)"
W0561320:Duplicate symbol "__process_tcpip" in "src\r_t4_rx\lib\T4_Library_rxv2_ether_big.lib(tcp)"
W0561320:Duplicate symbol "__proc_api" in "src\r_t4_rx\lib\T4_Library_rxv2_ether_big.lib(tcp)"
W0561320:Duplicate symbol "__tcp_api_acpt" in "src\r_t4_rx\lib\T4_Library_rxv2_ether_big.lib(tcp)"
W0561320:Duplicate symbol "__tcp_api_con" in "src\r_t4_rx\lib\T4_Library_rxv2_ether_big.lib(tcp)"
W0561320:Duplicate symbol "__tcp_api_sht_cls" in "src\r_t4_rx\lib\T4_Library_rxv2_ether_big.lib(tcp)"
W0561320:Duplicate symbol "__tcp_api_snddt" in "src\r_t4_rx\lib\T4_Library_rxv2_ether_big.lib(tcp)"
W0561320:Duplicate symbol "__tcp_api_rcvdt" in "src\r_t4_rx\lib\T4_Library_rxv2_ether_big.lib(tcp)"
W0561320:Duplicate symbol "__tcp_cpy_rwdat" in "src\r_t4_rx\lib\T4_Library_rxv2_ether_big.lib(tcp)"
W0561320:Duplicate symbol "__proc_rcv" in "src\r_t4_rx\lib\T4_Library_rxv2_ether_big.lib(tcp)"
W0561320:Duplicate symbol "__tcp_stat" in "src\r_t4_rx\lib\T4_Library_rxv2_ether_big.lib(tcp)"
W0561320:Duplicate symbol "__tcp_rcv_rst" in "src\r_t4_rx\lib\T4_Library_rxv2_ether_big.lib(tcp)"
W0561320:Duplicate symbol "__tcp_rcv_syn" in "src\r_t4_rx\lib\T4_Library_rxv2_ether_big.lib(tcp)"
W0561320:Duplicate symbol "__tcp_rcv_ack" in "src\r_t4_rx\lib\T4_Library_rxv2_ether_big.lib(tcp)"
W0561320:Duplicate symbol "__tcp_rcv_opt" in "src\r_t4_rx\lib\T4_Library_rxv2_ether_big.lib(tcp)"
W0561320:Duplicate symbol "__tcp_proc_data" in "src\r_t4_rx\lib\T4_Library_rxv2_ether_big.lib(tcp)"
W0561320:Duplicate symbol "__tcp_rcv_fin" in "src\r_t4_rx\lib\T4_Library_rxv2_ether_big.lib(tcp)"
W0561320:Duplicate symbol "__tcp_swin_updt" in "src\r_t4_rx\lib\T4_Library_rxv2_ether_big.lib(tcp)"
W0561320:Duplicate symbol "__proc_snd" in "src\r_t4_rx\lib\T4_Library_rxv2_ether_big.lib(tcp)"
W0561320:Duplicate symbol "__tcp_snd" in "src\r_t4_rx\lib\T4_Library_rxv2_ether_big.lib(tcp)"
W0561320:Duplicate symbol "__tcp_cancel_api" in "src\r_t4_rx\lib\T4_Library_rxv2_ether_big.lib(tcp)"
W0561320:Duplicate symbol "__tcp_clr_rtq" in "src\r_t4_rx\lib\T4_Library_rxv2_ether_big.lib(tcp)"
W0561320:Duplicate symbol "__tcp_return_listen" in "src\r_t4_rx\lib\T4_Library_rxv2_ether_big.lib(tcp)"
W0561320:Duplicate symbol "__tcp_api_wup" in "src\r_t4_rx\lib\T4_Library_rxv2_ether_big.lib(tcp)"
W0561320:Duplicate symbol "__tcp_check_cepid_arg" in "src\r_t4_rx\lib\T4_Library_rxv2_ether_big.lib(tcp)"
W0561320:Duplicate symbol "__tcp_check_len_arg" in "src\r_t4_rx\lib\T4_Library_rxv2_ether_big.lib(tcp)"
W0561320:Duplicate symbol "__tcp_check_tmout_arg" in "src\r_t4_rx\lib\T4_Library_rxv2_ether_big.lib(tcp)"
W0561320:Duplicate symbol "__tcp_is_tcb_queue_over" in "src\r_t4_rx\lib\T4_Library_rxv2_ether_big.lib(tcp)"
W0561320:Duplicate symbol "__tcp_call_callback" in "src\r_t4_rx\lib\T4_Library_rxv2_ether_big.lib(tcp)"
W0561320:Duplicate symbol "__tcp_api_type_to_fn" in "src\r_t4_rx\lib\T4_Library_rxv2_ether_big.lib(tcp)"
W0561320:Duplicate symbol "__tcp_recv_polling" in "src\r_t4_rx\lib\T4_Library_rxv2_ether_big.lib(tcp)"
W0561320:Duplicate symbol "__tcp_init_callback_info" in "src\r_t4_rx\lib\T4_Library_rxv2_ether_big.lib(tcp)"
W0561320:Duplicate symbol "__tcp_tcb" in "src\r_t4_rx\lib\T4_Library_rxv2_ether_big.lib(tcp)"
W0561320:Duplicate symbol "_head_tcb" in "src\r_t4_rx\lib\T4_Library_rxv2_ether_big.lib(tcp)"
W0561320:Duplicate symbol "__tx_hdr" in "src\r_t4_rx\lib\T4_Library_rxv2_ether_big.lib(tcp)"
W0561320:Duplicate symbol "__tcp_timer_cnt" in "src\r_t4_rx\lib\T4_Library_rxv2_ether_big.lib(tcp)"
W0561320:Duplicate symbol "__tcp_pre_timer_cnt" in "src\r_t4_rx\lib\T4_Library_rxv2_ether_big.lib(tcp)"
W0561320:Duplicate symbol "_tcpudp_open" in "src\r_t4_rx\lib\T4_Library_rxv2_ether_big.lib(tcp_api)"
W0561320:Duplicate symbol "_tcpudp_close" in "src\r_t4_rx\lib\T4_Library_rxv2_ether_big.lib(tcp_api)"
W0561320:Duplicate symbol "__getRAMsize_sub" in "src\r_t4_rx\lib\T4_Library_rxv2_ether_big.lib(tcp_api)"
W0561320:Duplicate symbol "__getTcpRAMsize" in "src\r_t4_rx\lib\T4_Library_rxv2_ether_big.lib(tcp_api)"
W0561320:Duplicate symbol "__getUdpRAMsize" in "src\r_t4_rx\lib\T4_Library_rxv2_ether_big.lib(tcp_api)"
W0561320:Duplicate symbol "__getIpRAMsize" in "src\r_t4_rx\lib\T4_Library_rxv2_ether_big.lib(tcp_api)"
W0561320:Duplicate symbol "__getTblRAMsize" in "src\r_t4_rx\lib\T4_Library_rxv2_ether_big.lib(tcp_api)"
W0561320:Duplicate symbol "_tcpudp_get_ramsize" in "src\r_t4_rx\lib\T4_Library_rxv2_ether_big.lib(tcp_api)"
W0561320:Duplicate symbol "_tcp_acp_cep" in "src\r_t4_rx\lib\T4_Library_rxv2_ether_big.lib(tcp_api)"
W0561320:Duplicate symbol "_tcp_con_cep" in "src\r_t4_rx\lib\T4_Library_rxv2_ether_big.lib(tcp_api)"
W0561320:Duplicate symbol "_tcp_sht_cep" in "src\r_t4_rx\lib\T4_Library_rxv2_ether_big.lib(tcp_api)"
W0561320:Duplicate symbol "_tcp_cls_cep" in "src\r_t4_rx\lib\T4_Library_rxv2_ether_big.lib(tcp_api)"
W0561320:Duplicate symbol "_tcp_snd_dat" in "src\r_t4_rx\lib\T4_Library_rxv2_ether_big.lib(tcp_api)"
W0561320:Duplicate symbol "_tcp_rcv_dat" in "src\r_t4_rx\lib\T4_Library_rxv2_ether_big.lib(tcp_api)"
W0561320:Duplicate symbol "_tcp_can_cep" in "src\r_t4_rx\lib\T4_Library_rxv2_ether_big.lib(tcp_api)"
W0561320:Duplicate symbol "__tcp_api_req" in "src\r_t4_rx\lib\T4_Library_rxv2_ether_big.lib(tcp_api)"
W0561320:Duplicate symbol "__tcp_api_slp" in "src\r_t4_rx\lib\T4_Library_rxv2_ether_big.lib(tcp_api)"
W0561320:Duplicate symbol "__tcp_clr_req" in "src\r_t4_rx\lib\T4_Library_rxv2_ether_big.lib(tcp_api)"
W0561320:Duplicate symbol "_tcp_read_stat" in "src\r_t4_rx\lib\T4_Library_rxv2_ether_big.lib(tcp_api)"
W0561320:Duplicate symbol "_tcp_force_clr" in "src\r_t4_rx\lib\T4_Library_rxv2_ether_big.lib(tcp_api)"
W0561320:Duplicate symbol "_udp_force_clr" in "src\r_t4_rx\lib\T4_Library_rxv2_ether_big.lib(tcp_api)"
W0561320:Duplicate symbol "_tcp_set_mss" in "src\r_t4_rx\lib\T4_Library_rxv2_ether_big.lib(tcp_api)"
W0561320:Duplicate symbol "__ether_arp_tbl" in "src\r_t4_rx\lib\T4_Library_rxv2_ether_big.lib(tcp_api)"
W0561320:Duplicate symbol "_udp_rcv_dat" in "src\r_t4_rx\lib\T4_Library_rxv2_ether_big.lib(udp)"
W0561320:Duplicate symbol "_udp_snd_dat" in "src\r_t4_rx\lib\T4_Library_rxv2_ether_big.lib(udp)"
W0561320:Duplicate symbol "_udp_can_cep" in "src\r_t4_rx\lib\T4_Library_rxv2_ether_big.lib(udp)"
W0561320:Duplicate symbol "__udp_rcv" in "src\r_t4_rx\lib\T4_Library_rxv2_ether_big.lib(udp)"
W0561320:Duplicate symbol "__udp_rcv_sub" in "src\r_t4_rx\lib\T4_Library_rxv2_ether_big.lib(udp)"
W0561320:Duplicate symbol "__udp_snd" in "src\r_t4_rx\lib\T4_Library_rxv2_ether_big.lib(udp)"
W0561320:Duplicate symbol "__udp_api_slp" in "src\r_t4_rx\lib\T4_Library_rxv2_ether_big.lib(udp)"
W0561320:Duplicate symbol "__udp_api_wup" in "src\r_t4_rx\lib\T4_Library_rxv2_ether_big.lib(udp)"
W0561320:Duplicate symbol "__proc_udp_api" in "src\r_t4_rx\lib\T4_Library_rxv2_ether_big.lib(udp)"
W0561320:Duplicate symbol "__udp_init" in "src\r_t4_rx\lib\T4_Library_rxv2_ether_big.lib(udp)"
W0561320:Duplicate symbol "__udp_api_tmout" in "src\r_t4_rx\lib\T4_Library_rxv2_ether_big.lib(udp)"
W0561320:Duplicate symbol "__tcpudp_cksum" in "src\r_t4_rx\lib\T4_Library_rxv2_ether_big.lib(udp)"
W0561320:Duplicate symbol "__udp_api_type_to_fn" in "src\r_t4_rx\lib\T4_Library_rxv2_ether_big.lib(udp)"
W0561320:Duplicate symbol "__udp_check_cepid_arg" in "src\r_t4_rx\lib\T4_Library_rxv2_ether_big.lib(udp)"
W0561320:Duplicate symbol "__udp_check_len_arg" in "src\r_t4_rx\lib\T4_Library_rxv2_ether_big.lib(udp)"
W0561320:Duplicate symbol "__udp_cb" in "src\r_t4_rx\lib\T4_Library_rxv2_ether_big.lib(udp)"
W0561320:Duplicate symbol "__cksum" in "src\r_t4_rx\lib\T4_Library_rxv2_ether_big.lib(cksum_rx_little)"
W0561320:Duplicate symbol "__ether_proc_rcv" in "src\r_t4_rx\lib\T4_Library_rxv2_ether_little.lib(ether)"
W0561320:Duplicate symbol "__ether_rcv_arp" in "src\r_t4_rx\lib\T4_Library_rxv2_ether_little.lib(ether)"
W0561320:Duplicate symbol "__ether_arp_resolve" in "src\r_t4_rx\lib\T4_Library_rxv2_ether_little.lib(ether)"
W0561320:Duplicate symbol "__ether_snd_arp" in "src\r_t4_rx\lib\T4_Library_rxv2_ether_little.lib(ether)"
W0561320:Duplicate symbol "__ether_snd_ip" in "src\r_t4_rx\lib\T4_Library_rxv2_ether_little.lib(ether)"
W0561320:Duplicate symbol "__ether_snd" in "src\r_t4_rx\lib\T4_Library_rxv2_ether_little.lib(ether)"
W0561320:Duplicate symbol "__ether_arp_add" in "src\r_t4_rx\lib\T4_Library_rxv2_ether_little.lib(ether)"
W0561320:Duplicate symbol "__ether_arp_del" in "src\r_t4_rx\lib\T4_Library_rxv2_ether_little.lib(ether)"
W0561320:Duplicate symbol "__ether_arp_init" in "src\r_t4_rx\lib\T4_Library_rxv2_ether_little.lib(ether)"
W0561320:Duplicate symbol "__ether_p_rcv_buff" in "src\r_t4_rx\lib\T4_Library_rxv2_ether_little.lib(ether)"
W0561320:Duplicate symbol "__ip_rcv_hdr" in "src\r_t4_rx\lib\T4_Library_rxv2_ether_little.lib(ip)"
W0561320:Duplicate symbol "__ip_snd" in "src\r_t4_rx\lib\T4_Library_rxv2_ether_little.lib(ip)"
W0561320:Duplicate symbol "__ip_snd_icmp" in "src\r_t4_rx\lib\T4_Library_rxv2_ether_little.lib(ip)"
W0561320:Duplicate symbol "__ip_check_ipadd_proto" in "src\r_t4_rx\lib\T4_Library_rxv2_ether_little.lib(ip)"
W0561320:Duplicate symbol "__ip_check_multicast" in "src\r_t4_rx\lib\T4_Library_rxv2_ether_little.lib(ip)"
W0561320:Duplicate symbol "__ip_check_broadcast" in "src\r_t4_rx\lib\T4_Library_rxv2_ether_little.lib(ip)"
W0561320:Duplicate symbol "_data_link_buf_ptr" in "src\r_t4_rx\lib\T4_Library_rxv2_ether_little.lib(ip)"
W0561320:Duplicate symbol "__ch_info_tbl" in "src\r_t4_rx\lib\T4_Library_rxv2_ether_little.lib(ip)"
W0561320:Duplicate symbol "__ch_info_head" in "src\r_t4_rx\lib\T4_Library_rxv2_ether_little.lib(ip)"
W0561320:Duplicate symbol "_R_t4_version" in "src\r_t4_rx\lib\T4_Library_rxv2_ether_little.lib(T4_Version)"
W0561320:Duplicate symbol "_net2hl_yn_xn" in "src\r_t4_rx\lib\T4_Library_rxv2_ether_little.lib(tcp)"
W0561320:Duplicate symbol "__tcp_init_tcb" in "src\r_t4_rx\lib\T4_Library_rxv2_ether_little.lib(tcp)"
W0561320:Duplicate symbol "__process_tcpip" in "src\r_t4_rx\lib\T4_Library_rxv2_ether_little.lib(tcp)"
W0561320:Duplicate symbol "__proc_api" in "src\r_t4_rx\lib\T4_Library_rxv2_ether_little.lib(tcp)"
W0561320:Duplicate symbol "__tcp_api_acpt" in "src\r_t4_rx\lib\T4_Library_rxv2_ether_little.lib(tcp)"
W0561320:Duplicate symbol "__tcp_api_con" in "src\r_t4_rx\lib\T4_Library_rxv2_ether_little.lib(tcp)"
W0561320:Duplicate symbol "__tcp_api_sht_cls" in "src\r_t4_rx\lib\T4_Library_rxv2_ether_little.lib(tcp)"
W0561320:Duplicate symbol "__tcp_api_snddt" in "src\r_t4_rx\lib\T4_Library_rxv2_ether_little.lib(tcp)"
W0561320:Duplicate symbol "__tcp_api_rcvdt" in "src\r_t4_rx\lib\T4_Library_rxv2_ether_little.lib(tcp)"
W0561320:Duplicate symbol "__tcp_cpy_rwdat" in "src\r_t4_rx\lib\T4_Library_rxv2_ether_little.lib(tcp)"
W0561320:Duplicate symbol "__proc_rcv" in "src\r_t4_rx\lib\T4_Library_rxv2_ether_little.lib(tcp)"
W0561320:Duplicate symbol "__tcp_stat" in "src\r_t4_rx\lib\T4_Library_rxv2_ether_little.lib(tcp)"
W0561320:Duplicate symbol "__tcp_rcv_rst" in "src\r_t4_rx\lib\T4_Library_rxv2_ether_little.lib(tcp)"
W0561320:Duplicate symbol "__tcp_rcv_syn" in "src\r_t4_rx\lib\T4_Library_rxv2_ether_little.lib(tcp)"
W0561320:Duplicate symbol "__tcp_rcv_ack" in "src\r_t4_rx\lib\T4_Library_rxv2_ether_little.lib(tcp)"
W0561320:Duplicate symbol "__tcp_rcv_opt" in "src\r_t4_rx\lib\T4_Library_rxv2_ether_little.lib(tcp)"
W0561320:Duplicate symbol "__tcp_proc_data" in "src\r_t4_rx\lib\T4_Library_rxv2_ether_little.lib(tcp)"
W0561320:Duplicate symbol "__tcp_rcv_fin" in "src\r_t4_rx\lib\T4_Library_rxv2_ether_little.lib(tcp)"
W0561320:Duplicate symbol "__tcp_swin_updt" in "src\r_t4_rx\lib\T4_Library_rxv2_ether_little.lib(tcp)"
W0561320:Duplicate symbol "__proc_snd" in "src\r_t4_rx\lib\T4_Library_rxv2_ether_little.lib(tcp)"
W0561320:Duplicate symbol "__tcp_snd" in "src\r_t4_rx\lib\T4_Library_rxv2_ether_little.lib(tcp)"
W0561320:Duplicate symbol "__tcp_cancel_api" in "src\r_t4_rx\lib\T4_Library_rxv2_ether_little.lib(tcp)"
W0561320:Duplicate symbol "__tcp_clr_rtq" in "src\r_t4_rx\lib\T4_Library_rxv2_ether_little.lib(tcp)"
W0561320:Duplicate symbol "__tcp_return_listen" in "src\r_t4_rx\lib\T4_Library_rxv2_ether_little.lib(tcp)"
W0561320:Duplicate symbol "__tcp_api_wup" in "src\r_t4_rx\lib\T4_Library_rxv2_ether_little.lib(tcp)"
W0561320:Duplicate symbol "__tcp_check_cepid_arg" in "src\r_t4_rx\lib\T4_Library_rxv2_ether_little.lib(tcp)"
W0561320:Duplicate symbol "__tcp_check_len_arg" in "src\r_t4_rx\lib\T4_Library_rxv2_ether_little.lib(tcp)"
W0561320:Duplicate symbol "__tcp_check_tmout_arg" in "src\r_t4_rx\lib\T4_Library_rxv2_ether_little.lib(tcp)"
W0561320:Duplicate symbol "__tcp_is_tcb_queue_over" in "src\r_t4_rx\lib\T4_Library_rxv2_ether_little.lib(tcp)"
W0561320:Duplicate symbol "__tcp_call_callback" in "src\r_t4_rx\lib\T4_Library_rxv2_ether_little.lib(tcp)"
W0561320:Duplicate symbol "__tcp_api_type_to_fn" in "src\r_t4_rx\lib\T4_Library_rxv2_ether_little.lib(tcp)"
W0561320:Duplicate symbol "__tcp_recv_polling" in "src\r_t4_rx\lib\T4_Library_rxv2_ether_little.lib(tcp)"
W0561320:Duplicate symbol "__tcp_init_callback_info" in "src\r_t4_rx\lib\T4_Library_rxv2_ether_little.lib(tcp)"
W0561320:Duplicate symbol "__tcp_tcb" in "src\r_t4_rx\lib\T4_Library_rxv2_ether_little.lib(tcp)"
W0561320:Duplicate symbol "_head_tcb" in "src\r_t4_rx\lib\T4_Library_rxv2_ether_little.lib(tcp)"
W0561320:Duplicate symbol "__tx_hdr" in "src\r_t4_rx\lib\T4_Library_rxv2_ether_little.lib(tcp)"
W0561320:Duplicate symbol "__tcp_timer_cnt" in "src\r_t4_rx\lib\T4_Library_rxv2_ether_little.lib(tcp)"
W0561320:Duplicate symbol "__tcp_pre_timer_cnt" in "src\r_t4_rx\lib\T4_Library_rxv2_ether_little.lib(tcp)"
W0561320:Duplicate symbol "_tcpudp_open" in "src\r_t4_rx\lib\T4_Library_rxv2_ether_little.lib(tcp_api)"
W0561320:Duplicate symbol "_tcpudp_close" in "src\r_t4_rx\lib\T4_Library_rxv2_ether_little.lib(tcp_api)"
W0561320:Duplicate symbol "__getRAMsize_sub" in "src\r_t4_rx\lib\T4_Library_rxv2_ether_little.lib(tcp_api)"
W0561320:Duplicate symbol "__getTcpRAMsize" in "src\r_t4_rx\lib\T4_Library_rxv2_ether_little.lib(tcp_api)"
W0561320:Duplicate symbol "__getUdpRAMsize" in "src\r_t4_rx\lib\T4_Library_rxv2_ether_little.lib(tcp_api)"
W0561320:Duplicate symbol "__getIpRAMsize" in "src\r_t4_rx\lib\T4_Library_rxv2_ether_little.lib(tcp_api)"
W0561320:Duplicate symbol "__getTblRAMsize" in "src\r_t4_rx\lib\T4_Library_rxv2_ether_little.lib(tcp_api)"
W0561320:Duplicate symbol "_tcpudp_get_ramsize" in "src\r_t4_rx\lib\T4_Library_rxv2_ether_little.lib(tcp_api)"
W0561320:Duplicate symbol "_tcp_acp_cep" in "src\r_t4_rx\lib\T4_Library_rxv2_ether_little.lib(tcp_api)"
W0561320:Duplicate symbol "_tcp_con_cep" in "src\r_t4_rx\lib\T4_Library_rxv2_ether_little.lib(tcp_api)"
W0561320:Duplicate symbol "_tcp_sht_cep" in "src\r_t4_rx\lib\T4_Library_rxv2_ether_little.lib(tcp_api)"
W0561320:Duplicate symbol "_tcp_cls_cep" in "src\r_t4_rx\lib\T4_Library_rxv2_ether_little.lib(tcp_api)"
W0561320:Duplicate symbol "_tcp_snd_dat" in "src\r_t4_rx\lib\T4_Library_rxv2_ether_little.lib(tcp_api)"
W0561320:Duplicate symbol "_tcp_rcv_dat" in "src\r_t4_rx\lib\T4_Library_rxv2_ether_little.lib(tcp_api)"
W0561320:Duplicate symbol "_tcp_can_cep" in "src\r_t4_rx\lib\T4_Library_rxv2_ether_little.lib(tcp_api)"
W0561320:Duplicate symbol "__tcp_api_req" in "src\r_t4_rx\lib\T4_Library_rxv2_ether_little.lib(tcp_api)"
W0561320:Duplicate symbol "__tcp_api_slp" in "src\r_t4_rx\lib\T4_Library_rxv2_ether_little.lib(tcp_api)"
W0561320:Duplicate symbol "__tcp_clr_req" in "src\r_t4_rx\lib\T4_Library_rxv2_ether_little.lib(tcp_api)"
W0561320:Duplicate symbol "_tcp_read_stat" in "src\r_t4_rx\lib\T4_Library_rxv2_ether_little.lib(tcp_api)"
W0561320:Duplicate symbol "_tcp_force_clr" in "src\r_t4_rx\lib\T4_Library_rxv2_ether_little.lib(tcp_api)"
W0561320:Duplicate symbol "_udp_force_clr" in "src\r_t4_rx\lib\T4_Library_rxv2_ether_little.lib(tcp_api)"
W0561320:Duplicate symbol "_tcp_set_mss" in "src\r_t4_rx\lib\T4_Library_rxv2_ether_little.lib(tcp_api)"
W0561320:Duplicate symbol "__ether_arp_tbl" in "src\r_t4_rx\lib\T4_Library_rxv2_ether_little.lib(tcp_api)"
W0561320:Duplicate symbol "_udp_rcv_dat" in "src\r_t4_rx\lib\T4_Library_rxv2_ether_little.lib(udp)"
W0561320:Duplicate symbol "_udp_snd_dat" in "src\r_t4_rx\lib\T4_Library_rxv2_ether_little.lib(udp)"
W0561320:Duplicate symbol "_udp_can_cep" in "src\r_t4_rx\lib\T4_Library_rxv2_ether_little.lib(udp)"
W0561320:Duplicate symbol "__udp_rcv" in "src\r_t4_rx\lib\T4_Library_rxv2_ether_little.lib(udp)"
W0561320:Duplicate symbol "__udp_rcv_sub" in "src\r_t4_rx\lib\T4_Library_rxv2_ether_little.lib(udp)"
W0561320:Duplicate symbol "__udp_snd" in "src\r_t4_rx\lib\T4_Library_rxv2_ether_little.lib(udp)"
W0561320:Duplicate symbol "__udp_api_slp" in "src\r_t4_rx\lib\T4_Library_rxv2_ether_little.lib(udp)"
W0561320:Duplicate symbol "__udp_api_wup" in "src\r_t4_rx\lib\T4_Library_rxv2_ether_little.lib(udp)"
W0561320:Duplicate symbol "__proc_udp_api" in "src\r_t4_rx\lib\T4_Library_rxv2_ether_little.lib(udp)"
W0561320:Duplicate symbol "__udp_init" in "src\r_t4_rx\lib\T4_Library_rxv2_ether_little.lib(udp)"
W0561320:Duplicate symbol "__udp_api_tmout" in "src\r_t4_rx\lib\T4_Library_rxv2_ether_little.lib(udp)"
W0561320:Duplicate symbol "__tcpudp_cksum" in "src\r_t4_rx\lib\T4_Library_rxv2_ether_little.lib(udp)"
W0561320:Duplicate symbol "__udp_api_type_to_fn" in "src\r_t4_rx\lib\T4_Library_rxv2_ether_little.lib(udp)"
W0561320:Duplicate symbol "__udp_check_cepid_arg" in "src\r_t4_rx\lib\T4_Library_rxv2_ether_little.lib(udp)"
W0561320:Duplicate symbol "__udp_check_len_arg" in "src\r_t4_rx\lib\T4_Library_rxv2_ether_little.lib(udp)"
W0561320:Duplicate symbol "__udp_cb" in "src\r_t4_rx\lib\T4_Library_rxv2_ether_little.lib(udp)"
W0561320:Duplicate symbol "__cksum" in "src\r_t4_rx\lib\T4_Library_rxv2_ether_little.lib(cksum_rx_little)"
W0561100:Cannot find "PResetPRG" specified in option "start"
W0561100:Cannot find "C$INIT" specified in option "start"
W0561100:Cannot find "C$VTBL" specified in option "start"
W0561100:Cannot find "PIntPRG" specified in option "start"

*** Mapping List ***

SECTION                            START      END         SIZE   ALIGN
SI
                                  00000020  0000041f       400   4
SU
                                  00000420  0000141f      1000   4
B_1
                                  00001420  00001770       351   1
R_1
                                  00001771  00002048       8d8   1
B_2
                                  0000204a  0000209b        52   2
R_2
                                  0000209c  0000209d         2   2
B
                                  000020a0  00007fc3      5f24   4
R
                                  00007fc4  000084db       518   4
B_ETHERNET_BUFFERS_1
                                  00030000  000317ff      1800   1
B_RX_DESC_1
                                  00031800  0003181f        20   1
B_TX_DESC_1
                                  00031820  0003183f        20   1
$ADDR_C_120040
                                  00120040  00120043         4   1
$ADDR_C_120048
                                  00120048  0012004b         4   1
$ADDR_C_120050
                                  00120050  0012006f        20   1
C_1
                                  ffc00100  ffc002ae       1af   1
C_2
                                  ffc002b0  ffc004cf       220   2
C
                                  ffc004d0  ffc00687       1b8   4
C$DSEC
                                  ffc00688  ffc006ab        24   4
C$BSEC
                                  ffc006ac  ffc006c3        18   4
C$VECT
                                  ffc006c4  ffc00ac3       400   4
D_1
                                  ffc00ac4  ffc0139b       8d8   1
D_2
                                  ffc0139c  ffc0139d         2   2
D
                                  ffc013a0  ffc018b7       518   4
P
                                  ffc018b8  ffc0b84c      9f95   1
W_1
                                  ffc0b84d  ffc0b869        1d   1
W_2
                                  ffc0b86a  ffc0b86a         0   2
W
                                  ffc0b86c  ffc0b86c         0   4
L
                                  ffc0b86c  ffc0bdfc       591   4
EXCEPTVECT
                                  ffffff80  fffffffb        7c   4
RESETVECT
                                  fffffffc  ffffffff         4   4

*** Total Section Size ***

RAMDATA SECTION:  00009cf9 Byte(s)
ROMDATA SECTION:  00001e0b Byte(s)
PROGRAM SECTION:  00009f95 Byte(s)

*** Symbol List ***

SECTION=
FILE=                               START        END    SIZE
  SYMBOL                            ADDR        SIZE    INFO      COUNTS  OPT

SECTION=SI
FILE=DefaultBuild\resetprg.obj
                                  00000020  0000041f       400

SECTION=SU
FILE=DefaultBuild\resetprg.obj
                                  00000420  0000141f      1000

SECTION=B_1
FILE=DefaultBuild\lowsrc.obj
                                  00001420  00001447        28
  _flmod
                                  00001420        14   data ,g         * 
  _sml_buf
                                  00001434        14   data ,g         * 
FILE=DefaultBuild\r_bsp_software_interrupt.obj
                                  00001448  0000144f         8
  _s_bsp_swint_buf_used
                                  00001448         2   data ,l         * 
  _s_bsp_swint_buf_top
                                  0000144a         2   data ,l         * 
  _s_bsp_swint_buf_bottom
                                  0000144c         2   data ,l         * 
  _s_bsp_swint_nested_int_status
                                  0000144e         2   data ,l         * 
FILE=DefaultBuild\ether_callback.obj
                                  00001450  00001453         4
  _magic_packet_detect
                                  00001450         2   data ,g         * 
  _link_detect
                                  00001452         2   data ,g         * 
FILE=DefaultBuild\t4_driver.obj
                                  00001454  00001454         1
  _tcpip_flag
                                  00001454         1   data ,g         * 
FILE=DefaultBuild\r_ether_rx.obj
                                  00001455  0000146c        18
  _transfer_enable_flag
                                  00001455         2   data ,l         * 
  _mpd_flag
                                  00001457         2   data ,l         * 
  _mac_addr_buf
                                  00001459         c   data ,l         * 
  _lchng_flag
                                  00001465         2   data ,l         * 
  _promiscuous_mode
                                  00001467         2   data ,l         * 
  _etherc_edmac_power_cont
                                  00001469         4   data ,l         * 
FILE=DefaultBuild\r_dns_client.obj
                                  0000146d  00001770       304
  _dns_buffer
                                  0000146d       200   data ,l         * 
  _name_table
                                  0000166d       104   data ,g         * 

SECTION=R_1
FILE=DefaultBuild\ether_callback.obj
                                  00001771  00001771         1
  _pause_enable
                                  00001771         1   data ,g         * 
FILE=DefaultBuild\config_tcpudp.obj
                                  00001772  000017b3        42
  __tcp_dack
                                  00001772         2   data ,g         * 
  _tcpudp_env
                                  00001774        28   data ,g         * 
  __myethaddr
                                  0000179c         c   data ,g         * 
  _user_name
                                  000017a8         6   data ,g         * 
  _user_passwd
                                  000017ae         6   data ,g         * 
FILE=DefaultBuild\r_ether_rx.obj
                                  000017b4  000017b6         3
  _is_entry
                                  000017b4         1   data ,l         * 
  _pause_frame_enable
                                  000017b5         2   data ,l         * 
FILE=DefaultBuild\r_dns_client.obj
                                  000017b7  000017be         8
  _dnsaddr1
                                  000017b7         4   data ,g         * 
  _dnsaddr2
                                  000017bb         4   data ,g         * 
FILE=DefaultBuild\r_byteq.obj
                                  000017bf  000017bf         1
  _qcb_init$1
                                  000017bf         1   data ,l         * 
FILE=DefaultBuild\globalVar.obj
                                  000017c0  00001ff5       836
  _ETHERNET_RDY
                                  000017c0         2   data ,g         * 
  _tcpRDATA
                                  000017c2       2bc   data ,g         * 
  _tcpRDATA0
                                  00001a7e       2bc   data ,g         * 
  _tcpRDATA1
                                  00001d3a       2bc   data ,g         * 
FILE=DefaultBuild\RX64M_MQTT.obj
                                  00001ff6  00001ff6         1
  _s
                                  00001ff6         1   data ,g         * 
FILE=xfiles
                                  00001ff7  00002046        50
  _ebuf
                                  00001ff7        50   data ,l         * 
FILE=tcp
                                  00002047  00002047         1
  __process_flag$1
                                  00002047         1   data ,l         * 
FILE=xstate
                                  00002048  00002048         1
  __Mbcurmax
                                  00002048         1   data ,g         * 

SECTION=B_2
FILE=DefaultBuild\r_bsp_cpu.obj
                                  0000204a  00002051         8
  _s_protect_counters
                                  0000204a         8   data ,l         * 
FILE=DefaultBuild\t4_driver.obj
                                  00002052  00002055         4
  _tcpudp_time_cnt
                                  00002052         2   data ,g         * 
  _wait_timer
                                  00002054         2   data ,g         * 
FILE=DefaultBuild\phy.obj
                                  00002056  00002059         4
  _local_advertise
                                  00002056         4   data ,l         * 
FILE=tcp
                                  0000205a  0000209b        42
  __tx_hdr
                                  0000205a        3c   data ,g         * 
  __tcp_timer_cnt
                                  00002096         2   data ,g         * 
  __tcp_pre_timer_cnt
                                  00002098         2   data ,g         * 
  _port$3
                                  0000209a         2   data ,l         * 

SECTION=R_2
FILE=DefaultBuild\r_dns_client.obj
                                  0000209c  0000209d         2
  _TRANSACTION_ID
                                  0000209c         2   data ,l         * 

SECTION=B
FILE=DefaultBuild\lowsrc.obj
                                  000020a0  000020ef        50
  __Files
                                  000020a0        50   data ,g         * 
FILE=DefaultBuild\mcu_locks.obj
                                  000020f0  000022cb       1dc
  _g_bsp_Locks
                                  000020f0       1dc   data ,g         * 
FILE=DefaultBuild\r_bsp_interrupts.obj
                                  000022cc  00002457       18c
  _g_bsp_vectors
                                  000022cc       18c   data ,l         * 
FILE=DefaultBuild\r_bsp_software_interrupt.obj
                                  00002458  00002537        e0
  _g_bsp_swint_access_ctrl
                                  00002458         8   data ,g         * 
  _s_bsp_swint_task
                                  00002460        d8   data ,l         * 
FILE=DefaultBuild\sbrk.obj
                                  00002538  0000293b       404
  __s1ptr
                                  00002538         4   data ,g         * 
  _s_heap_area
                                  0000253c       400   data ,l         * 
FILE=DefaultBuild\t4_driver.obj
                                  0000293c  000029ff        c4
  _t4_stat
                                  0000293c        c0   data ,g         * 
  _err_buf_ptr
                                  000029fc         4   data ,g         * 
FILE=DefaultBuild\r_cmt_rx.obj
                                  00002a00  00002a1f        20
  _g_cmt_modes
                                  00002a00        10   data ,l         * 
  _g_cmt_callbacks
                                  00002a10        10   data ,l         * 
FILE=DefaultBuild\r_ether_rx.obj
                                  00002a20  00002a27         8
  _cb_func
                                  00002a20         8   data ,l         * 
FILE=DefaultBuild\r_dns_client.obj
                                  00002a28  00002b67       140
  _dns_packet
                                  00002a28        24   data ,l         * 
  _dns_mng
                                  00002a4c       114   data ,g         * 
  _dns$1
                                  00002b60         8   data ,l         * 
FILE=DefaultBuild\r_byteq.obj
                                  00002b68  00002b97        30
  _g_qcb
                                  00002b68        30   data ,l         * 
FILE=DefaultBuild\EthernetProcess.obj
                                  00002b98  00007f9b      5404
  _tcpudp_work
                                  00002b98      5400   data ,l         * 
  _tcpPacket
                                  00007f98         4   data ,g         * 
FILE=DefaultBuild\RX64M_MQTT.obj
                                  00007f9c  00007f9f         4
  _mp
                                  00007f9c         4   data ,g         * 
FILE=tcp
                                  00007fa0  00007fa7         8
  __tcp_tcb
                                  00007fa0         4   data ,g         * 
  _head_tcb
                                  00007fa4         4   data ,g         * 
FILE=tcp_api
                                  00007fa8  00007fab         4
  __ether_arp_tbl
                                  00007fa8         4   data ,g         * 
FILE=udp
                                  00007fac  00007faf         4
  __udp_cb
                                  00007fac         4   data ,g         * 
FILE=_errno
                                  00007fb0  00007fb3         4
  __errno
                                  00007fb0         4   data ,g         * 
FILE=ether
                                  00007fb4  00007fb7         4
  __ether_p_rcv_buff
                                  00007fb4         4   data ,g         * 
FILE=ip
                                  00007fb8  00007fc3         c
  _data_link_buf_ptr
                                  00007fb8         4   data ,g         * 
  __ch_info_tbl
                                  00007fbc         4   data ,g         * 
  __ch_info_head
                                  00007fc0         4   data ,g         * 

SECTION=R
FILE=DefaultBuild\lowsrc.obj
                                  00007fc4  00007fd7        14
  _env_list
                                  00007fc4        10   data ,g         * 
  _environ
                                  00007fd4         4   data ,g         * 
FILE=DefaultBuild\sbrk.obj
                                  00007fd8  00007fdb         4
  _sp_brk
                                  00007fd8         4   data ,l         * 
FILE=DefaultBuild\timer.obj
                                  00007fdc  00007fdf         4
  _cmt_channel
                                  00007fdc         4   data ,l         * 
FILE=DefaultBuild\config_tcpudp.obj
                                  00007fe0  0000827f       2a0
  _tcp_crep
                                  00007fe0        d8   data ,g         * 
  _tcp_ccep
                                  000080b8       1b0   data ,g         * 
  __tcp_initial_seqno
                                  00008268         8   data ,g         * 
  _udp_ccep
                                  00008270        10   data ,g         * 
FILE=DefaultBuild\r_ether_rx.obj
                                  00008280  0000828f        10
  _papp_rx_desc
                                  00008280         8   data ,l         * 
  _papp_tx_desc
                                  00008288         8   data ,l         * 
FILE=DefaultBuild\r_dns_client.obj
                                  00008290  00008297         8
  _dnsaddr_tbl
                                  00008290         8   data ,l         * 
FILE=xfiles
                                  00008298  0000836f        d8
  __Stdin
                                  00008298        48   data ,g         * 
  __Stdout
                                  000082e0        48   data ,g         * 
  __Stderr
                                  00008328        48   data ,g         * 
FILE=xprintf
                                  00008370  00008373         4
  _stderr
                                  00008370         4   data ,g         * 
FILE=xctype
                                  00008374  0000837b         8
  __Ctype
                                  00008374         4   data ,g         * 
  __Tls_setup__Ctype
                                  00008378         4   data ,g         * 
FILE=malloc
                                  0000837c  00008383         8
  __Aldata
                                  0000837c         8   data ,g         * 
FILE=xstate
                                  00008384  000083cb        48
  __Tls_setup__Mbcurmax
                                  00008384         4   data ,g         * 
  __Mbstate
                                  00008388        40   data ,g         * 
  __Tls_setup__Mbstate
                                  000083c8         4   data ,g         * 
FILE=localeco
                                  000083cc  0000841f        54
  __Locale
                                  000083cc        50   data ,g         * 
  __Tls_setup__Locale
                                  0000841c         4   data ,g         * 
FILE=xwcstate
                                  00008420  00008463        44
  __Wcstate
                                  00008420        40   data ,g         * 
  __Tls_setup__Wcstate
                                  00008460         4   data ,g         * 
FILE=xfvalues
                                  00008464  000084db        78
  __FDenorm
                                  00008464        10   data ,g         * 
  __FEps
                                  00008474        10   data ,g         * 
  __FHugeval
                                  00008484        10   data ,g         * 
  __FInf
                                  00008494        10   data ,g         * 
  __FNan
                                  000084a4        10   data ,g         * 
  __FSnan
                                  000084b4        10   data ,g         * 
  __FRteps
                                  000084c4        10   data ,g         * 
  __FXbig
                                  000084d4         4   data ,g         * 
  __FZero
                                  000084d8         4   data ,g         * 

SECTION=B_ETHERNET_BUFFERS_1
FILE=DefaultBuild\r_ether_rx.obj
                                  00030000  000317ff      1800
  _ether_buffers
                                  00030000      1800   data ,l         * 

SECTION=B_RX_DESC_1
FILE=DefaultBuild\r_ether_rx.obj
                                  00031800  0003181f        20
  _rx_descriptors
                                  00031800        20   data ,l         * 

SECTION=B_TX_DESC_1
FILE=DefaultBuild\r_ether_rx.obj
                                  00031820  0003183f        20
  _tx_descriptors
                                  00031820        20   data ,l         * 

SECTION=$ADDR_C_120040
FILE=DefaultBuild\vecttbl.obj
                                  00120040  00120043         4
  ___SPCCreg
                                  00120040         4   data ,g         * 

SECTION=$ADDR_C_120048
FILE=DefaultBuild\vecttbl.obj
                                  00120048  0012004b         4
  ___TMEFreg
                                  00120048         4   data ,g         * 

SECTION=$ADDR_C_120050
FILE=DefaultBuild\vecttbl.obj
                                  00120050  0012006f        20
  ___OSIS1reg
                                  00120050         4   data ,g         * 
  ___OSIS2reg
                                  00120054         4   data ,g         * 
  ___OSIS3reg
                                  00120058         4   data ,g         * 
  ___OSIS4reg
                                  0012005c         4   data ,g         * 
  ___TMINFreg
                                  00120060         4   data ,g         * 
  ___MDEreg
                                  00120064         4   data ,g         * 
  ___OFS0reg
                                  00120068         4   data ,g         * 
  ___OFS1reg
                                  0012006c         4   data ,g         * 

SECTION=C_1
FILE=DefaultBuild\config_tcpudp.obj
                                  ffc00100  ffc00127        28
  __t4_channel_num
                                  ffc00100         1   data ,g         * 
  ___multi_TTL
                                  ffc00101         2   data ,g         * 
  __udp_enable_zerochecksum
                                  ffc00103         2   data ,g         * 
  _peer_dial
                                  ffc00105         6   data ,g         * 
  _at_commands
                                  ffc0010b        1d   data ,g         * 
FILE=DefaultBuild\r_ether_rx.obj
                                  ffc00128  ffc001cb        a4
  _pause_resolution
                                  ffc00128        50   data ,l         * 
  _ether_ch_0
                                  ffc00178        22   data ,l         * 
  _ether_ch_1
                                  ffc0019a        22   data ,l         * 
  _g_eth_control_ch
                                  ffc001bc        10   data ,g         * 
FILE=xprintf
                                  ffc001cc  ffc001d5         a
  _fchar$1
                                  ffc001cc         a   data ,l         * 
FILE=ether
                                  ffc001d6  ffc001e6        11
  _ip_broadcast$1
                                  ffc001d6         4   data ,l         * 
  _ip_broadcast$4
                                  ffc001da         4   data ,l         * 
  _eth_broadcast$3
                                  ffc001de         6   data ,l         * 
  _eth_multi_addr$2
                                  ffc001e4         3   data ,l         * 
FILE=xputtxt
                                  ffc001e7  ffc0028b        a5
  _spaces
                                  ffc001e7        21   data ,l         * 
  _zeroes
                                  ffc00208        21   data ,l         * 
  _asterisk
                                  ffc00229        21   data ,l         * 
  _plus
                                  ffc0024a        21   data ,l         * 
  _minus
                                  ffc0026b        21   data ,l         * 
FILE=xlitob
                                  ffc0028c  ffc002ad        22
  _ldigs
                                  ffc0028c        11   data ,l         * 
  _udigs
                                  ffc0029d        11   data ,l         * 
FILE=localeco
                                  ffc002ae  ffc002ae         1
  _null
                                  ffc002ae         1   data ,l         * 

SECTION=C_2
FILE=DefaultBuild\r_bsp_cpu.obj
                                  ffc002b0  ffc002b5         6
  _s_prcr_masks
                                  ffc002b0         6   data ,l         * 
FILE=DefaultBuild\config_tcpudp.obj
                                  ffc002b6  ffc002cd        18
  ___tcprepn
                                  ffc002b6         2   data ,g         * 
  ___tcpcepn
                                  ffc002b8         2   data ,g         * 
  __tcp_mss
                                  ffc002ba         4   data ,g         * 
  __tcp_2msl
                                  ffc002be         4   data ,g         * 
  __tcp_rt_tmo_rst
                                  ffc002c2         4   data ,g         * 
  ___udpcepn
                                  ffc002c6         2   data ,g         * 
  __ip_tblcnt
                                  ffc002c8         4   data ,g         * 
  _ppp_auth
                                  ffc002cc         2   data ,g         * 
FILE=xctype
                                  ffc002ce  ffc004cf       202
  _ctyp_tab
                                  ffc002ce       202   data ,l         * 

SECTION=C
FILE=DefaultBuild\dbsct.obj
                                  ffc004d0  ffc004e7        18
  __CTBL
                                  ffc004d0        18   data ,g         * 
FILE=DefaultBuild\r_cmt_rx.obj
                                  ffc004e8  ffc00507        20
  _g_cmt_channels
                                  ffc004e8        10   data ,l         * 
  _g_cmt_clock_dividers
                                  ffc004f8        10   data ,l         * 
FILE=DefaultBuild\r_dns_client.obj
                                  ffc00508  ffc005df        d8
  _dns_proc_table
                                  ffc00508        d8   data ,l         * 
FILE=_nfiles
                                  ffc005e0  ffc005e3         4
  __nfiles
                                  ffc005e0         4   data ,g         * 
FILE=tcp
                                  ffc005e4  ffc005fb        18
  _functbl_tcp_api$2
                                  ffc005e4        18   data ,l         * 
FILE=xfoprep
                                  ffc005fc  ffc00643        48
  _init$1
                                  ffc005fc        48   data ,l         * 
FILE=xprintf
                                  ffc00644  ffc0065b        18
  _fbit$2
                                  ffc00644        18   data ,l         * 
FILE=xfopen
                                  ffc0065c  ffc0066b        10
  _rwacc$1
                                  ffc0065c        10   data ,l         * 
FILE=xldtob
                                  ffc0066c  ffc00683        18
  _pows
                                  ffc0066c        18   data ,l         * 
FILE=_sbrk_si
                                  ffc00684  ffc00687         4
  __sbrk_size
                                  ffc00684         4   data ,g         * 

SECTION=C$DSEC
FILE=DefaultBuild\dbsct.obj
                                  ffc00688  ffc006ab        24
  __DTBL
                                  ffc00688        24   data ,g         * 

SECTION=C$BSEC
FILE=DefaultBuild\dbsct.obj
                                  ffc006ac  ffc006c3        18
  __BTBL
                                  ffc006ac        18   data ,g         * 

SECTION=C$VECT
FILE=DefaultBuild\resetprg.obj
                                  ffc006c4  ffc00ac3       400

SECTION=D_1
FILE=DefaultBuild\ether_callback.obj
                                  ffc00ac4  ffc00ac4         1
FILE=DefaultBuild\config_tcpudp.obj
                                  ffc00ac5  ffc00b06        42
FILE=DefaultBuild\r_ether_rx.obj
                                  ffc00b07  ffc00b09         3
FILE=DefaultBuild\r_dns_client.obj
                                  ffc00b0a  ffc00b11         8
FILE=DefaultBuild\r_byteq.obj
                                  ffc00b12  ffc00b12         1
FILE=DefaultBuild\globalVar.obj
                                  ffc00b13  ffc01348       836
FILE=DefaultBuild\RX64M_MQTT.obj
                                  ffc01349  ffc01349         1
FILE=xfiles
                                  ffc0134a  ffc01399        50
FILE=tcp
                                  ffc0139a  ffc0139a         1
FILE=xstate
                                  ffc0139b  ffc0139b         1

SECTION=D_2
FILE=DefaultBuild\r_dns_client.obj
                                  ffc0139c  ffc0139d         2

SECTION=D
FILE=DefaultBuild\lowsrc.obj
                                  ffc013a0  ffc013b3        14
FILE=DefaultBuild\sbrk.obj
                                  ffc013b4  ffc013b7         4
FILE=DefaultBuild\timer.obj
                                  ffc013b8  ffc013bb         4
FILE=DefaultBuild\config_tcpudp.obj
                                  ffc013bc  ffc0165b       2a0
FILE=DefaultBuild\r_ether_rx.obj
                                  ffc0165c  ffc0166b        10
FILE=DefaultBuild\r_dns_client.obj
                                  ffc0166c  ffc01673         8
FILE=xfiles
                                  ffc01674  ffc0174b        d8
FILE=xprintf
                                  ffc0174c  ffc0174f         4
FILE=xctype
                                  ffc01750  ffc01757         8
FILE=malloc
                                  ffc01758  ffc0175f         8
FILE=xstate
                                  ffc01760  ffc017a7        48
FILE=localeco
                                  ffc017a8  ffc017fb        54
FILE=xwcstate
                                  ffc017fc  ffc0183f        44
FILE=xfvalues
                                  ffc01840  ffc018b7        78

SECTION=P
FILE=DefaultBuild\r_cg_hardware_setup.obj
                                  ffc018b8  ffc018f2        3b
  _r_undefined_exception
                                  ffc018b8         1   func ,g         * 
  _R_Systeminit
                                  ffc018b9        3a   func ,g         * 
FILE=DefaultBuild\r_smc_cgc.obj
                                  ffc018f3  ffc018f6         4
  _R_CGC_Create
                                  ffc018f3         4   func ,g         * 
FILE=DefaultBuild\r_smc_cgc_user.obj
                                  ffc018f7  ffc018f7         1
  _R_CGC_Create_UserInit
                                  ffc018f7         1   func ,g         * 
FILE=DefaultBuild\r_smc_interrupt.obj
                                  ffc018f8  ffc018f8         1
  _R_Interrupt_Create
                                  ffc018f8         1   func ,g         * 
FILE=DefaultBuild\hwsetup.obj
                                  ffc018f9  ffc0190d        15
  _hardware_setup
                                  ffc018f9         d   func ,g         * 
  _output_ports_configure
                                  ffc01906         2   func ,l         * 
  _interrupts_configure
                                  ffc01908         2   func ,l         * 
  _peripheral_modules_enable
                                  ffc0190a         4   func ,l         * 
FILE=DefaultBuild\lowlvl.obj
                                  ffc0190e  ffc0192f        22
  _charput
                                  ffc0190e        10   func ,g         * 
  _charget
                                  ffc0191e        12   func ,g         * 
FILE=DefaultBuild\lowsrc.obj
                                  ffc01930  ffc01ab6       187
  _init_iolib
                                  ffc01930        84   func ,g         * 
  _close_all
                                  ffc019b4        2a   func ,g         * 
  _open
                                  ffc019de        67   func ,g         * 
  _close
                                  ffc01a45         3   func ,g         * 
  _write
                                  ffc01a48        37   func ,g         * 
  _read
                                  ffc01a7f        34   func ,g         * 
  _lseek
                                  ffc01ab3         4   func ,g         * 
FILE=DefaultBuild\resetprg.obj
                                  ffc01ab7  ffc01b1a        64
  _PowerON_Reset_PC
                                  ffc01ab7        64   entry,g         * 
FILE=DefaultBuild\r_bsp_common.obj
                                  ffc01b1b  ffc01bea        d0
  _R_BSP_GetVersion
                                  ffc01b1b         6   func ,g         * 
  _R_BSP_GetIClkFreqHz
                                  ffc01b21         4   func ,g         * 
  _R_BSP_SoftwareDelay
                                  ffc01b25        c6   func ,g         * 
FILE=DefaultBuild\r_bsp_cpu.obj
                                  ffc01beb  ffc01d5a       170
  _R_BSP_InterruptsDisable
                                  ffc01beb         9   func ,g         * 
  _R_BSP_InterruptsEnable
                                  ffc01bf4         9   func ,g         * 
  _R_BSP_CpuInterruptLevelRead
                                  ffc01bfd         8   func ,g         * 
  _R_BSP_CpuInterruptLevelWrite
                                  ffc01c05        5c   func ,g         * 
  _R_BSP_RegisterProtectEnable
                                  ffc01c61        67   func ,g         * 
  _R_BSP_RegisterProtectDisable
                                  ffc01cc8        5d   func ,g         * 
  _R_BSP_SoftwareReset
                                  ffc01d25        11   func ,g         * 
  _bsp_register_protect_open
                                  ffc01d36        12   func ,g         * 
  _bsp_ram_initialize
                                  ffc01d48        13   func ,g         * 
FILE=DefaultBuild\r_bsp_interrupts.obj
                                  ffc01d5b  ffc0211b       3c1
  _R_BSP_InterruptRequestEnable
                                  ffc01d5b         e   func ,g         * 
  _R_BSP_InterruptRequestDisable
                                  ffc01d69         e   func ,g         * 
  _bsp_interrupt_open
                                  ffc01d77        26   func ,g         * 
  _R_BSP_InterruptWrite
                                  ffc01d9d        1c   func ,g         * 
  _R_BSP_InterruptRead
                                  ffc01db9        1b   func ,g         * 
  _R_BSP_InterruptControl
                                  ffc01dd4        7e   func ,g         * 
  _bsp_fit_interrupts_control
                                  ffc01e52        43   func ,l         * 
  _bsp_gr_int_enable_disable
                                  ffc01e95       138   func ,l         * 
  _excep_supervisor_inst_isr
                                  ffc01fcd        17   func ,g         * 
  _excep_access_isr
                                  ffc01fe4        17   func ,g         * 
  _excep_undefined_inst_isr
                                  ffc01ffb        17   func ,g         * 
  _excep_floating_point_isr
                                  ffc02012        21   func ,g         * 
  _non_maskable_isr
                                  ffc02033        b4   func ,g         * 
  _undefined_interrupt_source_isr
                                  ffc020e7        17   func ,g         * 
  _bus_error_isr
                                  ffc020fe        1e   func ,g         * 
FILE=DefaultBuild\r_bsp_locking.obj
                                  ffc0211c  ffc0214d        32
  _R_BSP_SoftwareLock
                                  ffc0211c        10   func ,g         * 
  _R_BSP_SoftwareUnlock
                                  ffc0212c         6   func ,g         * 
  _R_BSP_HardwareLock
                                  ffc02132         e   func ,g         * 
  _R_BSP_HardwareUnlock
                                  ffc02140         e   func ,g         * 
FILE=DefaultBuild\r_bsp_software_interrupt.obj
                                  ffc0214e  ffc026f8       5ab
  _R_BSP_SoftwareInterruptOpen
                                  ffc0214e        af   func ,g         * 
  _R_BSP_SoftwareInterruptClose
                                  ffc021fd        93   func ,g         * 
  _R_BSP_SoftwareInterruptSetTask
                                  ffc02290        99   func ,g         * 
  _bsp_swint_get_interrupt_information
                                  ffc02329        4f   func ,l         * 
  _bsp_swint_enable_interrupt
                                  ffc02378        15   func ,l         * 
  _bsp_swint_disable_interrupt
                                  ffc0238d        15   func ,l         * 
  _bsp_swint_set_interrupt_priority
                                  ffc023a2        7e   func ,l         * 
  _bsp_swint_set_interrupt_request
                                  ffc02420        13   func ,l         * 
  _bsp_swint_clear_interrupt_request
                                  ffc02433        13   func ,l         * 
  _bsp_swint_enable_nested_interrupt
                                  ffc02446         c   func ,l         * 
  _bsp_swint_disable_nested_interrupt
                                  ffc02452         c   func ,l         * 
  _bsp_swint_clear_task
                                  ffc0245e        67   func ,l         * 
  _bsp_swint_clear_all_task
                                  ffc024c5        98   func ,l         * 
  _bsp_swint_get_all_task_status
                                  ffc0255d        2a   func ,l         * 
  _R_BSP_SoftwareInterruptControl
                                  ffc02587        6b   func ,g         * 
  _bsp_swint_get_access_control
                                  ffc025f2        18   func ,l         * 
  _bsp_swint_release_access_control
                                  ffc0260a        16   func ,l         * 
  _bsp_swint_dummy_task
                                  ffc02620         2   func ,l         * 
  _bsp_swint_execute_task
                                  ffc02622        b9   func ,l         * 
  _bsp_swint_isr
                                  ffc026db         f   func ,l         * 
  _bsp_swint2_isr
                                  ffc026ea         f   func ,l         * 
FILE=DefaultBuild\r_rx_intrinsic_functions.obj
                                  ffc026f9  ffc0278d        95
  _R_BSP_ChangeToUserMode
                                  ffc026f9        20   func ,g         * 
  _R_BSP_SetBPSW
                                  ffc02719         4   func ,g         * 
  _R_BSP_GetBPSW
                                  ffc0271d        11   func ,g         * 
  _R_BSP_SetBPC
                                  ffc0272e         4   func ,g         * 
  _R_BSP_GetBPC
                                  ffc02732        11   func ,g         * 
  _R_BSP_SetEXTB
                                  ffc02743         4   func ,g         * 
  _R_BSP_GetEXTB
                                  ffc02747        11   func ,g         * 
  _R_BSP_MoveToAccHiLong
                                  ffc02758         4   func ,g         * 
  _R_BSP_MoveToAccLoLong
                                  ffc0275c         4   func ,g         * 
  _R_BSP_MoveFromAccHiLong
                                  ffc02760        11   func ,g         * 
  _R_BSP_MoveFromAccMiLong
                                  ffc02771        11   func ,g         * 
  _R_BSP_BitSet
                                  ffc02782         4   func ,g         * 
  _R_BSP_BitClear
                                  ffc02786         4   func ,g         * 
  _R_BSP_BitReverse
                                  ffc0278a         4   func ,g         * 
FILE=DefaultBuild\sbrk.obj
                                  ffc0278e  ffc027ae        21
  _sbrk
[...]
FILE=freopen
                                  ffc06140  ffc0616e        2f
  _freopen
                                  ffc06140        2f   func ,g         * 
FILE=fclose
                                  ffc0616f  ffc061c2        54
  _fclose
                                  ffc0616f        54   func ,g         * 
FILE=printf
                                  ffc061c3  ffc061fc        3a
  _prout
                                  ffc061c3        1d   func ,l         * 
  _printf
                                  ffc061e0        1d   func ,g         * 
FILE=__COM_DIV64u
                                  ffc061fd  ffc06295        99
  __COM_DIV64u
                                  ffc061fd         0   none ,g         * 
  _Loop_Init
                                  ffc06207         0   none ,l         * 
  _Loop
                                  ffc0620f         0   none ,l         * 
  _DivStart
                                  ffc0621b         0   none ,l         * 
  _Success
                                  ffc06229         0   none ,l         * 
  _DivEnd
                                  ffc06235         0   none ,l         * 
  IXI6DIV
                                  ffc0623a         0   none ,l         * 
  IXI4DIV
                                  ffc0624c         0   none ,l         * 
  IXI2DIV
                                  ffc0625c         0   none ,l         * 
  I8I2DIV
                                  ffc06264         0   none ,l         * 
  I4I2DIV
                                  ffc06292         0   none ,l         * 
  _i8divU_End
                                  ffc06295         0   none ,l         * 
FILE=__initsct
                                  ffc06296  ffc062df        4a
  __INITSCT
                                  ffc06296         0   none ,g         * 
  loop1
                                  ffc062a8         0   none ,l         * 
  next_loop1
                                  ffc062b6         0   none ,l         * 
  loop3
                                  ffc062c8         0   none ,l         * 
  next_loop3
                                  ffc062d9         0   none ,l         * 
FILE=tcp
                                  ffc062e0  ffc08144      1e65
  _net2hl_yn_xn
                                  ffc062e0         f   func ,g         * 
  __tcp_init_tcb
                                  ffc062ef        7b   func ,g         * 
  __process_tcpip
                                  ffc0636a        87   func ,g         * 
  __proc_api
                                  ffc063f1        9a   func ,g         * 
  __tcp_api_acpt
                                  ffc0648b        89   func ,g         * 
  __tcp_api_con
                                  ffc06514        ba   func ,g         * 
  __tcp_api_sht_cls
                                  ffc065ce        eb   func ,g         * 
  __tcp_api_snddt
                                  ffc066b9        9f   func ,g         * 
  __tcp_api_rcvdt
                                  ffc06758        ad   func ,g         * 
  __tcp_cpy_rwdat
                                  ffc06805        bc   func ,g         * 
  __proc_rcv
                                  ffc068c1       2bc   func ,g         * 
  __tcp_stat
                                  ffc06b7d        72   func ,g         * 
  __tcp_rcv_rst
                                  ffc06bef       178   func ,g         * 
  __tcp_rcv_syn
                                  ffc06d67       174   func ,g         * 
  __tcp_rcv_ack
                                  ffc06edb       22b   func ,g         * 
  __tcp_rcv_opt
                                  ffc07106        a7   func ,g         * 
  __tcp_proc_data
                                  ffc071ad        d0   func ,g         * 
  __tcp_rcv_fin
                                  ffc0727d        fb   func ,g         * 
  __tcp_swin_updt
                                  ffc07378       11a   func ,g         * 
  __proc_snd
                                  ffc07492       467   func ,g         * 
  __tcp_snd
                                  ffc078f9       5be   func ,g         * 
  __tcp_cancel_api
                                  ffc07eb7        93   func ,g         * 
  __tcp_clr_rtq
                                  ffc07f4a        36   func ,g         * 
  __tcp_return_listen
                                  ffc07f80        1d   func ,g         * 
  __tcp_api_wup
                                  ffc07f9d        18   func ,g         * 
  __tcp_check_cepid_arg
                                  ffc07fb5        1b   func ,g         * 
  __tcp_check_len_arg
                                  ffc07fd0         5   func ,g         * 
  __tcp_check_tmout_arg
                                  ffc07fd5        3b   func ,g         * 
  __tcp_is_tcb_queue_over
                                  ffc08010        1e   func ,g         * 
  __tcp_call_callback
                                  ffc0802e        60   func ,g         * 
  __tcp_api_type_to_fn
                                  ffc0808e        42   func ,g         * 
  __tcp_recv_polling
                                  ffc080d0        6e   func ,g         * 
  __tcp_init_callback_info
                                  ffc0813e         7   func ,g         * 
FILE=tcp_api
                                  ffc08145  ffc08adc       998
  _tcpudp_open
                                  ffc08145       162   func ,g         * 
  _tcpudp_close
                                  ffc082a7         f   func ,g         * 
  __getRAMsize_sub
                                  ffc082b6        10   func ,g         * 
  __getTcpRAMsize
                                  ffc082c6        5a   func ,g         * 
  __getUdpRAMsize
                                  ffc08320         c   func ,g         * 
  __getIpRAMsize
                                  ffc0832c         b   func ,g         * 
  __getTblRAMsize
                                  ffc08337        33   func ,g         * 
  _tcpudp_get_ramsize
                                  ffc0836a        1d   func ,g         * 
  _tcp_acp_cep
                                  ffc08387        cd   func ,g         * 
  _tcp_con_cep
                                  ffc08454        e0   func ,g         * 
  _tcp_sht_cep
                                  ffc08534        82   func ,g         * 
  _tcp_cls_cep
                                  ffc085b6        9c   func ,g         * 
  _tcp_snd_dat
                                  ffc08652        cf   func ,g         * 
  _tcp_rcv_dat
                                  ffc08721       138   func ,g         * 
  _tcp_can_cep
                                  ffc08859        90   func ,g         * 
  __tcp_api_req
                                  ffc088e9        65   func ,g         * 
  __tcp_api_slp
                                  ffc0894e        25   func ,g         * 
  __tcp_clr_req
                                  ffc08973        40   func ,g         * 
  _tcp_read_stat
                                  ffc089b3        7f   func ,g         * 
  _tcp_force_clr
                                  ffc08a32        3f   func ,g         * 
  _udp_force_clr
                                  ffc08a71        42   func ,g         * 
  _tcp_set_mss
                                  ffc08ab3        2a   func ,g         * 
FILE=udp
                                  ffc08add  ffc092e4       808
  _udp_rcv_dat
                                  ffc08add       105   func ,g         * 
  _udp_snd_dat
                                  ffc08be2        bb   func ,g         * 
  _udp_can_cep
                                  ffc08c9d        97   func ,g         * 
  __udp_rcv
                                  ffc08d34        d4   func ,g         * 
  __udp_rcv_sub
                                  ffc08e08       135   func ,g         * 
  __udp_snd
                                  ffc08f3d       1cf   func ,g         * 
  __udp_api_slp
                                  ffc0910c        18   func ,g         * 
  __udp_api_wup
                                  ffc09124        10   func ,g         * 
  __proc_udp_api
                                  ffc09134        ae   func ,g         * 
  __udp_init
                                  ffc091e2        23   func ,g         * 
  __udp_api_tmout
                                  ffc09205        5c   func ,g         * 
  __tcpudp_cksum
                                  ffc09261        50   func ,g         * 
  __udp_api_type_to_fn
                                  ffc092b1        14   func ,g         * 
  __udp_check_cepid_arg
                                  ffc092c5        1b   func ,g         * 
  __udp_check_len_arg
                                  ffc092e0         5   func ,g         * 
FILE=fwrite
                                  ffc092e5  ffc093b5        d1
  _fwrite
                                  ffc092e5        d1   func ,g         * 
FILE=fflush
                                  ffc093b6  ffc09437        82
  _fflush
                                  ffc093b6        82   func ,g         * 
FILE=xfoprep
                                  ffc09438  ffc0950b        d4
  __Foprep
                                  ffc09438        d4   func ,g         * 
FILE=xfofind
                                  ffc0950c  ffc09598        8d
  __Fofind
                                  ffc0950c        44   func ,g         * 
  __Fofree
                                  ffc09550        49   func ,g         * 
FILE=xprintf
                                  ffc09599  ffc097fa       262
  __Printf
                                  ffc09599       262   func ,g         * 
FILE=memcmp
                                  ffc097fb  ffc0981e        24
  _memcmp
                                  ffc097fb        24   func ,g         * 
FILE=free
                                  ffc0981f  ffc098a0        82
  _free
                                  ffc0981f        82   func ,g         * 
FILE=ether
                                  ffc098a1  ffc09f26       686
  __ether_proc_rcv
                                  ffc098a1        c0   func ,g         * 
  __ether_rcv_arp
                                  ffc09961       101   func ,g         * 
  __ether_arp_resolve
                                  ffc09a62        19   func ,g         * 
  __ether_snd_arp
                                  ffc09a7b        b5   func ,g         * 
  __ether_snd_ip
                                  ffc09b30       194   func ,g         * 
  __ether_snd
                                  ffc09cc4       11d   func ,g         * 
  __ether_arp_add
                                  ffc09de1       10a   func ,g         * 
  __ether_arp_del
                                  ffc09eeb         b   func ,g         * 
  __ether_arp_init
                                  ffc09ef6        31   func ,g         * 
FILE=ip
                                  ffc09f27  ffc0a220       2fa
  __ip_rcv_hdr
                                  ffc09f27        ff   func ,g         * 
  __ip_snd
                                  ffc0a026        a3   func ,g         * 
  __ip_snd_icmp
                                  ffc0a0c9         c   func ,g         * 
  __ip_chk_srcip
                                  ffc0a0d5        3c   func ,l         * 
  __ip_check_ipadd_proto
                                  ffc0a111        71   func ,g         * 
  __ip_check_multicast
                                  ffc0a182        39   func ,g         * 
  __ip_check_broadcast
                                  ffc0a1bb        66   func ,g         * 
FILE=cksum_rx_little
                                  ffc0a221  ffc0a30f        ef
  __cksum
                                  ffc0a221         0   none ,g         * 
  ..tl0001
                                  ffc0a247         0   none ,l         * 
  CKSUM_ODD_NEXT4
                                  ffc0a25f         0   none ,l         * 
  CKSUM_ODD_NEXT2
                                  ffc0a26d         0   none ,l         * 
  CKSUM_ODD_NEXT1
                                  ffc0a275         0   none ,l         * 
  CKSUM_ODD_NBYTES_NOT_ODD
                                  ffc0a288         0   none ,l         * 
  CKSUM_EVEN
                                  ffc0a2a6         0   none ,l         * 
  ..tl0002
                                  ffc0a2ab         0   none ,l         * 
  CKSUM_EVEN_NEXT4
                                  ffc0a2c3         0   none ,l         * 
  CKSUM_EVEN_NEXT2
                                  ffc0a2d1         0   none ,l         * 
  CKSUM_EVEN_NEXT1
                                  ffc0a2d9         0   none ,l         * 
  CKSUM_EVEN_NBYTES_NOT_ODD
                                  ffc0a2ec         0   none ,l         * 
  CKSUM_EXIT
                                  ffc0a2ff         0   none ,l         * 
  CKSUM_ZERO_EXIT
                                  ffc0a307         0   none ,l         * 
FILE=xfwprep
                                  ffc0a310  ffc0a3a7        98
  __Fwprep
                                  ffc0a310        98   func ,g         * 
FILE=xputfld
                                  ffc0a3a8  ffc0a80c       465
  __Putfld
                                  ffc0a3a8       465   func ,g         * 
FILE=xfopen
                                  ffc0a80d  ffc0a83c        30
  __Fopen
                                  ffc0a80d        30   func ,g         * 
FILE=xvacopy
                                  ffc0a83d  ffc0a83f         3
  __Vacopy
                                  ffc0a83d         3   func ,g         * 
FILE=xputtxt
                                  ffc0a840  ffc0aa97       258
  __Puttxt
                                  ffc0a840       258   func ,g         * 
FILE=strchr
                                  ffc0aa98  ffc0aaaa        13
  _strchr
                                  ffc0aa98        13   func ,g         * 
FILE=xctype
                                  ffc0aaab  ffc0aac0        16
  __Getpctype
                                  ffc0aaab        16   func ,g         * 
FILE=malloc
                                  ffc0aac1  ffc0ab9e        de
  _findmem
                                  ffc0aac1        7b   func ,l         * 
  _malloc
                                  ffc0ab3c        63   func ,g         * 
FILE=xldtob
                                  ffc0ab9f  ffc0af7f       3e1
  __Ldtob
                                  ffc0ab9f       3e1   func ,g         * 
FILE=xputstr
                                  ffc0af80  ffc0b05d        de
  __Putstr
                                  ffc0af80        de   func ,g         * 
FILE=xlitob
                                  ffc0b05e  ffc0b16a       10d
  __Litob
                                  ffc0b05e       10d   func ,g         * 
FILE=xgetmem
                                  ffc0b16b  ffc0b185        1b
  __Getmem
                                  ffc0b16b        1b   func ,g         * 
FILE=xgenld
                                  ffc0b186  ffc0b436       2b1
  __Genld
                                  ffc0b186       2b1   func ,g         * 
FILE=xwctomb
                                  ffc0b437  ffc0b57e       148
  __Wctombx
                                  ffc0b437       102   func ,g         * 
  __Wctomb
                                  ffc0b539        46   func ,g         * 
FILE=xstate
                                  ffc0b57f  ffc0b5b0        32
  __Getmbcurmax
                                  ffc0b57f        16   func ,g         * 
  __Getpmbstate
                                  ffc0b595        1c   func ,g         * 
FILE=xldscale
                                  ffc0b5b1  ffc0b5b4         4
  __LDscale
                                  ffc0b5b1         4   func ,g         * 
FILE=xldunsca
                                  ffc0b5b5  ffc0b5b8         4
  __LDunscale
                                  ffc0b5b5         4   func ,g         * 
FILE=__COM_MOD64u
                                  ffc0b5b9  ffc0b63f        87
  __COM_MOD64u
                                  ffc0b5b9         0   none ,g         * 
  _Loop_Init
                                  ffc0b5c3         0   none ,l         * 
  _Loop
                                  ffc0b5c7         0   none ,l         * 
  _DivStart
                                  ffc0b5d3         0   none ,l         * 
  _Success
                                  ffc0b5e1         0   none ,l         * 
  _DivEnd
                                  ffc0b5e9         0   none ,l         * 
  IXI6DIV
                                  ffc0b5ea         0   none ,l         * 
  IXI4DIV
                                  ffc0b5fc         0   none ,l         * 
  IXI2DIV
                                  ffc0b60c         0   none ,l         * 
  I8I2DIV
                                  ffc0b614         0   none ,l         * 
  I4I2DIV
                                  ffc0b634         0   none ,l         * 
FILE=_div
                                  ffc0b640  ffc0b64b         c
  _ldiv
                                  ffc0b640         0   none ,g         * 
  _div
                                  ffc0b640         0   none ,g         * 
FILE=localeco
                                  ffc0b64c  ffc0b652         7
  _localeconv
                                  ffc0b64c         7   func ,g         * 
FILE=xwcstate
                                  ffc0b653  ffc0b66e        1c
  __Getpwcstate
                                  ffc0b653        1c   func ,g         * 
FILE=xfdscale
                                  ffc0b66f  ffc0b787       119
  __FDscale
                                  ffc0b66f       119   func ,g         * 
FILE=xfdunsca
                                  ffc0b788  ffc0b7e3        5c
  __FDunscale
                                  ffc0b788        5c   func ,g         * 
FILE=xfdnorm
                                  ffc0b7e4  ffc0b84c        69
  __FDnorm
                                  ffc0b7e4        69   func ,g         * 

SECTION=W_1
FILE=DefaultBuild\r_bsp_cpu.obj
                                  ffc0b84d  ffc0b85c        10
FILE=DefaultBuild\r_bsp_software_interrupt.obj
                                  ffc0b85d  ffc0b869         d

SECTION=L
FILE=DefaultBuild\dbsct.obj
                                  ffc0b86c  ffc0b86f         4
  _deadSpace
                                  ffc0b86c         4   data ,g         * 
FILE=DefaultBuild\lowsrc.obj
                                  ffc0b870  ffc0b8b1        42
FILE=DefaultBuild\r_ether_rx.obj
                                  ffc0b8b4  ffc0b96e        bb
FILE=DefaultBuild\r_dhcp_client.obj
                                  ffc0b970  ffc0b9e0        71
FILE=DefaultBuild\r_dns_client.obj
                                  ffc0b9e4  ffc0b9e5         2
FILE=DefaultBuild\EthernetProcess.obj
                                  ffc0b9e8  ffc0bcb6       2cf
FILE=DefaultBuild\RX64M_MQTT.obj
                                  ffc0bcb8  ffc0bdb0        f9
FILE=xprintf
                                  ffc0bdb4  ffc0bdba         7
FILE=ether
                                  ffc0bdbc  ffc0bdc7         c
FILE=xldtob
                                  ffc0bdc8  ffc0bde9        22
FILE=xgenld
                                  ffc0bdec  ffc0bded         2
FILE=localeco
                                  ffc0bdf0  ffc0bdfc         d

SECTION=EXCEPTVECT
FILE=DefaultBuild\vecttbl.obj
                                  ffffff80  fffffffb        7c
  _Except_Vectors
                                  ffffff80        7c   data ,g         * 

SECTION=RESETVECT
FILE=DefaultBuild\vecttbl.obj
                                  fffffffc  ffffffff         4
  _Reset_Vector
                                  fffffffc         4   data ,g         * 

*** Unfilled Areas ***

AREA                                START    END

*** Delete Symbols ***

SYMBOL                                SIZE    INFO
