Renesas Optimizing Linker (W3.03.00 )             21-Jul-2021 22:28:53

*** Options ***

-MAKEUD=DefaultBuild\RX64M_MQTT.lk.ud
-subcommand=DefaultBuild\RX64M_MQTT.clnk
-library=DefaultBuild\RX64M_MQTT.lib
-input=DefaultBuild\r_cg_hardware_setup.obj
-input=DefaultBuild\r_smc_cgc.obj
-input=DefaultBuild\r_smc_cgc_user.obj
-input=DefaultBuild\r_smc_interrupt.obj
-input=DefaultBuild\hwsetup.obj
-input=DefaultBuild\dbsct.obj
-input=DefaultBuild\lowlvl.obj
-input=DefaultBuild\lowsrc.obj
-input=DefaultBuild\mcu_locks.obj
-input=DefaultBuild\resetprg.obj
-input=DefaultBuild\r_bsp_common.obj
-input=DefaultBuild\r_bsp_cpu.obj
-input=DefaultBuild\r_bsp_interrupts.obj
-input=DefaultBuild\r_bsp_locking.obj
-input=DefaultBuild\r_bsp_mcu_startup.obj
-input=DefaultBuild\r_bsp_software_interrupt.obj
-input=DefaultBuild\r_rx_intrinsic_functions.obj
-input=DefaultBuild\sbrk.obj
-input=DefaultBuild\mcu_clocks.obj
-input=DefaultBuild\mcu_init.obj
-input=DefaultBuild\mcu_interrupts.obj
-input=DefaultBuild\mcu_mapped_interrupts.obj
-input=DefaultBuild\vecttbl.obj
-input=DefaultBuild\Pin.obj
-input=DefaultBuild\ether_callback.obj
-input=DefaultBuild\t4_driver.obj
-input=DefaultBuild\timer.obj
-input=DefaultBuild\config_tcpudp.obj
-input=DefaultBuild\r_cmt_rx.obj
-input=DefaultBuild\r_ether_rx.obj
-input=DefaultBuild\phy.obj
-input=DefaultBuild\r_ether_setting_rx.obj
-input=DefaultBuild\r_dhcp_client.obj
-input=DefaultBuild\r_dns_client.obj
-input=DefaultBuild\r_byteq.obj
-input=DefaultBuild\EthernetProcess.obj
-input=DefaultBuild\globalVar.obj
-input=DefaultBuild\LEDprocess.obj
-input=DefaultBuild\RX64M_MQTT.obj
-input=DefaultBuild\r_irq_rx.obj
-input=DefaultBuild\r_irq_rx_user.obj
-input=DefaultBuild\64mMQTT.obj
-library=src\r_t4_rx\lib\T4_Library_rxv1_ether_big.lib
-library=src\r_t4_rx\lib\T4_Library_rxv1_ether_little.lib
-library=src\r_t4_rx\lib\T4_Library_rxv2_ether_big.lib
-library=src\r_t4_rx\lib\T4_Library_rxv2_ether_little.lib
-library=src\r_t4_rx\lib\T4_Library_rxv1_ether_little.lib
-library=src\r_t4_rx\lib\T4_Library_rxv2_ether_little.lib
-noprelink
-output=DefaultBuild\RX64M_MQTT.abs
-vect=_undefined_interrupt_source_isr
-list=DefaultBuild\RX64M_MQTT.map
-show=symbol,total_size
-nooptimize
-start=SI,SU,B_1,R_1,B_2,R_2,B,R/00000020,B_ETHERNET_BUFFERS_1,B_RX_DESC_1,B_TX_DESC_1/00030000,PResetPRG/0FFC00000,C_1,C_2,C,C$DSEC,C$BSEC,C$INIT,C$VTBL,C$VECT,D_1,D_2,D,P,PIntPRG,W_1,W_2,W,L/0FFC00100,EXCEPTVECT/0FFFFFF80,RESETVECT/0FFFFFFFC
-rom=D=R,D_1=R_1,D_2=R_2
-stack
-nologo
-end

*** Error information ***

W0561010:Duplicate file specified in option "library" : "src\r_t4_rx\lib\T4_Library_rxv1_ether_little.lib"
W0561010:Duplicate file specified in option "library" : "src\r_t4_rx\lib\T4_Library_rxv2_ether_little.lib"
W0561320:Duplicate symbol "__ether_proc_rcv" in "src\r_t4_rx\lib\T4_Library_rxv1_ether_big.lib(ether)"
W0561320:Duplicate symbol "__ether_proc_rcv" in "src\r_t4_rx\lib\T4_Library_rxv1_ether_little.lib(ether)"
W0561320:Duplicate symbol "__ether_rcv_arp" in "src\r_t4_rx\lib\T4_Library_rxv1_ether_big.lib(ether)"
W0561320:Duplicate symbol "__ether_rcv_arp" in "src\r_t4_rx\lib\T4_Library_rxv1_ether_little.lib(ether)"
W0561320:Duplicate symbol "__ether_arp_resolve" in "src\r_t4_rx\lib\T4_Library_rxv1_ether_big.lib(ether)"
W0561320:Duplicate symbol "__ether_arp_resolve" in "src\r_t4_rx\lib\T4_Library_rxv1_ether_little.lib(ether)"
W0561320:Duplicate symbol "__ether_snd_arp" in "src\r_t4_rx\lib\T4_Library_rxv1_ether_big.lib(ether)"
W0561320:Duplicate symbol "__ether_snd_arp" in "src\r_t4_rx\lib\T4_Library_rxv1_ether_little.lib(ether)"
W0561320:Duplicate symbol "__ether_snd_ip" in "src\r_t4_rx\lib\T4_Library_rxv1_ether_big.lib(ether)"
W0561320:Duplicate symbol "__ether_snd_ip" in "src\r_t4_rx\lib\T4_Library_rxv1_ether_little.lib(ether)"
W0561320:Duplicate symbol "__ether_snd" in "src\r_t4_rx\lib\T4_Library_rxv1_ether_big.lib(ether)"
W0561320:Duplicate symbol "__ether_snd" in "src\r_t4_rx\lib\T4_Library_rxv1_ether_little.lib(ether)"
W0561320:Duplicate symbol "__ether_arp_add" in "src\r_t4_rx\lib\T4_Library_rxv1_ether_big.lib(ether)"
W0561320:Duplicate symbol "__ether_arp_add" in "src\r_t4_rx\lib\T4_Library_rxv1_ether_little.lib(ether)"
W0561320:Duplicate symbol "__ether_arp_del" in "src\r_t4_rx\lib\T4_Library_rxv1_ether_big.lib(ether)"
W0561320:Duplicate symbol "__ether_arp_del" in "src\r_t4_rx\lib\T4_Library_rxv1_ether_little.lib(ether)"
W0561320:Duplicate symbol "__ether_arp_init" in "src\r_t4_rx\lib\T4_Library_rxv1_ether_big.lib(ether)"
W0561320:Duplicate symbol "__ether_arp_init" in "src\r_t4_rx\lib\T4_Library_rxv1_ether_little.lib(ether)"
W0561320:Duplicate symbol "__ether_p_rcv_buff" in "src\r_t4_rx\lib\T4_Library_rxv1_ether_big.lib(ether)"
W0561320:Duplicate symbol "__ether_p_rcv_buff" in "src\r_t4_rx\lib\T4_Library_rxv1_ether_little.lib(ether)"
W0561320:Duplicate symbol "__ip_rcv_hdr" in "src\r_t4_rx\lib\T4_Library_rxv1_ether_big.lib(ip)"
W0561320:Duplicate symbol "__ip_rcv_hdr" in "src\r_t4_rx\lib\T4_Library_rxv1_ether_little.lib(ip)"
W0561320:Duplicate symbol "__ip_snd" in "src\r_t4_rx\lib\T4_Library_rxv1_ether_big.lib(ip)"
W0561320:Duplicate symbol "__ip_snd" in "src\r_t4_rx\lib\T4_Library_rxv1_ether_little.lib(ip)"
W0561320:Duplicate symbol "__ip_snd_icmp" in "src\r_t4_rx\lib\T4_Library_rxv1_ether_big.lib(ip)"
W0561320:Duplicate symbol "__ip_snd_icmp" in "src\r_t4_rx\lib\T4_Library_rxv1_ether_little.lib(ip)"
W0561320:Duplicate symbol "__ip_check_ipadd_proto" in "src\r_t4_rx\lib\T4_Library_rxv1_ether_big.lib(ip)"
W0561320:Duplicate symbol "__ip_check_ipadd_proto" in "src\r_t4_rx\lib\T4_Library_rxv1_ether_little.lib(ip)"
W0561320:Duplicate symbol "__ip_check_multicast" in "src\r_t4_rx\lib\T4_Library_rxv1_ether_big.lib(ip)"
W0561320:Duplicate symbol "__ip_check_multicast" in "src\r_t4_rx\lib\T4_Library_rxv1_ether_little.lib(ip)"
W0561320:Duplicate symbol "__ip_check_broadcast" in "src\r_t4_rx\lib\T4_Library_rxv1_ether_big.lib(ip)"
W0561320:Duplicate symbol "__ip_check_broadcast" in "src\r_t4_rx\lib\T4_Library_rxv1_ether_little.lib(ip)"
W0561320:Duplicate symbol "_data_link_buf_ptr" in "src\r_t4_rx\lib\T4_Library_rxv1_ether_big.lib(ip)"
W0561320:Duplicate symbol "_data_link_buf_ptr" in "src\r_t4_rx\lib\T4_Library_rxv1_ether_little.lib(ip)"
W0561320:Duplicate symbol "__ch_info_tbl" in "src\r_t4_rx\lib\T4_Library_rxv1_ether_big.lib(ip)"
W0561320:Duplicate symbol "__ch_info_tbl" in "src\r_t4_rx\lib\T4_Library_rxv1_ether_little.lib(ip)"
W0561320:Duplicate symbol "__ch_info_head" in "src\r_t4_rx\lib\T4_Library_rxv1_ether_big.lib(ip)"
W0561320:Duplicate symbol "__ch_info_head" in "src\r_t4_rx\lib\T4_Library_rxv1_ether_little.lib(ip)"
W0561320:Duplicate symbol "_R_t4_version" in "src\r_t4_rx\lib\T4_Library_rxv1_ether_big.lib(T4_Version)"
W0561320:Duplicate symbol "_R_t4_version" in "src\r_t4_rx\lib\T4_Library_rxv1_ether_little.lib(T4_Version)"
W0561320:Duplicate symbol "_net2hl_yn_xn" in "src\r_t4_rx\lib\T4_Library_rxv1_ether_big.lib(tcp)"
W0561320:Duplicate symbol "_net2hl_yn_xn" in "src\r_t4_rx\lib\T4_Library_rxv1_ether_little.lib(tcp)"
W0561320:Duplicate symbol "__tcp_init_tcb" in "src\r_t4_rx\lib\T4_Library_rxv1_ether_big.lib(tcp)"
W0561320:Duplicate symbol "__tcp_init_tcb" in "src\r_t4_rx\lib\T4_Library_rxv1_ether_little.lib(tcp)"
W0561320:Duplicate symbol "__process_tcpip" in "src\r_t4_rx\lib\T4_Library_rxv1_ether_big.lib(tcp)"
W0561320:Duplicate symbol "__process_tcpip" in "src\r_t4_rx\lib\T4_Library_rxv1_ether_little.lib(tcp)"
W0561320:Duplicate symbol "__proc_api" in "src\r_t4_rx\lib\T4_Library_rxv1_ether_big.lib(tcp)"
W0561320:Duplicate symbol "__proc_api" in "src\r_t4_rx\lib\T4_Library_rxv1_ether_little.lib(tcp)"
W0561320:Duplicate symbol "__tcp_api_acpt" in "src\r_t4_rx\lib\T4_Library_rxv1_ether_big.lib(tcp)"
W0561320:Duplicate symbol "__tcp_api_acpt" in "src\r_t4_rx\lib\T4_Library_rxv1_ether_little.lib(tcp)"
W0561320:Duplicate symbol "__tcp_api_con" in "src\r_t4_rx\lib\T4_Library_rxv1_ether_big.lib(tcp)"
W0561320:Duplicate symbol "__tcp_api_con" in "src\r_t4_rx\lib\T4_Library_rxv1_ether_little.lib(tcp)"
W0561320:Duplicate symbol "__tcp_api_sht_cls" in "src\r_t4_rx\lib\T4_Library_rxv1_ether_big.lib(tcp)"
W0561320:Duplicate symbol "__tcp_api_sht_cls" in "src\r_t4_rx\lib\T4_Library_rxv1_ether_little.lib(tcp)"
W0561320:Duplicate symbol "__tcp_api_snddt" in "src\r_t4_rx\lib\T4_Library_rxv1_ether_big.lib(tcp)"
W0561320:Duplicate symbol "__tcp_api_snddt" in "src\r_t4_rx\lib\T4_Library_rxv1_ether_little.lib(tcp)"
W0561320:Duplicate symbol "__tcp_api_rcvdt" in "src\r_t4_rx\lib\T4_Library_rxv1_ether_big.lib(tcp)"
W0561320:Duplicate symbol "__tcp_api_rcvdt" in "src\r_t4_rx\lib\T4_Library_rxv1_ether_little.lib(tcp)"
W0561320:Duplicate symbol "__tcp_cpy_rwdat" in "src\r_t4_rx\lib\T4_Library_rxv1_ether_big.lib(tcp)"
W0561320:Duplicate symbol "__tcp_cpy_rwdat" in "src\r_t4_rx\lib\T4_Library_rxv1_ether_little.lib(tcp)"
W0561320:Duplicate symbol "__proc_rcv" in "src\r_t4_rx\lib\T4_Library_rxv1_ether_big.lib(tcp)"
W0561320:Duplicate symbol "__proc_rcv" in "src\r_t4_rx\lib\T4_Library_rxv1_ether_little.lib(tcp)"
W0561320:Duplicate symbol "__tcp_stat" in "src\r_t4_rx\lib\T4_Library_rxv1_ether_big.lib(tcp)"
W0561320:Duplicate symbol "__tcp_stat" in "src\r_t4_rx\lib\T4_Library_rxv1_ether_little.lib(tcp)"
W0561320:Duplicate symbol "__tcp_rcv_rst" in "src\r_t4_rx\lib\T4_Library_rxv1_ether_big.lib(tcp)"
W0561320:Duplicate symbol "__tcp_rcv_rst" in "src\r_t4_rx\lib\T4_Library_rxv1_ether_little.lib(tcp)"
W0561320:Duplicate symbol "__tcp_rcv_syn" in "src\r_t4_rx\lib\T4_Library_rxv1_ether_big.lib(tcp)"
W0561320:Duplicate symbol "__tcp_rcv_syn" in "src\r_t4_rx\lib\T4_Library_rxv1_ether_little.lib(tcp)"
W0561320:Duplicate symbol "__tcp_rcv_ack" in "src\r_t4_rx\lib\T4_Library_rxv1_ether_big.lib(tcp)"
W0561320:Duplicate symbol "__tcp_rcv_ack" in "src\r_t4_rx\lib\T4_Library_rxv1_ether_little.lib(tcp)"
W0561320:Duplicate symbol "__tcp_rcv_opt" in "src\r_t4_rx\lib\T4_Library_rxv1_ether_big.lib(tcp)"
W0561320:Duplicate symbol "__tcp_rcv_opt" in "src\r_t4_rx\lib\T4_Library_rxv1_ether_little.lib(tcp)"
W0561320:Duplicate symbol "__tcp_proc_data" in "src\r_t4_rx\lib\T4_Library_rxv1_ether_big.lib(tcp)"
W0561320:Duplicate symbol "__tcp_proc_data" in "src\r_t4_rx\lib\T4_Library_rxv1_ether_little.lib(tcp)"
W0561320:Duplicate symbol "__tcp_rcv_fin" in "src\r_t4_rx\lib\T4_Library_rxv1_ether_big.lib(tcp)"
W0561320:Duplicate symbol "__tcp_rcv_fin" in "src\r_t4_rx\lib\T4_Library_rxv1_ether_little.lib(tcp)"
W0561320:Duplicate symbol "__tcp_swin_updt" in "src\r_t4_rx\lib\T4_Library_rxv1_ether_big.lib(tcp)"
W0561320:Duplicate symbol "__tcp_swin_updt" in "src\r_t4_rx\lib\T4_Library_rxv1_ether_little.lib(tcp)"
W0561320:Duplicate symbol "__proc_snd" in "src\r_t4_rx\lib\T4_Library_rxv1_ether_big.lib(tcp)"
W0561320:Duplicate symbol "__proc_snd" in "src\r_t4_rx\lib\T4_Library_rxv1_ether_little.lib(tcp)"
W0561320:Duplicate symbol "__tcp_snd" in "src\r_t4_rx\lib\T4_Library_rxv1_ether_big.lib(tcp)"
W0561320:Duplicate symbol "__tcp_snd" in "src\r_t4_rx\lib\T4_Library_rxv1_ether_little.lib(tcp)"
W0561320:Duplicate symbol "__tcp_cancel_api" in "src\r_t4_rx\lib\T4_Library_rxv1_ether_big.lib(tcp)"
W0561320:Duplicate symbol "__tcp_cancel_api" in "src\r_t4_rx\lib\T4_Library_rxv1_ether_little.lib(tcp)"
W0561320:Duplicate symbol "__tcp_clr_rtq" in "src\r_t4_rx\lib\T4_Library_rxv1_ether_big.lib(tcp)"
W0561320:Duplicate symbol "__tcp_clr_rtq" in "src\r_t4_rx\lib\T4_Library_rxv1_ether_little.lib(tcp)"
W0561320:Duplicate symbol "__tcp_return_listen" in "src\r_t4_rx\lib\T4_Library_rxv1_ether_big.lib(tcp)"
W0561320:Duplicate symbol "__tcp_return_listen" in "src\r_t4_rx\lib\T4_Library_rxv1_ether_little.lib(tcp)"
W0561320:Duplicate symbol "__tcp_api_wup" in "src\r_t4_rx\lib\T4_Library_rxv1_ether_big.lib(tcp)"
W0561320:Duplicate symbol "__tcp_api_wup" in "src\r_t4_rx\lib\T4_Library_rxv1_ether_little.lib(tcp)"
W0561320:Duplicate symbol "__tcp_check_cepid_arg" in "src\r_t4_rx\lib\T4_Library_rxv1_ether_big.lib(tcp)"
W0561320:Duplicate symbol "__tcp_check_cepid_arg" in "src\r_t4_rx\lib\T4_Library_rxv1_ether_little.lib(tcp)"
W0561320:Duplicate symbol "__tcp_check_len_arg" in "src\r_t4_rx\lib\T4_Library_rxv1_ether_big.lib(tcp)"
W0561320:Duplicate symbol "__tcp_check_len_arg" in "src\r_t4_rx\lib\T4_Library_rxv1_ether_little.lib(tcp)"
W0561320:Duplicate symbol "__tcp_check_tmout_arg" in "src\r_t4_rx\lib\T4_Library_rxv1_ether_big.lib(tcp)"
W0561320:Duplicate symbol "__tcp_check_tmout_arg" in "src\r_t4_rx\lib\T4_Library_rxv1_ether_little.lib(tcp)"
W0561320:Duplicate symbol "__tcp_is_tcb_queue_over" in "src\r_t4_rx\lib\T4_Library_rxv1_ether_big.lib(tcp)"
W0561320:Duplicate symbol "__tcp_is_tcb_queue_over" in "src\r_t4_rx\lib\T4_Library_rxv1_ether_little.lib(tcp)"
W0561320:Duplicate symbol "__tcp_call_callback" in "src\r_t4_rx\lib\T4_Library_rxv1_ether_big.lib(tcp)"
W0561320:Duplicate symbol "__tcp_call_callback" in "src\r_t4_rx\lib\T4_Library_rxv1_ether_little.lib(tcp)"
W0561320:Duplicate symbol "__tcp_api_type_to_fn" in "src\r_t4_rx\lib\T4_Library_rxv1_ether_big.lib(tcp)"
W0561320:Duplicate symbol "__tcp_api_type_to_fn" in "src\r_t4_rx\lib\T4_Library_rxv1_ether_little.lib(tcp)"
W0561320:Duplicate symbol "__tcp_recv_polling" in "src\r_t4_rx\lib\T4_Library_rxv1_ether_big.lib(tcp)"
W0561320:Duplicate symbol "__tcp_recv_polling" in "src\r_t4_rx\lib\T4_Library_rxv1_ether_little.lib(tcp)"
W0561320:Duplicate symbol "__tcp_init_callback_info" in "src\r_t4_rx\lib\T4_Library_rxv1_ether_big.lib(tcp)"
W0561320:Duplicate symbol "__tcp_init_callback_info" in "src\r_t4_rx\lib\T4_Library_rxv1_ether_little.lib(tcp)"
W0561320:Duplicate symbol "__tcp_tcb" in "src\r_t4_rx\lib\T4_Library_rxv1_ether_big.lib(tcp)"
W0561320:Duplicate symbol "__tcp_tcb" in "src\r_t4_rx\lib\T4_Library_rxv1_ether_little.lib(tcp)"
W0561320:Duplicate symbol "_head_tcb" in "src\r_t4_rx\lib\T4_Library_rxv1_ether_big.lib(tcp)"
W0561320:Duplicate symbol "_head_tcb" in "src\r_t4_rx\lib\T4_Library_rxv1_ether_little.lib(tcp)"
W0561320:Duplicate symbol "__tx_hdr" in "src\r_t4_rx\lib\T4_Library_rxv1_ether_big.lib(tcp)"
W0561320:Duplicate symbol "__tx_hdr" in "src\r_t4_rx\lib\T4_Library_rxv1_ether_little.lib(tcp)"
W0561320:Duplicate symbol "__tcp_timer_cnt" in "src\r_t4_rx\lib\T4_Library_rxv1_ether_big.lib(tcp)"
W0561320:Duplicate symbol "__tcp_timer_cnt" in "src\r_t4_rx\lib\T4_Library_rxv1_ether_little.lib(tcp)"
W0561320:Duplicate symbol "__tcp_pre_timer_cnt" in "src\r_t4_rx\lib\T4_Library_rxv1_ether_big.lib(tcp)"
W0561320:Duplicate symbol "__tcp_pre_timer_cnt" in "src\r_t4_rx\lib\T4_Library_rxv1_ether_little.lib(tcp)"
W0561320:Duplicate symbol "_tcpudp_open" in "src\r_t4_rx\lib\T4_Library_rxv1_ether_big.lib(tcp_api)"
W0561320:Duplicate symbol "_tcpudp_open" in "src\r_t4_rx\lib\T4_Library_rxv1_ether_little.lib(tcp_api)"
W0561320:Duplicate symbol "_tcpudp_close" in "src\r_t4_rx\lib\T4_Library_rxv1_ether_big.lib(tcp_api)"
W0561320:Duplicate symbol "_tcpudp_close" in "src\r_t4_rx\lib\T4_Library_rxv1_ether_little.lib(tcp_api)"
W0561320:Duplicate symbol "__getRAMsize_sub" in "src\r_t4_rx\lib\T4_Library_rxv1_ether_big.lib(tcp_api)"
W0561320:Duplicate symbol "__getRAMsize_sub" in "src\r_t4_rx\lib\T4_Library_rxv1_ether_little.lib(tcp_api)"
W0561320:Duplicate symbol "__getTcpRAMsize" in "src\r_t4_rx\lib\T4_Library_rxv1_ether_big.lib(tcp_api)"
W0561320:Duplicate symbol "__getTcpRAMsize" in "src\r_t4_rx\lib\T4_Library_rxv1_ether_little.lib(tcp_api)"
W0561320:Duplicate symbol "__getUdpRAMsize" in "src\r_t4_rx\lib\T4_Library_rxv1_ether_big.lib(tcp_api)"
W0561320:Duplicate symbol "__getUdpRAMsize" in "src\r_t4_rx\lib\T4_Library_rxv1_ether_little.lib(tcp_api)"
W0561320:Duplicate symbol "__getIpRAMsize" in "src\r_t4_rx\lib\T4_Library_rxv1_ether_big.lib(tcp_api)"
W0561320:Duplicate symbol "__getIpRAMsize" in "src\r_t4_rx\lib\T4_Library_rxv1_ether_little.lib(tcp_api)"
W0561320:Duplicate symbol "__getTblRAMsize" in "src\r_t4_rx\lib\T4_Library_rxv1_ether_big.lib(tcp_api)"
W0561320:Duplicate symbol "__getTblRAMsize" in "src\r_t4_rx\lib\T4_Library_rxv1_ether_little.lib(tcp_api)"
W0561320:Duplicate symbol "_tcpudp_get_ramsize" in "src\r_t4_rx\lib\T4_Library_rxv1_ether_big.lib(tcp_api)"
W0561320:Duplicate symbol "_tcpudp_get_ramsize" in "src\r_t4_rx\lib\T4_Library_rxv1_ether_little.lib(tcp_api)"
W0561320:Duplicate symbol "_tcp_acp_cep" in "src\r_t4_rx\lib\T4_Library_rxv1_ether_big.lib(tcp_api)"
W0561320:Duplicate symbol "_tcp_acp_cep" in "src\r_t4_rx\lib\T4_Library_rxv1_ether_little.lib(tcp_api)"
W0561320:Duplicate symbol "_tcp_con_cep" in "src\r_t4_rx\lib\T4_Library_rxv1_ether_big.lib(tcp_api)"
W0561320:Duplicate symbol "_tcp_con_cep" in "src\r_t4_rx\lib\T4_Library_rxv1_ether_little.lib(tcp_api)"
W0561320:Duplicate symbol "_tcp_sht_cep" in "src\r_t4_rx\lib\T4_Library_rxv1_ether_big.lib(tcp_api)"
W0561320:Duplicate symbol "_tcp_sht_cep" in "src\r_t4_rx\lib\T4_Library_rxv1_ether_little.lib(tcp_api)"
W0561320:Duplicate symbol "_tcp_cls_cep" in "src\r_t4_rx\lib\T4_Library_rxv1_ether_big.lib(tcp_api)"
W0561320:Duplicate symbol "_tcp_cls_cep" in "src\r_t4_rx\lib\T4_Library_rxv1_ether_little.lib(tcp_api)"
W0561320:Duplicate symbol "_tcp_snd_dat" in "src\r_t4_rx\lib\T4_Library_rxv1_ether_big.lib(tcp_api)"
W0561320:Duplicate symbol "_tcp_snd_dat" in "src\r_t4_rx\lib\T4_Library_rxv1_ether_little.lib(tcp_api)"
W0561320:Duplicate symbol "_tcp_rcv_dat" in "src\r_t4_rx\lib\T4_Library_rxv1_ether_big.lib(tcp_api)"
W0561320:Duplicate symbol "_tcp_rcv_dat" in "src\r_t4_rx\lib\T4_Library_rxv1_ether_little.lib(tcp_api)"
W0561320:Duplicate symbol "_tcp_can_cep" in "src\r_t4_rx\lib\T4_Library_rxv1_ether_big.lib(tcp_api)"
W0561320:Duplicate symbol "_tcp_can_cep" in "src\r_t4_rx\lib\T4_Library_rxv1_ether_little.lib(tcp_api)"
W0561320:Duplicate symbol "__tcp_api_req" in "src\r_t4_rx\lib\T4_Library_rxv1_ether_big.lib(tcp_api)"
W0561320:Duplicate symbol "__tcp_api_req" in "src\r_t4_rx\lib\T4_Library_rxv1_ether_little.lib(tcp_api)"
W0561320:Duplicate symbol "__tcp_api_slp" in "src\r_t4_rx\lib\T4_Library_rxv1_ether_big.lib(tcp_api)"
W0561320:Duplicate symbol "__tcp_api_slp" in "src\r_t4_rx\lib\T4_Library_rxv1_ether_little.lib(tcp_api)"
W0561320:Duplicate symbol "__tcp_clr_req" in "src\r_t4_rx\lib\T4_Library_rxv1_ether_big.lib(tcp_api)"
W0561320:Duplicate symbol "__tcp_clr_req" in "src\r_t4_rx\lib\T4_Library_rxv1_ether_little.lib(tcp_api)"
W0561320:Duplicate symbol "_tcp_read_stat" in "src\r_t4_rx\lib\T4_Library_rxv1_ether_big.lib(tcp_api)"
W0561320:Duplicate symbol "_tcp_read_stat" in "src\r_t4_rx\lib\T4_Library_rxv1_ether_little.lib(tcp_api)"
W0561320:Duplicate symbol "_tcp_force_clr" in "src\r_t4_rx\lib\T4_Library_rxv1_ether_big.lib(tcp_api)"
W0561320:Duplicate symbol "_tcp_force_clr" in "src\r_t4_rx\lib\T4_Library_rxv1_ether_little.lib(tcp_api)"
W0561320:Duplicate symbol "_udp_force_clr" in "src\r_t4_rx\lib\T4_Library_rxv1_ether_big.lib(tcp_api)"
W0561320:Duplicate symbol "_udp_force_clr" in "src\r_t4_rx\lib\T4_Library_rxv1_ether_little.lib(tcp_api)"
W0561320:Duplicate symbol "_tcp_set_mss" in "src\r_t4_rx\lib\T4_Library_rxv1_ether_big.lib(tcp_api)"
W0561320:Duplicate symbol "_tcp_set_mss" in "src\r_t4_rx\lib\T4_Library_rxv1_ether_little.lib(tcp_api)"
W0561320:Duplicate symbol "__ether_arp_tbl" in "src\r_t4_rx\lib\T4_Library_rxv1_ether_big.lib(tcp_api)"
W0561320:Duplicate symbol "__ether_arp_tbl" in "src\r_t4_rx\lib\T4_Library_rxv1_ether_little.lib(tcp_api)"
W0561320:Duplicate symbol "_udp_rcv_dat" in "src\r_t4_rx\lib\T4_Library_rxv1_ether_big.lib(udp)"
W0561320:Duplicate symbol "_udp_rcv_dat" in "src\r_t4_rx\lib\T4_Library_rxv1_ether_little.lib(udp)"
W0561320:Duplicate symbol "_udp_snd_dat" in "src\r_t4_rx\lib\T4_Library_rxv1_ether_big.lib(udp)"
W0561320:Duplicate symbol "_udp_snd_dat" in "src\r_t4_rx\lib\T4_Library_rxv1_ether_little.lib(udp)"
W0561320:Duplicate symbol "_udp_can_cep" in "src\r_t4_rx\lib\T4_Library_rxv1_ether_big.lib(udp)"
W0561320:Duplicate symbol "_udp_can_cep" in "src\r_t4_rx\lib\T4_Library_rxv1_ether_little.lib(udp)"
W0561320:Duplicate symbol "__udp_rcv" in "src\r_t4_rx\lib\T4_Library_rxv1_ether_big.lib(udp)"
W0561320:Duplicate symbol "__udp_rcv" in "src\r_t4_rx\lib\T4_Library_rxv1_ether_little.lib(udp)"
W0561320:Duplicate symbol "__udp_rcv_sub" in "src\r_t4_rx\lib\T4_Library_rxv1_ether_big.lib(udp)"
W0561320:Duplicate symbol "__udp_rcv_sub" in "src\r_t4_rx\lib\T4_Library_rxv1_ether_little.lib(udp)"
W0561320:Duplicate symbol "__udp_snd" in "src\r_t4_rx\lib\T4_Library_rxv1_ether_big.lib(udp)"
W0561320:Duplicate symbol "__udp_snd" in "src\r_t4_rx\lib\T4_Library_rxv1_ether_little.lib(udp)"
W0561320:Duplicate symbol "__udp_api_slp" in "src\r_t4_rx\lib\T4_Library_rxv1_ether_big.lib(udp)"
W0561320:Duplicate symbol "__udp_api_slp" in "src\r_t4_rx\lib\T4_Library_rxv1_ether_little.lib(udp)"
W0561320:Duplicate symbol "__udp_api_wup" in "src\r_t4_rx\lib\T4_Library_rxv1_ether_big.lib(udp)"
W0561320:Duplicate symbol "__udp_api_wup" in "src\r_t4_rx\lib\T4_Library_rxv1_ether_little.lib(udp)"
W0561320:Duplicate symbol "__proc_udp_api" in "src\r_t4_rx\lib\T4_Library_rxv1_ether_big.lib(udp)"
W0561320:Duplicate symbol "__proc_udp_api" in "src\r_t4_rx\lib\T4_Library_rxv1_ether_little.lib(udp)"
W0561320:Duplicate symbol "__udp_init" in "src\r_t4_rx\lib\T4_Library_rxv1_ether_big.lib(udp)"
W0561320:Duplicate symbol "__udp_init" in "src\r_t4_rx\lib\T4_Library_rxv1_ether_little.lib(udp)"
W0561320:Duplicate symbol "__udp_api_tmout" in "src\r_t4_rx\lib\T4_Library_rxv1_ether_big.lib(udp)"
W0561320:Duplicate symbol "__udp_api_tmout" in "src\r_t4_rx\lib\T4_Library_rxv1_ether_little.lib(udp)"
W0561320:Duplicate symbol "__tcpudp_cksum" in "src\r_t4_rx\lib\T4_Library_rxv1_ether_big.lib(udp)"
W0561320:Duplicate symbol "__tcpudp_cksum" in "src\r_t4_rx\lib\T4_Library_rxv1_ether_little.lib(udp)"
W0561320:Duplicate symbol "__udp_api_type_to_fn" in "src\r_t4_rx\lib\T4_Library_rxv1_ether_big.lib(udp)"
W0561320:Duplicate symbol "__udp_api_type_to_fn" in "src\r_t4_rx\lib\T4_Library_rxv1_ether_little.lib(udp)"
W0561320:Duplicate symbol "__udp_check_cepid_arg" in "src\r_t4_rx\lib\T4_Library_rxv1_ether_big.lib(udp)"
W0561320:Duplicate symbol "__udp_check_cepid_arg" in "src\r_t4_rx\lib\T4_Library_rxv1_ether_little.lib(udp)"
W0561320:Duplicate symbol "__udp_check_len_arg" in "src\r_t4_rx\lib\T4_Library_rxv1_ether_big.lib(udp)"
W0561320:Duplicate symbol "__udp_check_len_arg" in "src\r_t4_rx\lib\T4_Library_rxv1_ether_little.lib(udp)"
W0561320:Duplicate symbol "__udp_cb" in "src\r_t4_rx\lib\T4_Library_rxv1_ether_big.lib(udp)"
W0561320:Duplicate symbol "__udp_cb" in "src\r_t4_rx\lib\T4_Library_rxv1_ether_little.lib(udp)"
W0561320:Duplicate symbol "__cksum" in "src\r_t4_rx\lib\T4_Library_rxv1_ether_big.lib(cksum_rx_little)"
W0561320:Duplicate symbol "__cksum" in "src\r_t4_rx\lib\T4_Library_rxv1_ether_little.lib(cksum_rx_little)"
W0561320:Duplicate symbol "__ether_proc_rcv" in "src\r_t4_rx\lib\T4_Library_rxv2_ether_big.lib(ether)"
W0561320:Duplicate symbol "__ether_rcv_arp" in "src\r_t4_rx\lib\T4_Library_rxv2_ether_big.lib(ether)"
W0561320:Duplicate symbol "__ether_arp_resolve" in "src\r_t4_rx\lib\T4_Library_rxv2_ether_big.lib(ether)"
W0561320:Duplicate symbol "__ether_snd_arp" in "src\r_t4_rx\lib\T4_Library_rxv2_ether_big.lib(ether)"
W0561320:Duplicate symbol "__ether_snd_ip" in "src\r_t4_rx\lib\T4_Library_rxv2_ether_big.lib(ether)"
W0561320:Duplicate symbol "__ether_snd" in "src\r_t4_rx\lib\T4_Library_rxv2_ether_big.lib(ether)"
W0561320:Duplicate symbol "__ether_arp_add" in "src\r_t4_rx\lib\T4_Library_rxv2_ether_big.lib(ether)"
W0561320:Duplicate symbol "__ether_arp_del" in "src\r_t4_rx\lib\T4_Library_rxv2_ether_big.lib(ether)"
W0561320:Duplicate symbol "__ether_arp_init" in "src\r_t4_rx\lib\T4_Library_rxv2_ether_big.lib(ether)"
W0561320:Duplicate symbol "__ether_p_rcv_buff" in "src\r_t4_rx\lib\T4_Library_rxv2_ether_big.lib(ether)"
W0561320:Duplicate symbol "__ip_rcv_hdr" in "src\r_t4_rx\lib\T4_Library_rxv2_ether_big.lib(ip)"
W0561320:Duplicate symbol "__ip_snd" in "src\r_t4_rx\lib\T4_Library_rxv2_ether_big.lib(ip)"
W0561320:Duplicate symbol "__ip_snd_icmp" in "src\r_t4_rx\lib\T4_Library_rxv2_ether_big.lib(ip)"
W0561320:Duplicate symbol "__ip_check_ipadd_proto" in "src\r_t4_rx\lib\T4_Library_rxv2_ether_big.lib(ip)"
W0561320:Duplicate symbol "__ip_check_multicast" in "src\r_t4_rx\lib\T4_Library_rxv2_ether_big.lib(ip)"
W0561320:Duplicate symbol "__ip_check_broadcast" in "src\r_t4_rx\lib\T4_Library_rxv2_ether_big.lib(ip)"
W0561320:Duplicate symbol "_data_link_buf_ptr" in "src\r_t4_rx\lib\T4_Library_rxv2_ether_big.lib(ip)"
W0561320:Duplicate symbol "__ch_info_tbl" in "src\r_t4_rx\lib\T4_Library_rxv2_ether_big.lib(ip)"
W0561320:Duplicate symbol "__ch_info_head" in "src\r_t4_rx\lib\T4_Library_rxv2_ether_big.lib(ip)"
W0561320:Duplicate symbol "_R_t4_version" in "src\r_t4_rx\lib\T4_Library_rxv2_ether_big.lib(T4_Version)"
W0561320:Duplicate symbol "_net2hl_yn_xn" in "src\r_t4_rx\lib\T4_Library_rxv2_ether_big.lib(tcp)"
W0561320:Duplicate symbol "__tcp_init_tcb" in "src\r_t4_rx\lib\T4_Library_rxv2_ether_big.lib(tcp)"
W0561320:Duplicate symbol "__process_tcpip" in "src\r_t4_rx\lib\T4_Library_rxv2_ether_big.lib(tcp)"
W0561320:Duplicate symbol "__proc_api" in "src\r_t4_rx\lib\T4_Library_rxv2_ether_big.lib(tcp)"
W0561320:Duplicate symbol "__tcp_api_acpt" in "src\r_t4_rx\lib\T4_Library_rxv2_ether_big.lib(tcp)"
W0561320:Duplicate symbol "__tcp_api_con" in "src\r_t4_rx\lib\T4_Library_rxv2_ether_big.lib(tcp)"
W0561320:Duplicate symbol "__tcp_api_sht_cls" in "src\r_t4_rx\lib\T4_Library_rxv2_ether_big.lib(tcp)"
W0561320:Duplicate symbol "__tcp_api_snddt" in "src\r_t4_rx\lib\T4_Library_rxv2_ether_big.lib(tcp)"
W0561320:Duplicate symbol "__tcp_api_rcvdt" in "src\r_t4_rx\lib\T4_Library_rxv2_ether_big.lib(tcp)"
W0561320:Duplicate symbol "__tcp_cpy_rwdat" in "src\r_t4_rx\lib\T4_Library_rxv2_ether_big.lib(tcp)"
W0561320:Duplicate symbol "__proc_rcv" in "src\r_t4_rx\lib\T4_Library_rxv2_ether_big.lib(tcp)"
W0561320:Duplicate symbol "__tcp_stat" in "src\r_t4_rx\lib\T4_Library_rxv2_ether_big.lib(tcp)"
W0561320:Duplicate symbol "__tcp_rcv_rst" in "src\r_t4_rx\lib\T4_Library_rxv2_ether_big.lib(tcp)"
W0561320:Duplicate symbol "__tcp_rcv_syn" in "src\r_t4_rx\lib\T4_Library_rxv2_ether_big.lib(tcp)"
W0561320:Duplicate symbol "__tcp_rcv_ack" in "src\r_t4_rx\lib\T4_Library_rxv2_ether_big.lib(tcp)"
W0561320:Duplicate symbol "__tcp_rcv_opt" in "src\r_t4_rx\lib\T4_Library_rxv2_ether_big.lib(tcp)"
W0561320:Duplicate symbol "__tcp_proc_data" in "src\r_t4_rx\lib\T4_Library_rxv2_ether_big.lib(tcp)"
W0561320:Duplicate symbol "__tcp_rcv_fin" in "src\r_t4_rx\lib\T4_Library_rxv2_ether_big.lib(tcp)"
W0561320:Duplicate symbol "__tcp_swin_updt" in "src\r_t4_rx\lib\T4_Library_rxv2_ether_big.lib(tcp)"
W0561320:Duplicate symbol "__proc_snd" in "src\r_t4_rx\lib\T4_Library_rxv2_ether_big.lib(tcp)"
W0561320:Duplicate symbol "__tcp_snd" in "src\r_t4_rx\lib\T4_Library_rxv2_ether_big.lib(tcp)"
W0561320:Duplicate symbol "__tcp_cancel_api" in "src\r_t4_rx\lib\T4_Library_rxv2_ether_big.lib(tcp)"
W0561320:Duplicate symbol "__tcp_clr_rtq" in "src\r_t4_rx\lib\T4_Library_rxv2_ether_big.lib(tcp)"
W0561320:Duplicate symbol "__tcp_return_listen" in "src\r_t4_rx\lib\T4_Library_rxv2_ether_big.lib(tcp)"
W0561320:Duplicate symbol "__tcp_api_wup" in "src\r_t4_rx\lib\T4_Library_rxv2_ether_big.lib(tcp)"
W0561320:Duplicate symbol "__tcp_check_cepid_arg" in "src\r_t4_rx\lib\T4_Library_rxv2_ether_big.lib(tcp)"
W0561320:Duplicate symbol "__tcp_check_len_arg" in "src\r_t4_rx\lib\T4_Library_rxv2_ether_big.lib(tcp)"
W0561320:Duplicate symbol "__tcp_check_tmout_arg" in "src\r_t4_rx\lib\T4_Library_rxv2_ether_big.lib(tcp)"
W0561320:Duplicate symbol "__tcp_is_tcb_queue_over" in "src\r_t4_rx\lib\T4_Library_rxv2_ether_big.lib(tcp)"
W0561320:Duplicate symbol "__tcp_call_callback" in "src\r_t4_rx\lib\T4_Library_rxv2_ether_big.lib(tcp)"
W0561320:Duplicate symbol "__tcp_api_type_to_fn" in "src\r_t4_rx\lib\T4_Library_rxv2_ether_big.lib(tcp)"
W0561320:Duplicate symbol "__tcp_recv_polling" in "src\r_t4_rx\lib\T4_Library_rxv2_ether_big.lib(tcp)"
W0561320:Duplicate symbol "__tcp_init_callback_info" in "src\r_t4_rx\lib\T4_Library_rxv2_ether_big.lib(tcp)"
W0561320:Duplicate symbol "__tcp_tcb" in "src\r_t4_rx\lib\T4_Library_rxv2_ether_big.lib(tcp)"
W0561320:Duplicate symbol "_head_tcb" in "src\r_t4_rx\lib\T4_Library_rxv2_ether_big.lib(tcp)"
W0561320:Duplicate symbol "__tx_hdr" in "src\r_t4_rx\lib\T4_Library_rxv2_ether_big.lib(tcp)"
W0561320:Duplicate symbol "__tcp_timer_cnt" in "src\r_t4_rx\lib\T4_Library_rxv2_ether_big.lib(tcp)"
W0561320:Duplicate symbol "__tcp_pre_timer_cnt" in "src\r_t4_rx\lib\T4_Library_rxv2_ether_big.lib(tcp)"
W0561320:Duplicate symbol "_tcpudp_open" in "src\r_t4_rx\lib\T4_Library_rxv2_ether_big.lib(tcp_api)"
W0561320:Duplicate symbol "_tcpudp_close" in "src\r_t4_rx\lib\T4_Library_rxv2_ether_big.lib(tcp_api)"
W0561320:Duplicate symbol "__getRAMsize_sub" in "src\r_t4_rx\lib\T4_Library_rxv2_ether_big.lib(tcp_api)"
W0561320:Duplicate symbol "__getTcpRAMsize" in "src\r_t4_rx\lib\T4_Library_rxv2_ether_big.lib(tcp_api)"
W0561320:Duplicate symbol "__getUdpRAMsize" in "src\r_t4_rx\lib\T4_Library_rxv2_ether_big.lib(tcp_api)"
W0561320:Duplicate symbol "__getIpRAMsize" in "src\r_t4_rx\lib\T4_Library_rxv2_ether_big.lib(tcp_api)"
W0561320:Duplicate symbol "__getTblRAMsize" in "src\r_t4_rx\lib\T4_Library_rxv2_ether_big.lib(tcp_api)"
W0561320:Duplicate symbol "_tcpudp_get_ramsize" in "src\r_t4_rx\lib\T4_Library_rxv2_ether_big.lib(tcp_api)"
W0561320:Duplicate symbol "_tcp_acp_cep" in "src\r_t4_rx\lib\T4_Library_rxv2_ether_big.lib(tcp_api)"
W0561320:Duplicate symbol "_tcp_con_cep" in "src\r_t4_rx\lib\T4_Library_rxv2_ether_big.lib(tcp_api)"
W0561320:Duplicate symbol "_tcp_sht_cep" in "src\r_t4_rx\lib\T4_Library_rxv2_ether_big.lib(tcp_api)"
W0561320:Duplicate symbol "_tcp_cls_cep" in "src\r_t4_rx\lib\T4_Library_rxv2_ether_big.lib(tcp_api)"
W0561320:Duplicate symbol "_tcp_snd_dat" in "src\r_t4_rx\lib\T4_Library_rxv2_ether_big.lib(tcp_api)"
W0561320:Duplicate symbol "_tcp_rcv_dat" in "src\r_t4_rx\lib\T4_Library_rxv2_ether_big.lib(tcp_api)"
W0561320:Duplicate symbol "_tcp_can_cep" in "src\r_t4_rx\lib\T4_Library_rxv2_ether_big.lib(tcp_api)"
W0561320:Duplicate symbol "__tcp_api_req" in "src\r_t4_rx\lib\T4_Library_rxv2_ether_big.lib(tcp_api)"
W0561320:Duplicate symbol "__tcp_api_slp" in "src\r_t4_rx\lib\T4_Library_rxv2_ether_big.lib(tcp_api)"
W0561320:Duplicate symbol "__tcp_clr_req" in "src\r_t4_rx\lib\T4_Library_rxv2_ether_big.lib(tcp_api)"
W0561320:Duplicate symbol "_tcp_read_stat" in "src\r_t4_rx\lib\T4_Library_rxv2_ether_big.lib(tcp_api)"
W0561320:Duplicate symbol "_tcp_force_clr" in "src\r_t4_rx\lib\T4_Library_rxv2_ether_big.lib(tcp_api)"
W0561320:Duplicate symbol "_udp_force_clr" in "src\r_t4_rx\lib\T4_Library_rxv2_ether_big.lib(tcp_api)"
W0561320:Duplicate symbol "_tcp_set_mss" in "src\r_t4_rx\lib\T4_Library_rxv2_ether_big.lib(tcp_api)"
W0561320:Duplicate symbol "__ether_arp_tbl" in "src\r_t4_rx\lib\T4_Library_rxv2_ether_big.lib(tcp_api)"
W0561320:Duplicate symbol "_udp_rcv_dat" in "src\r_t4_rx\lib\T4_Library_rxv2_ether_big.lib(udp)"
W0561320:Duplicate symbol "_udp_snd_dat" in "src\r_t4_rx\lib\T4_Library_rxv2_ether_big.lib(udp)"
W0561320:Duplicate symbol "_udp_can_cep" in "src\r_t4_rx\lib\T4_Library_rxv2_ether_big.lib(udp)"
W0561320:Duplicate symbol "__udp_rcv" in "src\r_t4_rx\lib\T4_Library_rxv2_ether_big.lib(udp)"
W0561320:Duplicate symbol "__udp_rcv_sub" in "src\r_t4_rx\lib\T4_Library_rxv2_ether_big.lib(udp)"
W0561320:Duplicate symbol "__udp_snd" in "src\r_t4_rx\lib\T4_Library_rxv2_ether_big.lib(udp)"
W0561320:Duplicate symbol "__udp_api_slp" in "src\r_t4_rx\lib\T4_Library_rxv2_ether_big.lib(udp)"
W0561320:Duplicate symbol "__udp_api_wup" in "src\r_t4_rx\lib\T4_Library_rxv2_ether_big.lib(udp)"
W0561320:Duplicate symbol "__proc_udp_api" in "src\r_t4_rx\lib\T4_Library_rxv2_ether_big.lib(udp)"
W0561320:Duplicate symbol "__udp_init" in "src\r_t4_rx\lib\T4_Library_rxv2_ether_big.lib(udp)"
W0561320:Duplicate symbol "__udp_api_tmout" in "src\r_t4_rx\lib\T4_Library_rxv2_ether_big.lib(udp)"
W0561320:Duplicate symbol "__tcpudp_cksum" in "src\r_t4_rx\lib\T4_Library_rxv2_ether_big.lib(udp)"
W0561320:Duplicate symbol "__udp_api_type_to_fn" in "src\r_t4_rx\lib\T4_Library_rxv2_ether_big.lib(udp)"
W0561320:Duplicate symbol "__udp_check_cepid_arg" in "src\r_t4_rx\lib\T4_Library_rxv2_ether_big.lib(udp)"
W0561320:Duplicate symbol "__udp_check_len_arg" in "src\r_t4_rx\lib\T4_Library_rxv2_ether_big.lib(udp)"
W0561320:Duplicate symbol "__udp_cb" in "src\r_t4_rx\lib\T4_Library_rxv2_ether_big.lib(udp)"
W0561320:Duplicate symbol "__cksum" in "src\r_t4_rx\lib\T4_Library_rxv2_ether_big.lib(cksum_rx_little)"
W0561320:Duplicate symbol "__ether_proc_rcv" in "src\r_t4_rx\lib\T4_Library_rxv2_ether_little.lib(ether)"
W0561320:Duplicate symbol "__ether_rcv_arp" in "src\r_t4_rx\lib\T4_Library_rxv2_ether_little.lib(ether)"
W0561320:Duplicate symbol "__ether_arp_resolve" in "src\r_t4_rx\lib\T4_Library_rxv2_ether_little.lib(ether)"
W0561320:Duplicate symbol "__ether_snd_arp" in "src\r_t4_rx\lib\T4_Library_rxv2_ether_little.lib(ether)"
W0561320:Duplicate symbol "__ether_snd_ip" in "src\r_t4_rx\lib\T4_Library_rxv2_ether_little.lib(ether)"
W0561320:Duplicate symbol "__ether_snd" in "src\r_t4_rx\lib\T4_Library_rxv2_ether_little.lib(ether)"
W0561320:Duplicate symbol "__ether_arp_add" in "src\r_t4_rx\lib\T4_Library_rxv2_ether_little.lib(ether)"
W0561320:Duplicate symbol "__ether_arp_del" in "src\r_t4_rx\lib\T4_Library_rxv2_ether_little.lib(ether)"
W0561320:Duplicate symbol "__ether_arp_init" in "src\r_t4_rx\lib\T4_Library_rxv2_ether_little.lib(ether)"
W0561320:Duplicate symbol "__ether_p_rcv_buff" in "src\r_t4_rx\lib\T4_Library_rxv2_ether_little.lib(ether)"
W0561320:Duplicate symbol "__ip_rcv_hdr" in "src\r_t4_rx\lib\T4_Library_rxv2_ether_little.lib(ip)"
W0561320:Duplicate symbol "__ip_snd" in "src\r_t4_rx\lib\T4_Library_rxv2_ether_little.lib(ip)"
W0561320:Duplicate symbol "__ip_snd_icmp" in "src\r_t4_rx\lib\T4_Library_rxv2_ether_little.lib(ip)"
W0561320:Duplicate symbol "__ip_check_ipadd_proto" in "src\r_t4_rx\lib\T4_Library_rxv2_ether_little.lib(ip)"
W0561320:Duplicate symbol "__ip_check_multicast" in "src\r_t4_rx\lib\T4_Library_rxv2_ether_little.lib(ip)"
W0561320:Duplicate symbol "__ip_check_broadcast" in "src\r_t4_rx\lib\T4_Library_rxv2_ether_little.lib(ip)"
W0561320:Duplicate symbol "_data_link_buf_ptr" in "src\r_t4_rx\lib\T4_Library_rxv2_ether_little.lib(ip)"
W0561320:Duplicate symbol "__ch_info_tbl" in "src\r_t4_rx\lib\T4_Library_rxv2_ether_little.lib(ip)"
W0561320:Duplicate symbol "__ch_info_head" in "src\r_t4_rx\lib\T4_Library_rxv2_ether_little.lib(ip)"
W0561320:Duplicate symbol "_R_t4_version" in "src\r_t4_rx\lib\T4_Library_rxv2_ether_little.lib(T4_Version)"
W0561320:Duplicate symbol "_net2hl_yn_xn" in "src\r_t4_rx\lib\T4_Library_rxv2_ether_little.lib(tcp)"
W0561320:Duplicate symbol "__tcp_init_tcb" in "src\r_t4_rx\lib\T4_Library_rxv2_ether_little.lib(tcp)"
W0561320:Duplicate symbol "__process_tcpip" in "src\r_t4_rx\lib\T4_Library_rxv2_ether_little.lib(tcp)"
W0561320:Duplicate symbol "__proc_api" in "src\r_t4_rx\lib\T4_Library_rxv2_ether_little.lib(tcp)"
W0561320:Duplicate symbol "__tcp_api_acpt" in "src\r_t4_rx\lib\T4_Library_rxv2_ether_little.lib(tcp)"
W0561320:Duplicate symbol "__tcp_api_con" in "src\r_t4_rx\lib\T4_Library_rxv2_ether_little.lib(tcp)"
W0561320:Duplicate symbol "__tcp_api_sht_cls" in "src\r_t4_rx\lib\T4_Library_rxv2_ether_little.lib(tcp)"
W0561320:Duplicate symbol "__tcp_api_snddt" in "src\r_t4_rx\lib\T4_Library_rxv2_ether_little.lib(tcp)"
W0561320:Duplicate symbol "__tcp_api_rcvdt" in "src\r_t4_rx\lib\T4_Library_rxv2_ether_little.lib(tcp)"
W0561320:Duplicate symbol "__tcp_cpy_rwdat" in "src\r_t4_rx\lib\T4_Library_rxv2_ether_little.lib(tcp)"
W0561320:Duplicate symbol "__proc_rcv" in "src\r_t4_rx\lib\T4_Library_rxv2_ether_little.lib(tcp)"
W0561320:Duplicate symbol "__tcp_stat" in "src\r_t4_rx\lib\T4_Library_rxv2_ether_little.lib(tcp)"
W0561320:Duplicate symbol "__tcp_rcv_rst" in "src\r_t4_rx\lib\T4_Library_rxv2_ether_little.lib(tcp)"
W0561320:Duplicate symbol "__tcp_rcv_syn" in "src\r_t4_rx\lib\T4_Library_rxv2_ether_little.lib(tcp)"
W0561320:Duplicate symbol "__tcp_rcv_ack" in "src\r_t4_rx\lib\T4_Library_rxv2_ether_little.lib(tcp)"
W0561320:Duplicate symbol "__tcp_rcv_opt" in "src\r_t4_rx\lib\T4_Library_rxv2_ether_little.lib(tcp)"
W0561320:Duplicate symbol "__tcp_proc_data" in "src\r_t4_rx\lib\T4_Library_rxv2_ether_little.lib(tcp)"
W0561320:Duplicate symbol "__tcp_rcv_fin" in "src\r_t4_rx\lib\T4_Library_rxv2_ether_little.lib(tcp)"
W0561320:Duplicate symbol "__tcp_swin_updt" in "src\r_t4_rx\lib\T4_Library_rxv2_ether_little.lib(tcp)"
W0561320:Duplicate symbol "__proc_snd" in "src\r_t4_rx\lib\T4_Library_rxv2_ether_little.lib(tcp)"
W0561320:Duplicate symbol "__tcp_snd" in "src\r_t4_rx\lib\T4_Library_rxv2_ether_little.lib(tcp)"
W0561320:Duplicate symbol "__tcp_cancel_api" in "src\r_t4_rx\lib\T4_Library_rxv2_ether_little.lib(tcp)"
W0561320:Duplicate symbol "__tcp_clr_rtq" in "src\r_t4_rx\lib\T4_Library_rxv2_ether_little.lib(tcp)"
W0561320:Duplicate symbol "__tcp_return_listen" in "src\r_t4_rx\lib\T4_Library_rxv2_ether_little.lib(tcp)"
W0561320:Duplicate symbol "__tcp_api_wup" in "src\r_t4_rx\lib\T4_Library_rxv2_ether_little.lib(tcp)"
W0561320:Duplicate symbol "__tcp_check_cepid_arg" in "src\r_t4_rx\lib\T4_Library_rxv2_ether_little.lib(tcp)"
W0561320:Duplicate symbol "__tcp_check_len_arg" in "src\r_t4_rx\lib\T4_Library_rxv2_ether_little.lib(tcp)"
W0561320:Duplicate symbol "__tcp_check_tmout_arg" in "src\r_t4_rx\lib\T4_Library_rxv2_ether_little.lib(tcp)"
W0561320:Duplicate symbol "__tcp_is_tcb_queue_over" in "src\r_t4_rx\lib\T4_Library_rxv2_ether_little.lib(tcp)"
W0561320:Duplicate symbol "__tcp_call_callback" in "src\r_t4_rx\lib\T4_Library_rxv2_ether_little.lib(tcp)"
W0561320:Duplicate symbol "__tcp_api_type_to_fn" in "src\r_t4_rx\lib\T4_Library_rxv2_ether_little.lib(tcp)"
W0561320:Duplicate symbol "__tcp_recv_polling" in "src\r_t4_rx\lib\T4_Library_rxv2_ether_little.lib(tcp)"
W0561320:Duplicate symbol "__tcp_init_callback_info" in "src\r_t4_rx\lib\T4_Library_rxv2_ether_little.lib(tcp)"
W0561320:Duplicate symbol "__tcp_tcb" in "src\r_t4_rx\lib\T4_Library_rxv2_ether_little.lib(tcp)"
W0561320:Duplicate symbol "_head_tcb" in "src\r_t4_rx\lib\T4_Library_rxv2_ether_little.lib(tcp)"
W0561320:Duplicate symbol "__tx_hdr" in "src\r_t4_rx\lib\T4_Library_rxv2_ether_little.lib(tcp)"
W0561320:Duplicate symbol "__tcp_timer_cnt" in "src\r_t4_rx\lib\T4_Library_rxv2_ether_little.lib(tcp)"
W0561320:Duplicate symbol "__tcp_pre_timer_cnt" in "src\r_t4_rx\lib\T4_Library_rxv2_ether_little.lib(tcp)"
W0561320:Duplicate symbol "_tcpudp_open" in "src\r_t4_rx\lib\T4_Library_rxv2_ether_little.lib(tcp_api)"
W0561320:Duplicate symbol "_tcpudp_close" in "src\r_t4_rx\lib\T4_Library_rxv2_ether_little.lib(tcp_api)"
W0561320:Duplicate symbol "__getRAMsize_sub" in "src\r_t4_rx\lib\T4_Library_rxv2_ether_little.lib(tcp_api)"
W0561320:Duplicate symbol "__getTcpRAMsize" in "src\r_t4_rx\lib\T4_Library_rxv2_ether_little.lib(tcp_api)"
W0561320:Duplicate symbol "__getUdpRAMsize" in "src\r_t4_rx\lib\T4_Library_rxv2_ether_little.lib(tcp_api)"
W0561320:Duplicate symbol "__getIpRAMsize" in "src\r_t4_rx\lib\T4_Library_rxv2_ether_little.lib(tcp_api)"
W0561320:Duplicate symbol "__getTblRAMsize" in "src\r_t4_rx\lib\T4_Library_rxv2_ether_little.lib(tcp_api)"
W0561320:Duplicate symbol "_tcpudp_get_ramsize" in "src\r_t4_rx\lib\T4_Library_rxv2_ether_little.lib(tcp_api)"
W0561320:Duplicate symbol "_tcp_acp_cep" in "src\r_t4_rx\lib\T4_Library_rxv2_ether_little.lib(tcp_api)"
W0561320:Duplicate symbol "_tcp_con_cep" in "src\r_t4_rx\lib\T4_Library_rxv2_ether_little.lib(tcp_api)"
W0561320:Duplicate symbol "_tcp_sht_cep" in "src\r_t4_rx\lib\T4_Library_rxv2_ether_little.lib(tcp_api)"
W0561320:Duplicate symbol "_tcp_cls_cep" in "src\r_t4_rx\lib\T4_Library_rxv2_ether_little.lib(tcp_api)"
W0561320:Duplicate symbol "_tcp_snd_dat" in "src\r_t4_rx\lib\T4_Library_rxv2_ether_little.lib(tcp_api)"
W0561320:Duplicate symbol "_tcp_rcv_dat" in "src\r_t4_rx\lib\T4_Library_rxv2_ether_little.lib(tcp_api)"
W0561320:Duplicate symbol "_tcp_can_cep" in "src\r_t4_rx\lib\T4_Library_rxv2_ether_little.lib(tcp_api)"
W0561320:Duplicate symbol "__tcp_api_req" in "src\r_t4_rx\lib\T4_Library_rxv2_ether_little.lib(tcp_api)"
W0561320:Duplicate symbol "__tcp_api_slp" in "src\r_t4_rx\lib\T4_Library_rxv2_ether_little.lib(tcp_api)"
W0561320:Duplicate symbol "__tcp_clr_req" in "src\r_t4_rx\lib\T4_Library_rxv2_ether_little.lib(tcp_api)"
W0561320:Duplicate symbol "_tcp_read_stat" in "src\r_t4_rx\lib\T4_Library_rxv2_ether_little.lib(tcp_api)"
W0561320:Duplicate symbol "_tcp_force_clr" in "src\r_t4_rx\lib\T4_Library_rxv2_ether_little.lib(tcp_api)"
W0561320:Duplicate symbol "_udp_force_clr" in "src\r_t4_rx\lib\T4_Library_rxv2_ether_little.lib(tcp_api)"
W0561320:Duplicate symbol "_tcp_set_mss" in "src\r_t4_rx\lib\T4_Library_rxv2_ether_little.lib(tcp_api)"
W0561320:Duplicate symbol "__ether_arp_tbl" in "src\r_t4_rx\lib\T4_Library_rxv2_ether_little.lib(tcp_api)"
W0561320:Duplicate symbol "_udp_rcv_dat" in "src\r_t4_rx\lib\T4_Library_rxv2_ether_little.lib(udp)"
W0561320:Duplicate symbol "_udp_snd_dat" in "src\r_t4_rx\lib\T4_Library_rxv2_ether_little.lib(udp)"
W0561320:Duplicate symbol "_udp_can_cep" in "src\r_t4_rx\lib\T4_Library_rxv2_ether_little.lib(udp)"
W0561320:Duplicate symbol "__udp_rcv" in "src\r_t4_rx\lib\T4_Library_rxv2_ether_little.lib(udp)"
W0561320:Duplicate symbol "__udp_rcv_sub" in "src\r_t4_rx\lib\T4_Library_rxv2_ether_little.lib(udp)"
W0561320:Duplicate symbol "__udp_snd" in "src\r_t4_rx\lib\T4_Library_rxv2_ether_little.lib(udp)"
W0561320:Duplicate symbol "__udp_api_slp" in "src\r_t4_rx\lib\T4_Library_rxv2_ether_little.lib(udp)"
W0561320:Duplicate symbol "__udp_api_wup" in "src\r_t4_rx\lib\T4_Library_rxv2_ether_little.lib(udp)"
W0561320:Duplicate symbol "__proc_udp_api" in "src\r_t4_rx\lib\T4_Library_rxv2_ether_little.lib(udp)"
W0561320:Duplicate symbol "__udp_init" in "src\r_t4_rx\lib\T4_Library_rxv2_ether_little.lib(udp)"
W0561320:Duplicate symbol "__udp_api_tmout" in "src\r_t4_rx\lib\T4_Library_rxv2_ether_little.lib(udp)"
W0561320:Duplicate symbol "__tcpudp_cksum" in "src\r_t4_rx\lib\T4_Library_rxv2_ether_little.lib(udp)"
W0561320:Duplicate symbol "__udp_api_type_to_fn" in "src\r_t4_rx\lib\T4_Library_rxv2_ether_little.lib(udp)"
W0561320:Duplicate symbol "__udp_check_cepid_arg" in "src\r_t4_rx\lib\T4_Library_rxv2_ether_little.lib(udp)"
W0561320:Duplicate symbol "__udp_check_len_arg" in "src\r_t4_rx\lib\T4_Library_rxv2_ether_little.lib(udp)"
W0561320:Duplicate symbol "__udp_cb" in "src\r_t4_rx\lib\T4_Library_rxv2_ether_little.lib(udp)"
W0561320:Duplicate symbol "__cksum" in "src\r_t4_rx\lib\T4_Library_rxv2_ether_little.lib(cksum_rx_little)"
W0561100:Cannot find "PResetPRG" specified in option "start"
W0561100:Cannot find "C$INIT" specified in option "start"
W0561100:Cannot find "C$VTBL" specified in option "start"
W0561100:Cannot find "PIntPRG" specified in option "start"

*** Mapping List ***

SECTION                            START      END         SIZE   ALIGN
SI
                                  00000020  0000041f       400   4
SU
                                  00000420  0000141f      1000   4
B_1
                                  00001420  00001770       351   1
R_1
                                  00001771  0000204b       8db   1
B_2
                                  0000204c  0000209d        52   2
R_2
                                  0000209e  000020a1         4   2
B
                                  000020a4  00007fdb      5f38   4
R
                                  00007fdc  000084f3       518   4
B_ETHERNET_BUFFERS_1
                                  00030000  000317ff      1800   1
B_RX_DESC_1
                                  00031800  0003181f        20   1
B_TX_DESC_1
                                  00031820  0003183f        20   1
$ADDR_C_120040
                                  00120040  00120043         4   1
$ADDR_C_120048
                                  00120048  0012004b         4   1
$ADDR_C_120050
                                  00120050  0012006f        20   1
C_1
                                  ffc00100  ffc00313       214   1
C_2
                                  ffc00314  ffc00533       220   2
C
                                  ffc00534  ffc006eb       1b8   4
C$DSEC
                                  ffc006ec  ffc0070f        24   4
C$BSEC
                                  ffc00710  ffc00727        18   4
C$VECT
                                  ffc00728  ffc00b27       400   4
D_1
                                  ffc00b28  ffc01402       8db   1
D_2
                                  ffc01404  ffc01407         4   2
D
                                  ffc01408  ffc0191f       518   4
P
                                  ffc01920  ffc0ba37      a118   1
W_1
                                  ffc0ba38  ffc0ba54        1d   1
W_2
                                  ffc0ba56  ffc0ba56         0   2
W
                                  ffc0ba58  ffc0ba58         0   4
L
                                  ffc0ba58  ffc0bfe8       591   4
EXCEPTVECT
                                  ffffff80  fffffffb        7c   4
RESETVECT
                                  fffffffc  ffffffff         4   4

*** Total Section Size ***

RAMDATA SECTION:  00009d12 Byte(s)
ROMDATA SECTION:  00001e75 Byte(s)
PROGRAM SECTION:  0000a118 Byte(s)

*** Symbol List ***

SECTION=
FILE=                               START        END    SIZE
  SYMBOL                            ADDR        SIZE    INFO      COUNTS  OPT

SECTION=SI
FILE=DefaultBuild\resetprg.obj
                                  00000020  0000041f       400

SECTION=SU
FILE=DefaultBuild\resetprg.obj
                                  00000420  0000141f      1000

SECTION=B_1
FILE=DefaultBuild\lowsrc.obj
                                  00001420  00001447        28
  _flmod
                                  00001420        14   data ,g         * 
  _sml_buf
                                  00001434        14   data ,g         * 
FILE=DefaultBuild\r_bsp_software_interrupt.obj
                                  00001448  0000144f         8
  _s_bsp_swint_buf_used
                                  00001448         2   data ,l         * 
  _s_bsp_swint_buf_top
                                  0000144a         2   data ,l         * 
  _s_bsp_swint_buf_bottom
                                  0000144c         2   data ,l         * 
  _s_bsp_swint_nested_int_status
                                  0000144e         2   data ,l         * 
FILE=DefaultBuild\ether_callback.obj
                                  00001450  00001453         4
  _magic_packet_detect
                                  00001450         2   data ,g         * 
  _link_detect
                                  00001452         2   data ,g         * 
FILE=DefaultBuild\t4_driver.obj
                                  00001454  00001454         1
  _tcpip_flag
                                  00001454         1   data ,g         * 
FILE=DefaultBuild\r_ether_rx.obj
                                  00001455  0000146c        18
  _transfer_enable_flag
                                  00001455         2   data ,l         * 
  _mpd_flag
                                  00001457         2   data ,l         * 
  _mac_addr_buf
                                  00001459         c   data ,l         * 
  _lchng_flag
                                  00001465         2   data ,l         * 
  _promiscuous_mode
                                  00001467         2   data ,l         * 
  _etherc_edmac_power_cont
                                  00001469         4   data ,l         * 
FILE=DefaultBuild\r_dns_client.obj
                                  0000146d  00001770       304
  _dns_buffer
                                  0000146d       200   data ,l         * 
  _name_table
                                  0000166d       104   data ,g         * 

SECTION=R_1
FILE=DefaultBuild\ether_callback.obj
                                  00001771  00001771         1
  _pause_enable
                                  00001771         1   data ,g         * 
FILE=DefaultBuild\config_tcpudp.obj
                                  00001772  000017b3        42
  __tcp_dack
                                  00001772         2   data ,g         * 
  _tcpudp_env
                                  00001774        28   data ,g         * 
  __myethaddr
                                  0000179c         c   data ,g         * 
  _user_name
                                  000017a8         6   data ,g         * 
  _user_passwd
                                  000017ae         6   data ,g         * 
FILE=DefaultBuild\r_ether_rx.obj
                                  000017b4  000017b6         3
  _is_entry
                                  000017b4         1   data ,l         * 
  _pause_frame_enable
                                  000017b5         2   data ,l         * 
FILE=DefaultBuild\r_dns_client.obj
                                  000017b7  000017be         8
  _dnsaddr1
                                  000017b7         4   data ,g         * 
  _dnsaddr2
                                  000017bb         4   data ,g         * 
FILE=DefaultBuild\r_byteq.obj
                                  000017bf  000017bf         1
  _qcb_init$1
                                  000017bf         1   data ,l         * 
FILE=DefaultBuild\globalVar.obj
                                  000017c0  00001ff5       836
  _ETHERNET_RDY
                                  000017c0         2   data ,g         * 
  _tcpRDATA
                                  000017c2       2bc   data ,g         * 
  _tcpRDATA0
                                  00001a7e       2bc   data ,g         * 
  _tcpRDATA1
                                  00001d3a       2bc   data ,g         * 
FILE=DefaultBuild\64mMQTT.obj
                                  00001ff6  00001ff9         4
  _smcp
                                  00001ff6         1   data ,g         * 
  _smsp
                                  00001ff7         1   data ,g         * 
  _smpp
                                  00001ff8         1   data ,g         * 
  _smtp
                                  00001ff9         1   data ,g         * 
FILE=xfiles
                                  00001ffa  00002049        50
  _ebuf
                                  00001ffa        50   data ,l         * 
FILE=tcp
                                  0000204a  0000204a         1
  __process_flag$1
                                  0000204a         1   data ,l         * 
FILE=xstate
                                  0000204b  0000204b         1
  __Mbcurmax
                                  0000204b         1   data ,g         * 

SECTION=B_2
FILE=DefaultBuild\r_bsp_cpu.obj
                                  0000204c  00002053         8
  _s_protect_counters
                                  0000204c         8   data ,l         * 
FILE=DefaultBuild\t4_driver.obj
                                  00002054  00002057         4
  _tcpudp_time_cnt
                                  00002054         2   data ,g         * 
  _wait_timer
                                  00002056         2   data ,g         * 
FILE=DefaultBuild\phy.obj
                                  00002058  0000205b         4
  _local_advertise
                                  00002058         4   data ,l         * 
FILE=tcp
                                  0000205c  0000209d        42
  __tx_hdr
                                  0000205c        3c   data ,g         * 
  __tcp_timer_cnt
                                  00002098         2   data ,g         * 
  __tcp_pre_timer_cnt
                                  0000209a         2   data ,g         * 
  _port$3
                                  0000209c         2   data ,l         * 

SECTION=R_2
FILE=DefaultBuild\r_dns_client.obj
                                  0000209e  0000209f         2
  _TRANSACTION_ID
                                  0000209e         2   data ,l         * 
FILE=DefaultBuild\64mMQTT.obj
                                  000020a0  000020a1         2
  _MSG_IDENTIFIER
                                  000020a0         2   data ,g         * 

SECTION=B
FILE=DefaultBuild\lowsrc.obj
                                  000020a4  000020f3        50
  __Files
                                  000020a4        50   data ,g         * 
FILE=DefaultBuild\mcu_locks.obj
                                  000020f4  000022cf       1dc
  _g_bsp_Locks
                                  000020f4       1dc   data ,g         * 
FILE=DefaultBuild\r_bsp_interrupts.obj
                                  000022d0  0000245b       18c
  _g_bsp_vectors
                                  000022d0       18c   data ,l         * 
FILE=DefaultBuild\r_bsp_software_interrupt.obj
                                  0000245c  0000253b        e0
  _g_bsp_swint_access_ctrl
                                  0000245c         8   data ,g         * 
  _s_bsp_swint_task
                                  00002464        d8   data ,l         * 
FILE=DefaultBuild\sbrk.obj
                                  0000253c  0000293f       404
  __s1ptr
                                  0000253c         4   data ,g         * 
  _s_heap_area
                                  00002540       400   data ,l         * 
FILE=DefaultBuild\t4_driver.obj
                                  00002940  00002a03        c4
  _t4_stat
                                  00002940        c0   data ,g         * 
  _err_buf_ptr
                                  00002a00         4   data ,g         * 
FILE=DefaultBuild\r_cmt_rx.obj
                                  00002a04  00002a23        20
  _g_cmt_modes
                                  00002a04        10   data ,l         * 
  _g_cmt_callbacks
                                  00002a14        10   data ,l         * 
FILE=DefaultBuild\r_ether_rx.obj
                                  00002a24  00002a2b         8
  _cb_func
                                  00002a24         8   data ,l         * 
FILE=DefaultBuild\r_dns_client.obj
                                  00002a2c  00002b6b       140
  _dns_packet
                                  00002a2c        24   data ,l         * 
  _dns_mng
                                  00002a50       114   data ,g         * 
  _dns$1
                                  00002b64         8   data ,l         * 
FILE=DefaultBuild\r_byteq.obj
                                  00002b6c  00002b9b        30
  _g_qcb
                                  00002b6c        30   data ,l         * 
FILE=DefaultBuild\EthernetProcess.obj
                                  00002b9c  00007f9f      5404
  _tcpudp_work
                                  00002b9c      5400   data ,l         * 
  _tcpPacket
                                  00007f9c         4   data ,g         * 
FILE=DefaultBuild\64mMQTT.obj
                                  00007fa0  00007fb7        18
  _mct
                                  00007fa0         4   data ,g         * 
  _mqos
                                  00007fa4         4   data ,g         * 
  _mcp
                                  00007fa8         4   data ,g         * 
  _msp
                                  00007fac         4   data ,g         * 
  _mpp
                                  00007fb0         4   data ,g         * 
  _mtp
                                  00007fb4         4   data ,g         * 
FILE=tcp
                                  00007fb8  00007fbf         8
  __tcp_tcb
                                  00007fb8         4   data ,g         * 
  _head_tcb
                                  00007fbc         4   data ,g         * 
FILE=tcp_api
                                  00007fc0  00007fc3         4
  __ether_arp_tbl
                                  00007fc0         4   data ,g         * 
FILE=udp
                                  00007fc4  00007fc7         4
  __udp_cb
                                  00007fc4         4   data ,g         * 
FILE=_errno
                                  00007fc8  00007fcb         4
  __errno
                                  00007fc8         4   data ,g         * 
FILE=ether
                                  00007fcc  00007fcf         4
  __ether_p_rcv_buff
                                  00007fcc         4   data ,g         * 
FILE=ip
                                  00007fd0  00007fdb         c
  _data_link_buf_ptr
                                  00007fd0         4   data ,g         * 
  __ch_info_tbl
                                  00007fd4         4   data ,g         * 
  __ch_info_head
                                  00007fd8         4   data ,g         * 

SECTION=R
FILE=DefaultBuild\lowsrc.obj
                                  00007fdc  00007fef        14
  _env_list
                                  00007fdc        10   data ,g         * 
  _environ
                                  00007fec         4   data ,g         * 
FILE=DefaultBuild\sbrk.obj
                                  00007ff0  00007ff3         4
  _sp_brk
                                  00007ff0         4   data ,l         * 
FILE=DefaultBuild\timer.obj
                                  00007ff4  00007ff7         4
  _cmt_channel
                                  00007ff4         4   data ,l         * 
FILE=DefaultBuild\config_tcpudp.obj
                                  00007ff8  00008297       2a0
  _tcp_crep
                                  00007ff8        d8   data ,g         * 
  _tcp_ccep
                                  000080d0       1b0   data ,g         * 
  __tcp_initial_seqno
                                  00008280         8   data ,g         * 
  _udp_ccep
                                  00008288        10   data ,g         * 
FILE=DefaultBuild\r_ether_rx.obj
                                  00008298  000082a7        10
  _papp_rx_desc
                                  00008298         8   data ,l         * 
  _papp_tx_desc
                                  000082a0         8   data ,l         * 
FILE=DefaultBuild\r_dns_client.obj
                                  000082a8  000082af         8
  _dnsaddr_tbl
                                  000082a8         8   data ,l         * 
FILE=xfiles
                                  000082b0  00008387        d8
  __Stdin
                                  000082b0        48   data ,g         * 
  __Stdout
                                  000082f8        48   data ,g         * 
  __Stderr
                                  00008340        48   data ,g         * 
FILE=xprintf
                                  00008388  0000838b         4
  _stderr
                                  00008388         4   data ,g         * 
FILE=xctype
                                  0000838c  00008393         8
  __Ctype
                                  0000838c         4   data ,g         * 
  __Tls_setup__Ctype
                                  00008390         4   data ,g         * 
FILE=malloc
                                  00008394  0000839b         8
  __Aldata
                                  00008394         8   data ,g         * 
FILE=xstate
                                  0000839c  000083e3        48
  __Tls_setup__Mbcurmax
                                  0000839c         4   data ,g         * 
  __Mbstate
                                  000083a0        40   data ,g         * 
  __Tls_setup__Mbstate
                                  000083e0         4   data ,g         * 
FILE=localeco
                                  000083e4  00008437        54
  __Locale
                                  000083e4        50   data ,g         * 
  __Tls_setup__Locale
                                  00008434         4   data ,g         * 
FILE=xwcstate
                                  00008438  0000847b        44
  __Wcstate
                                  00008438        40   data ,g         * 
  __Tls_setup__Wcstate
                                  00008478         4   data ,g         * 
FILE=xfvalues
                                  0000847c  000084f3        78
  __FDenorm
                                  0000847c        10   data ,g         * 
  __FEps
                                  0000848c        10   data ,g         * 
  __FHugeval
                                  0000849c        10   data ,g         * 
  __FInf
                                  000084ac        10   data ,g         * 
  __FNan
                                  000084bc        10   data ,g         * 
  __FSnan
                                  000084cc        10   data ,g         * 
  __FRteps
                                  000084dc        10   data ,g         * 
  __FXbig
                                  000084ec         4   data ,g         * 
  __FZero
                                  000084f0         4   data ,g         * 

SECTION=B_ETHERNET_BUFFERS_1
FILE=DefaultBuild\r_ether_rx.obj
                                  00030000  000317ff      1800
  _ether_buffers
                                  00030000      1800   data ,l         * 

SECTION=B_RX_DESC_1
FILE=DefaultBuild\r_ether_rx.obj
                                  00031800  0003181f        20
  _rx_descriptors
                                  00031800        20   data ,l         * 

SECTION=B_TX_DESC_1
FILE=DefaultBuild\r_ether_rx.obj
                                  00031820  0003183f        20
  _tx_descriptors
                                  00031820        20   data ,l         * 

SECTION=$ADDR_C_120040
FILE=DefaultBuild\vecttbl.obj
                                  00120040  00120043         4
  ___SPCCreg
                                  00120040         4   data ,g         * 

SECTION=$ADDR_C_120048
FILE=DefaultBuild\vecttbl.obj
                                  00120048  0012004b         4
  ___TMEFreg
                                  00120048         4   data ,g         * 

SECTION=$ADDR_C_120050
FILE=DefaultBuild\vecttbl.obj
                                  00120050  0012006f        20
  ___OSIS1reg
                                  00120050         4   data ,g         * 
  ___OSIS2reg
                                  00120054         4   data ,g         * 
  ___OSIS3reg
                                  00120058         4   data ,g         * 
  ___OSIS4reg
                                  0012005c         4   data ,g         * 
  ___TMINFreg
                                  00120060         4   data ,g         * 
  ___MDEreg
                                  00120064         4   data ,g         * 
  ___OFS0reg
                                  00120068         4   data ,g         * 
  ___OFS1reg
                                  0012006c         4   data ,g         * 

SECTION=C_1
FILE=DefaultBuild\config_tcpudp.obj
                                  ffc00100  ffc00127        28
  __t4_channel_num
                                  ffc00100         1   data ,g         * 
  ___multi_TTL
                                  ffc00101         2   data ,g         * 
  __udp_enable_zerochecksum
                                  ffc00103         2   data ,g         * 
  _peer_dial
                                  ffc00105         6   data ,g         * 
  _at_commands
                                  ffc0010b        1d   data ,g         * 
FILE=DefaultBuild\r_ether_rx.obj
                                  ffc00128  ffc001cb        a4
  _pause_resolution
                                  ffc00128        50   data ,l         * 
  _ether_ch_0
                                  ffc00178        22   data ,l         * 
  _ether_ch_1
                                  ffc0019a        22   data ,l         * 
  _g_eth_control_ch
                                  ffc001bc        10   data ,g         * 
FILE=DefaultBuild\64mMQTT.obj
                                  ffc001cc  ffc00230        65
  _Protocal_Name
                                  ffc001cc         6   data ,g         * 
  _Client_Name
                                  ffc001d2         d   data ,g         * 
  _Topic_LW0_TEMP
                                  ffc001df         8   data ,g         * 
  _Topic_LW0_VRMS
                                  ffc001e7         8   data ,g         * 
  _Topic_LW0_VAVG
                                  ffc001ef         8   data ,g         * 
  _Topic_LW0_VPK0
                                  ffc001f7         8   data ,g         * 
  _Topic_LW0_VPK1
                                  ffc001ff         8   data ,g         * 
  _Topic_LW0_VPK2
                                  ffc00207         8   data ,g         * 
  _Topic_LW0_VPK3
                                  ffc0020f         8   data ,g         * 
  _Topic_LW0_VPK4
                                  ffc00217         8   data ,g         * 
  _Topic_THU_TEST
                                  ffc0021f         8   data ,g         * 
  _TestMessage
                                  ffc00227         a   data ,g         * 
FILE=xprintf
                                  ffc00231  ffc0023a         a
  _fchar$1
                                  ffc00231         a   data ,l         * 
FILE=ether
                                  ffc0023b  ffc0024b        11
  _ip_broadcast$1
                                  ffc0023b         4   data ,l         * 
  _ip_broadcast$4
                                  ffc0023f         4   data ,l         * 
  _eth_broadcast$3
                                  ffc00243         6   data ,l         * 
  _eth_multi_addr$2
                                  ffc00249         3   data ,l         * 
FILE=xputtxt
                                  ffc0024c  ffc002f0        a5
  _spaces
                                  ffc0024c        21   data ,l         * 
  _zeroes
                                  ffc0026d        21   data ,l         * 
  _asterisk
                                  ffc0028e        21   data ,l         * 
  _plus
                                  ffc002af        21   data ,l         * 
  _minus
                                  ffc002d0        21   data ,l         * 
FILE=xlitob
                                  ffc002f1  ffc00312        22
  _ldigs
                                  ffc002f1        11   data ,l         * 
  _udigs
                                  ffc00302        11   data ,l         * 
FILE=localeco
                                  ffc00313  ffc00313         1
  _null
                                  ffc00313         1   data ,l         * 

SECTION=C_2
FILE=DefaultBuild\r_bsp_cpu.obj
                                  ffc00314  ffc00319         6
  _s_prcr_masks
                                  ffc00314         6   data ,l         * 
FILE=DefaultBuild\config_tcpudp.obj
                                  ffc0031a  ffc00331        18
  ___tcprepn
                                  ffc0031a         2   data ,g         * 
  ___tcpcepn
                                  ffc0031c         2   data ,g         * 
  __tcp_mss
                                  ffc0031e         4   data ,g         * 
  __tcp_2msl
                                  ffc00322         4   data ,g         * 
  __tcp_rt_tmo_rst
                                  ffc00326         4   data ,g         * 
  ___udpcepn
                                  ffc0032a         2   data ,g         * 
  __ip_tblcnt
                                  ffc0032c         4   data ,g         * 
  _ppp_auth
                                  ffc00330         2   data ,g         * 
FILE=xctype
                                  ffc00332  ffc00533       202
  _ctyp_tab
                                  ffc00332       202   data ,l         * 

SECTION=C
FILE=DefaultBuild\dbsct.obj
                                  ffc00534  ffc0054b        18
  __CTBL
                                  ffc00534        18   data ,g         * 
FILE=DefaultBuild\r_cmt_rx.obj
                                  ffc0054c  ffc0056b        20
  _g_cmt_channels
                                  ffc0054c        10   data ,l         * 
  _g_cmt_clock_dividers
                                  ffc0055c        10   data ,l         * 
FILE=DefaultBuild\r_dns_client.obj
                                  ffc0056c  ffc00643        d8
  _dns_proc_table
                                  ffc0056c        d8   data ,l         * 
FILE=_nfiles
                                  ffc00644  ffc00647         4
  __nfiles
                                  ffc00644         4   data ,g         * 
FILE=tcp
                                  ffc00648  ffc0065f        18
  _functbl_tcp_api$2
                                  ffc00648        18   data ,l         * 
FILE=xfoprep
                                  ffc00660  ffc006a7        48
  _init$1
                                  ffc00660        48   data ,l         * 
FILE=xprintf
                                  ffc006a8  ffc006bf        18
  _fbit$2
                                  ffc006a8        18   data ,l         * 
FILE=xfopen
                                  ffc006c0  ffc006cf        10
  _rwacc$1
                                  ffc006c0        10   data ,l         * 
FILE=xldtob
                                  ffc006d0  ffc006e7        18
  _pows
                                  ffc006d0        18   data ,l         * 
FILE=_sbrk_si
                                  ffc006e8  ffc006eb         4
  __sbrk_size
                                  ffc006e8         4   data ,g         * 

SECTION=C$DSEC
FILE=DefaultBuild\dbsct.obj
                                  ffc006ec  ffc0070f        24
  __DTBL
                                  ffc006ec        24   data ,g         * 

SECTION=C$BSEC
FILE=DefaultBuild\dbsct.obj
                                  ffc00710  ffc00727        18
  __BTBL
                                  ffc00710        18   data ,g         * 

SECTION=C$VECT
FILE=DefaultBuild\resetprg.obj
                                  ffc00728  ffc00b27       400

SECTION=D_1
FILE=DefaultBuild\ether_callback.obj
                                  ffc00b28  ffc00b28         1
FILE=DefaultBuild\config_tcpudp.obj
                                  ffc00b29  ffc00b6a        42
FILE=DefaultBuild\r_ether_rx.obj
                                  ffc00b6b  ffc00b6d         3
FILE=DefaultBuild\r_dns_client.obj
                                  ffc00b6e  ffc00b75         8
FILE=DefaultBuild\r_byteq.obj
                                  ffc00b76  ffc00b76         1
FILE=DefaultBuild\globalVar.obj
                                  ffc00b77  ffc013ac       836
FILE=DefaultBuild\64mMQTT.obj
                                  ffc013ad  ffc013b0         4
FILE=xfiles
                                  ffc013b1  ffc01400        50
FILE=tcp
                                  ffc01401  ffc01401         1
FILE=xstate
                                  ffc01402  ffc01402         1

SECTION=D_2
FILE=DefaultBuild\r_dns_client.obj
                                  ffc01404  ffc01405         2
FILE=DefaultBuild\64mMQTT.obj
                                  ffc01406  ffc01407         2

SECTION=D
FILE=DefaultBuild\lowsrc.obj
                                  ffc01408  ffc0141b        14
FILE=DefaultBuild\sbrk.obj
                                  ffc0141c  ffc0141f         4
FILE=DefaultBuild\timer.obj
                                  ffc01420  ffc01423         4
FILE=DefaultBuild\config_tcpudp.obj
                                  ffc01424  ffc016c3       2a0
FILE=DefaultBuild\r_ether_rx.obj
                                  ffc016c4  ffc016d3        10
FILE=DefaultBuild\r_dns_client.obj
                                  ffc016d4  ffc016db         8
FILE=xfiles
                                  ffc016dc  ffc017b3        d8
FILE=xprintf
                                  ffc017b4  ffc017b7         4
FILE=xctype
                                  ffc017b8  ffc017bf         8
FILE=malloc
                                  ffc017c0  ffc017c7         8
FILE=xstate
                                  ffc017c8  ffc0180f        48
FILE=localeco
                                  ffc01810  ffc01863        54
FILE=xwcstate
                                  ffc01864  ffc018a7        44
FILE=xfvalues
                                  ffc018a8  ffc0191f        78

SECTION=P
FILE=DefaultBuild\r_cg_hardware_setup.obj
                                  ffc01920  ffc0195a        3b
  _r_undefined_exception
                                  ffc01920         1   func ,g         * 
  _R_Systeminit
                                  ffc01921        3a   func ,g         * 
FILE=DefaultBuild\r_smc_cgc.obj
                                  ffc0195b  ffc0195e         4
  _R_CGC_Create
                                  ffc0195b         4   func ,g         * 
FILE=DefaultBuild\r_smc_cgc_user.obj
                                  ffc0195f  ffc0195f         1
  _R_CGC_Create_UserInit
                                  ffc0195f         1   func ,g         * 
FILE=DefaultBuild\r_smc_interrupt.obj
                                  ffc01960  ffc01960         1
  _R_Interrupt_Create
                                  ffc01960         1   func ,g         * 
FILE=DefaultBuild\hwsetup.obj
                                  ffc01961  ffc01975        15
  _hardware_setup
                                  ffc01961         d   func ,g         * 
  _output_ports_configure
                                  ffc0196e         2   func ,l         * 
  _interrupts_configure
                                  ffc01970         2   func ,l         * 
  _peripheral_modules_enable
                                  ffc01972         4   func ,l         * 
FILE=DefaultBuild\lowlvl.obj
                                  ffc01976  ffc01997        22
  _charput
                                  ffc01976        10   func ,g         * 
  _charget
                                  ffc01986        12   func ,g         * 
FILE=DefaultBuild\lowsrc.obj
                                  ffc01998  ffc01b1e       187
  _init_iolib
                                  ffc01998        84   func ,g         * 
  _close_all
                                  ffc01a1c        2a   func ,g         * 
  _open
                                  ffc01a46        67   func ,g         * 
  _close
                                  ffc01aad         3   func ,g         * 
  _write
                                  ffc01ab0        37   func ,g         * 
  _read
                                  ffc01ae7        34   func ,g         * 
  _lseek
                                  ffc01b1b         4   func ,g         * 
FILE=DefaultBuild\resetprg.obj
                                  ffc01b1f  ffc01b82        64
  _PowerON_Reset_PC
                                  ffc01b1f        64   entry,g         * 
FILE=DefaultBuild\r_bsp_common.obj
                                  ffc01b83  ffc01c52        d0
  _R_BSP_GetVersion
                                  ffc01b83         6   func ,g         * 
  _R_BSP_GetIClkFreqHz
                                  ffc01b89         4   func ,g         * 
  _R_BSP_SoftwareDelay
                                  ffc01b8d        c6   func ,g         * 
FILE=DefaultBuild\r_bsp_cpu.obj
                                  ffc01c53  ffc01dc2       170
  _R_BSP_InterruptsDisable
                                  ffc01c53         9   func ,g         * 
  _R_BSP_InterruptsEnable
                                  ffc01c5c         9   func ,g         * 
  _R_BSP_CpuInterruptLevelRead
                                  ffc01c65         8   func ,g         * 
  _R_BSP_CpuInterruptLevelWrite
                                  ffc01c6d        5c   func ,g         * 
  _R_BSP_RegisterProtectEnable
                                  ffc01cc9        67   func ,g         * 
  _R_BSP_RegisterProtectDisable
                                  ffc01d30        5d   func ,g         * 
  _R_BSP_SoftwareReset
                                  ffc01d8d        11   func ,g         * 
  _bsp_register_protect_open
                                  ffc01d9e        12   func ,g         * 
  _bsp_ram_initialize
                                  ffc01db0        13   func ,g         * 
FILE=DefaultBuild\r_bsp_interrupts.obj
                                  ffc01dc3  ffc02183       3c1
  _R_BSP_InterruptRequestEnable
                                  ffc01dc3         e   func ,g         * 
  _R_BSP_InterruptRequestDisable
                                  ffc01dd1         e   func ,g         * 
  _bsp_interrupt_open
                                  ffc01ddf        26   func ,g         * 
  _R_BSP_InterruptWrite
                                  ffc01e05        1c   func ,g         * 
  _R_BSP_InterruptRead
                                  ffc01e21        1b   func ,g         * 
  _R_BSP_InterruptControl
                                  ffc01e3c        7e   func ,g         * 
  _bsp_fit_interrupts_control
                                  ffc01eba        43   func ,l         * 
  _bsp_gr_int_enable_disable
                                  ffc01efd       138   func ,l         * 
  _excep_supervisor_inst_isr
                                  ffc02035        17   func ,g         * 
  _excep_access_isr
                                  ffc0204c        17   func ,g         * 
  _excep_undefined_inst_isr
                                  ffc02063        17   func ,g         * 
  _excep_floating_point_isr
                                  ffc0207a        21   func ,g         * 
  _non_maskable_isr
                                  ffc0209b        b4   func ,g         * 
  _undefined_interrupt_source_isr
                                  ffc0214f        17   func ,g         * 
  _bus_error_isr
                                  ffc02166        1e   func ,g         * 
FILE=DefaultBuild\r_bsp_locking.obj
                                  ffc02184  ffc021b5        32
  _R_BSP_SoftwareLock
                                  ffc02184        10   func ,g         * 
  _R_BSP_SoftwareUnlock
                                  ffc02194         6   func ,g         * 
  _R_BSP_HardwareLock
                                  ffc0219a         e   func ,g         * 
  _R_BSP_HardwareUnlock
                                  ffc021a8         e   func ,g         * 
FILE=DefaultBuild\r_bsp_software_interrupt.obj
                                  ffc021b6  ffc02760       5ab
  _R_BSP_SoftwareInterruptOpen
                                  ffc021b6        af   func ,g         * 
  _R_BSP_SoftwareInterruptClose
                                  ffc02265        93   func ,g         * 
  _R_BSP_SoftwareInterruptSetTask
                                  ffc022f8        99   func ,g         * 
  _bsp_swint_get_interrupt_information
                                  ffc02391        4f   func ,l         * 
  _bsp_swint_enable_interrupt
                                  ffc023e0        15   func ,l         * 
  _bsp_swint_disable_interrupt
                                  ffc023f5        15   func ,l         * 
  _bsp_swint_set_interrupt_priority
                                  ffc0240a        7e   func ,l         * 
  _bsp_swint_set_interrupt_request
                                  ffc02488        13   func ,l         * 
  _bsp_swint_clear_interrupt_request
                                  ffc0249b        13   func ,l         * 
  _bsp_swint_enable_nested_interrupt
                                  ffc024ae         c   func ,l         * 
  _bsp_swint_disable_nested_interrupt
                                  ffc024ba         c   func ,l         * 
  _bsp_swint_clear_task
                                  ffc024c6        67   func ,l         * 
  _bsp_swint_clear_all_task
                                  ffc0252d        98   func ,l         * 
  _bsp_swint_get_all_task_status
                                  ffc025c5        2a   func ,l         * 
  _R_BSP_SoftwareInterruptControl
                                  ffc025ef        6b   func ,g         * 
  _bsp_swint_get_access_control
[...]
FILE=freopen
                                  ffc0632b  ffc06359        2f
  _freopen
                                  ffc0632b        2f   func ,g         * 
FILE=fclose
                                  ffc0635a  ffc063ad        54
  _fclose
                                  ffc0635a        54   func ,g         * 
FILE=printf
                                  ffc063ae  ffc063e7        3a
  _prout
                                  ffc063ae        1d   func ,l         * 
  _printf
                                  ffc063cb        1d   func ,g         * 
FILE=__COM_DIV64u
                                  ffc063e8  ffc06480        99
  __COM_DIV64u
                                  ffc063e8         0   none ,g         * 
  _Loop_Init
                                  ffc063f2         0   none ,l         * 
  _Loop
                                  ffc063fa         0   none ,l         * 
  _DivStart
                                  ffc06406         0   none ,l         * 
  _Success
                                  ffc06414         0   none ,l         * 
  _DivEnd
                                  ffc06420         0   none ,l         * 
  IXI6DIV
                                  ffc06425         0   none ,l         * 
  IXI4DIV
                                  ffc06437         0   none ,l         * 
  IXI2DIV
                                  ffc06447         0   none ,l         * 
  I8I2DIV
                                  ffc0644f         0   none ,l         * 
  I4I2DIV
                                  ffc0647d         0   none ,l         * 
  _i8divU_End
                                  ffc06480         0   none ,l         * 
FILE=__initsct
                                  ffc06481  ffc064ca        4a
  __INITSCT
                                  ffc06481         0   none ,g         * 
  loop1
                                  ffc06493         0   none ,l         * 
  next_loop1
                                  ffc064a1         0   none ,l         * 
  loop3
                                  ffc064b3         0   none ,l         * 
  next_loop3
                                  ffc064c4         0   none ,l         * 
FILE=tcp
                                  ffc064cb  ffc0832f      1e65
  _net2hl_yn_xn
                                  ffc064cb         f   func ,g         * 
  __tcp_init_tcb
                                  ffc064da        7b   func ,g         * 
  __process_tcpip
                                  ffc06555        87   func ,g         * 
  __proc_api
                                  ffc065dc        9a   func ,g         * 
  __tcp_api_acpt
                                  ffc06676        89   func ,g         * 
  __tcp_api_con
                                  ffc066ff        ba   func ,g         * 
  __tcp_api_sht_cls
                                  ffc067b9        eb   func ,g         * 
  __tcp_api_snddt
                                  ffc068a4        9f   func ,g         * 
  __tcp_api_rcvdt
                                  ffc06943        ad   func ,g         * 
  __tcp_cpy_rwdat
                                  ffc069f0        bc   func ,g         * 
  __proc_rcv
                                  ffc06aac       2bc   func ,g         * 
  __tcp_stat
                                  ffc06d68        72   func ,g         * 
  __tcp_rcv_rst
                                  ffc06dda       178   func ,g         * 
  __tcp_rcv_syn
                                  ffc06f52       174   func ,g         * 
  __tcp_rcv_ack
                                  ffc070c6       22b   func ,g         * 
  __tcp_rcv_opt
                                  ffc072f1        a7   func ,g         * 
  __tcp_proc_data
                                  ffc07398        d0   func ,g         * 
  __tcp_rcv_fin
                                  ffc07468        fb   func ,g         * 
  __tcp_swin_updt
                                  ffc07563       11a   func ,g         * 
  __proc_snd
                                  ffc0767d       467   func ,g         * 
  __tcp_snd
                                  ffc07ae4       5be   func ,g         * 
  __tcp_cancel_api
                                  ffc080a2        93   func ,g         * 
  __tcp_clr_rtq
                                  ffc08135        36   func ,g         * 
  __tcp_return_listen
                                  ffc0816b        1d   func ,g         * 
  __tcp_api_wup
                                  ffc08188        18   func ,g         * 
  __tcp_check_cepid_arg
                                  ffc081a0        1b   func ,g         * 
  __tcp_check_len_arg
                                  ffc081bb         5   func ,g         * 
  __tcp_check_tmout_arg
                                  ffc081c0        3b   func ,g         * 
  __tcp_is_tcb_queue_over
                                  ffc081fb        1e   func ,g         * 
  __tcp_call_callback
                                  ffc08219        60   func ,g         * 
  __tcp_api_type_to_fn
                                  ffc08279        42   func ,g         * 
  __tcp_recv_polling
                                  ffc082bb        6e   func ,g         * 
  __tcp_init_callback_info
                                  ffc08329         7   func ,g         * 
FILE=tcp_api
                                  ffc08330  ffc08cc7       998
  _tcpudp_open
                                  ffc08330       162   func ,g         * 
  _tcpudp_close
                                  ffc08492         f   func ,g         * 
  __getRAMsize_sub
                                  ffc084a1        10   func ,g         * 
  __getTcpRAMsize
                                  ffc084b1        5a   func ,g         * 
  __getUdpRAMsize
                                  ffc0850b         c   func ,g         * 
  __getIpRAMsize
                                  ffc08517         b   func ,g         * 
  __getTblRAMsize
                                  ffc08522        33   func ,g         * 
  _tcpudp_get_ramsize
                                  ffc08555        1d   func ,g         * 
  _tcp_acp_cep
                                  ffc08572        cd   func ,g         * 
  _tcp_con_cep
                                  ffc0863f        e0   func ,g         * 
  _tcp_sht_cep
                                  ffc0871f        82   func ,g         * 
  _tcp_cls_cep
                                  ffc087a1        9c   func ,g         * 
  _tcp_snd_dat
                                  ffc0883d        cf   func ,g         * 
  _tcp_rcv_dat
                                  ffc0890c       138   func ,g         * 
  _tcp_can_cep
                                  ffc08a44        90   func ,g         * 
  __tcp_api_req
                                  ffc08ad4        65   func ,g         * 
  __tcp_api_slp
                                  ffc08b39        25   func ,g         * 
  __tcp_clr_req
                                  ffc08b5e        40   func ,g         * 
  _tcp_read_stat
                                  ffc08b9e        7f   func ,g         * 
  _tcp_force_clr
                                  ffc08c1d        3f   func ,g         * 
  _udp_force_clr
                                  ffc08c5c        42   func ,g         * 
  _tcp_set_mss
                                  ffc08c9e        2a   func ,g         * 
FILE=udp
                                  ffc08cc8  ffc094cf       808
  _udp_rcv_dat
                                  ffc08cc8       105   func ,g         * 
  _udp_snd_dat
                                  ffc08dcd        bb   func ,g         * 
  _udp_can_cep
                                  ffc08e88        97   func ,g         * 
  __udp_rcv
                                  ffc08f1f        d4   func ,g         * 
  __udp_rcv_sub
                                  ffc08ff3       135   func ,g         * 
  __udp_snd
                                  ffc09128       1cf   func ,g         * 
  __udp_api_slp
                                  ffc092f7        18   func ,g         * 
  __udp_api_wup
                                  ffc0930f        10   func ,g         * 
  __proc_udp_api
                                  ffc0931f        ae   func ,g         * 
  __udp_init
                                  ffc093cd        23   func ,g         * 
  __udp_api_tmout
                                  ffc093f0        5c   func ,g         * 
  __tcpudp_cksum
                                  ffc0944c        50   func ,g         * 
  __udp_api_type_to_fn
                                  ffc0949c        14   func ,g         * 
  __udp_check_cepid_arg
                                  ffc094b0        1b   func ,g         * 
  __udp_check_len_arg
                                  ffc094cb         5   func ,g         * 
FILE=fwrite
                                  ffc094d0  ffc095a0        d1
  _fwrite
                                  ffc094d0        d1   func ,g         * 
FILE=fflush
                                  ffc095a1  ffc09622        82
  _fflush
                                  ffc095a1        82   func ,g         * 
FILE=xfoprep
                                  ffc09623  ffc096f6        d4
  __Foprep
                                  ffc09623        d4   func ,g         * 
FILE=xfofind
                                  ffc096f7  ffc09783        8d
  __Fofind
                                  ffc096f7        44   func ,g         * 
  __Fofree
                                  ffc0973b        49   func ,g         * 
FILE=xprintf
                                  ffc09784  ffc099e5       262
  __Printf
                                  ffc09784       262   func ,g         * 
FILE=memcmp
                                  ffc099e6  ffc09a09        24
  _memcmp
                                  ffc099e6        24   func ,g         * 
FILE=free
                                  ffc09a0a  ffc09a8b        82
  _free
                                  ffc09a0a        82   func ,g         * 
FILE=ether
                                  ffc09a8c  ffc0a111       686
  __ether_proc_rcv
                                  ffc09a8c        c0   func ,g         * 
  __ether_rcv_arp
                                  ffc09b4c       101   func ,g         * 
  __ether_arp_resolve
                                  ffc09c4d        19   func ,g         * 
  __ether_snd_arp
                                  ffc09c66        b5   func ,g         * 
  __ether_snd_ip
                                  ffc09d1b       194   func ,g         * 
  __ether_snd
                                  ffc09eaf       11d   func ,g         * 
  __ether_arp_add
                                  ffc09fcc       10a   func ,g         * 
  __ether_arp_del
                                  ffc0a0d6         b   func ,g         * 
  __ether_arp_init
                                  ffc0a0e1        31   func ,g         * 
FILE=ip
                                  ffc0a112  ffc0a40b       2fa
  __ip_rcv_hdr
                                  ffc0a112        ff   func ,g         * 
  __ip_snd
                                  ffc0a211        a3   func ,g         * 
  __ip_snd_icmp
                                  ffc0a2b4         c   func ,g         * 
  __ip_chk_srcip
                                  ffc0a2c0        3c   func ,l         * 
  __ip_check_ipadd_proto
                                  ffc0a2fc        71   func ,g         * 
  __ip_check_multicast
                                  ffc0a36d        39   func ,g         * 
  __ip_check_broadcast
                                  ffc0a3a6        66   func ,g         * 
FILE=cksum_rx_little
                                  ffc0a40c  ffc0a4fa        ef
  __cksum
                                  ffc0a40c         0   none ,g         * 
  ..tl0001
                                  ffc0a432         0   none ,l         * 
  CKSUM_ODD_NEXT4
                                  ffc0a44a         0   none ,l         * 
  CKSUM_ODD_NEXT2
                                  ffc0a458         0   none ,l         * 
  CKSUM_ODD_NEXT1
                                  ffc0a460         0   none ,l         * 
  CKSUM_ODD_NBYTES_NOT_ODD
                                  ffc0a473         0   none ,l         * 
  CKSUM_EVEN
                                  ffc0a491         0   none ,l         * 
  ..tl0002
                                  ffc0a496         0   none ,l         * 
  CKSUM_EVEN_NEXT4
                                  ffc0a4ae         0   none ,l         * 
  CKSUM_EVEN_NEXT2
                                  ffc0a4bc         0   none ,l         * 
  CKSUM_EVEN_NEXT1
                                  ffc0a4c4         0   none ,l         * 
  CKSUM_EVEN_NBYTES_NOT_ODD
                                  ffc0a4d7         0   none ,l         * 
  CKSUM_EXIT
                                  ffc0a4ea         0   none ,l         * 
  CKSUM_ZERO_EXIT
                                  ffc0a4f2         0   none ,l         * 
FILE=xfwprep
                                  ffc0a4fb  ffc0a592        98
  __Fwprep
                                  ffc0a4fb        98   func ,g         * 
FILE=xputfld
                                  ffc0a593  ffc0a9f7       465
  __Putfld
                                  ffc0a593       465   func ,g         * 
FILE=xfopen
                                  ffc0a9f8  ffc0aa27        30
  __Fopen
                                  ffc0a9f8        30   func ,g         * 
FILE=xvacopy
                                  ffc0aa28  ffc0aa2a         3
  __Vacopy
                                  ffc0aa28         3   func ,g         * 
FILE=xputtxt
                                  ffc0aa2b  ffc0ac82       258
  __Puttxt
                                  ffc0aa2b       258   func ,g         * 
FILE=strchr
                                  ffc0ac83  ffc0ac95        13
  _strchr
                                  ffc0ac83        13   func ,g         * 
FILE=xctype
                                  ffc0ac96  ffc0acab        16
  __Getpctype
                                  ffc0ac96        16   func ,g         * 
FILE=malloc
                                  ffc0acac  ffc0ad89        de
  _findmem
                                  ffc0acac        7b   func ,l         * 
  _malloc
                                  ffc0ad27        63   func ,g         * 
FILE=xldtob
                                  ffc0ad8a  ffc0b16a       3e1
  __Ldtob
                                  ffc0ad8a       3e1   func ,g         * 
FILE=xputstr
                                  ffc0b16b  ffc0b248        de
  __Putstr
                                  ffc0b16b        de   func ,g         * 
FILE=xlitob
                                  ffc0b249  ffc0b355       10d
  __Litob
                                  ffc0b249       10d   func ,g         * 
FILE=xgetmem
                                  ffc0b356  ffc0b370        1b
  __Getmem
                                  ffc0b356        1b   func ,g         * 
FILE=xgenld
                                  ffc0b371  ffc0b621       2b1
  __Genld
                                  ffc0b371       2b1   func ,g         * 
FILE=xwctomb
                                  ffc0b622  ffc0b769       148
  __Wctombx
                                  ffc0b622       102   func ,g         * 
  __Wctomb
                                  ffc0b724        46   func ,g         * 
FILE=xstate
                                  ffc0b76a  ffc0b79b        32
  __Getmbcurmax
                                  ffc0b76a        16   func ,g         * 
  __Getpmbstate
                                  ffc0b780        1c   func ,g         * 
FILE=xldscale
                                  ffc0b79c  ffc0b79f         4
  __LDscale
                                  ffc0b79c         4   func ,g         * 
FILE=xldunsca
                                  ffc0b7a0  ffc0b7a3         4
  __LDunscale
                                  ffc0b7a0         4   func ,g         * 
FILE=__COM_MOD64u
                                  ffc0b7a4  ffc0b82a        87
  __COM_MOD64u
                                  ffc0b7a4         0   none ,g         * 
  _Loop_Init
                                  ffc0b7ae         0   none ,l         * 
  _Loop
                                  ffc0b7b2         0   none ,l         * 
  _DivStart
                                  ffc0b7be         0   none ,l         * 
  _Success
                                  ffc0b7cc         0   none ,l         * 
  _DivEnd
                                  ffc0b7d4         0   none ,l         * 
  IXI6DIV
                                  ffc0b7d5         0   none ,l         * 
  IXI4DIV
                                  ffc0b7e7         0   none ,l         * 
  IXI2DIV
                                  ffc0b7f7         0   none ,l         * 
  I8I2DIV
                                  ffc0b7ff         0   none ,l         * 
  I4I2DIV
                                  ffc0b81f         0   none ,l         * 
FILE=_div
                                  ffc0b82b  ffc0b836         c
  _ldiv
                                  ffc0b82b         0   none ,g         * 
  _div
                                  ffc0b82b         0   none ,g         * 
FILE=localeco
                                  ffc0b837  ffc0b83d         7
  _localeconv
                                  ffc0b837         7   func ,g         * 
FILE=xwcstate
                                  ffc0b83e  ffc0b859        1c
  __Getpwcstate
                                  ffc0b83e        1c   func ,g         * 
FILE=xfdscale
                                  ffc0b85a  ffc0b972       119
  __FDscale
                                  ffc0b85a       119   func ,g         * 
FILE=xfdunsca
                                  ffc0b973  ffc0b9ce        5c
  __FDunscale
                                  ffc0b973        5c   func ,g         * 
FILE=xfdnorm
                                  ffc0b9cf  ffc0ba37        69
  __FDnorm
                                  ffc0b9cf        69   func ,g         * 

SECTION=W_1
FILE=DefaultBuild\r_bsp_cpu.obj
                                  ffc0ba38  ffc0ba47        10
FILE=DefaultBuild\r_bsp_software_interrupt.obj
                                  ffc0ba48  ffc0ba54         d

SECTION=L
FILE=DefaultBuild\dbsct.obj
                                  ffc0ba58  ffc0ba5b         4
  _deadSpace
                                  ffc0ba58         4   data ,g         * 
FILE=DefaultBuild\lowsrc.obj
                                  ffc0ba5c  ffc0ba9d        42
FILE=DefaultBuild\r_ether_rx.obj
                                  ffc0baa0  ffc0bb5a        bb
FILE=DefaultBuild\r_dhcp_client.obj
                                  ffc0bb5c  ffc0bbcc        71
FILE=DefaultBuild\r_dns_client.obj
                                  ffc0bbd0  ffc0bbd1         2
FILE=DefaultBuild\EthernetProcess.obj
                                  ffc0bbd4  ffc0bea2       2cf
FILE=DefaultBuild\RX64M_MQTT.obj
                                  ffc0bea4  ffc0bf9c        f9
FILE=xprintf
                                  ffc0bfa0  ffc0bfa6         7
FILE=ether
                                  ffc0bfa8  ffc0bfb3         c
FILE=xldtob
                                  ffc0bfb4  ffc0bfd5        22
FILE=xgenld
                                  ffc0bfd8  ffc0bfd9         2
FILE=localeco
                                  ffc0bfdc  ffc0bfe8         d

SECTION=EXCEPTVECT
FILE=DefaultBuild\vecttbl.obj
                                  ffffff80  fffffffb        7c
  _Except_Vectors
                                  ffffff80        7c   data ,g         * 

SECTION=RESETVECT
FILE=DefaultBuild\vecttbl.obj
                                  fffffffc  ffffffff         4
  _Reset_Vector
                                  fffffffc         4   data ,g         * 

*** Unfilled Areas ***

AREA                                START    END

*** Delete Symbols ***

SYMBOL                                SIZE    INFO
